<area shape="rect" href="$classLaAnimalParameter.html#0ecd8de885a804229ae6b9c1b3307b4f" title="LaAnimalParameter::description" alt="" coords="440,5,645,29">
<area shape="rect" href="$classLaUtils.html#435911951413b858799a013a01b47586" title="LaUtils::getAvailableAnimalParameters" alt="" coords="419,104,667,128">
<area shape="rect" href="$classLaGuid.html#38e7b78e2ef37526ffb1bad6af4cf745" title="LaGuid::guid" alt="" coords="809,43,903,67">
<area shape="rect" href="$classLaAnimalParameter.html#804809c4c95b5964b705a962909ce613" title="LaAnimalParameter::name" alt="" coords="768,187,944,211">
<area shape="rect" href="$classLaSerialisable.html#2442a25a3044b53a6a34f1e2387d35c0" title="LaSerialisable::fromXmlFile" alt="" coords="767,91,945,115">
<area shape="rect" href="$classLaUtils.html#171ca0ae00f656744a5109fd66d49764" title="LaUtils::userAnimalParameterProfilesDirPath" alt="" coords="716,139,996,163">
<area shape="rect" href="$classLaSerialisable.html#442dee3c693fc9d4e180bbe319015a45" title="LaSerialisable::fromXml" alt="" coords="1045,91,1205,115">
