<area shape="rect" href="$classLaAnimal.html#139a9cb0f3ead8b63e5de09ea887eb09" title="LaAnimal::breedingExpectancy" alt="" coords="235,5,435,29">
<area shape="rect" href="$classLaAnimal.html#0e0be3aeffd1bd7e01fad6eabd127435" title="LaAnimal::deathRate" alt="" coords="264,53,405,77">
<area shape="rect" href="$classLaAnimal.html#a8d0331bd199fca790f88ab491ec99be" title="LaAnimal::estrousCycle" alt="" coords="255,101,415,125">
<area shape="rect" href="$classLaAnimal.html#bd2e2feff05f8cdc5c47524fbc5a6016" title="LaAnimal::gestating" alt="" coords="267,149,403,173">
<area shape="rect" href="$classLaAnimal.html#87182421ad69e1361460b1a9de1ef477" title="LaAnimal::gestationTime" alt="" coords="253,197,416,221">
<area shape="rect" href="$classLaUtils.html#31401524c3416531ef439851cd69cd21" title="LaUtils::getAnimal" alt="" coords="537,301,665,325">
<area shape="rect" href="$classLaAnimal.html#e1ff383858093056914370f969a2304a" title="LaAnimal::name" alt="" coords="797,252,912,276">
<area shape="rect" href="$classLaModel.html#818c8f0014d674d97bf64bf7330fa085" title="LaModel::getProductionTargetsAnimals" alt="" coords="211,397,459,421">
<area shape="rect" href="$classLaAnimal.html#b91d79421a1a113f463ced406e2b89e5" title="LaAnimal::killWeight" alt="" coords="532,202,671,226">
<area shape="rect" href="$classLaModel.html#0c721507f11831e4ddc824c700123635" title="LaModel::logMessage" alt="" coords="528,544,675,568">
<area shape="rect" href="$classLaAnimal.html#6dfb7834ca39edc82b12419273e4bd98" title="LaAnimal::meatFoodValue" alt="" coords="515,592,688,616">
<area shape="rect" href="$classLaAnimal.html#39c4b917e82cc0e55040ac3b7bb405db" title="LaAnimal::usableMeat" alt="" coords="527,640,676,664">
<area shape="rect" href="$classLaAnimal.html#2f81a4cfb201673bb23bfb9d1098c7b9" title="LaAnimal::weaningAge" alt="" coords="525,688,677,712">
<area shape="rect" href="$classLaAnimal.html#5869a81693b62d835fe18aa85e718817" title="LaAnimal::juvenile" alt="" coords="271,648,399,672">
<area shape="rect" href="$classLaAnimal.html#1b7b995f3263dfb8654956b21d4e0131" title="LaAnimal::youngPerBirth" alt="" coords="252,696,417,720">
<area shape="rect" href="$classLaSerialisable.html#2442a25a3044b53a6a34f1e2387d35c0" title="LaSerialisable::fromXmlFile" alt="" coords="765,301,944,325">
<area shape="rect" href="$classLaGuid.html#38e7b78e2ef37526ffb1bad6af4cf745" title="LaGuid::guid" alt="" coords="808,421,901,445">
<area shape="rect" href="$classLaUtils.html#4efbb82253462579bce5c3cf486a4d82" title="LaUtils::userAnimalProfilesDirPath" alt="" coords="744,349,965,373">
<area shape="rect" href="$classLaSerialisable.html#442dee3c693fc9d4e180bbe319015a45" title="LaSerialisable::fromXml" alt="" coords="1013,301,1173,325">
<area shape="rect" href="$classLaAnimal.html#d68b0eee8228151e81ba937c7715a300" title="LaAnimal::lactationTime" alt="" coords="521,496,681,520">
<area shape="rect" href="$classLaAnimal.html#60b8c9abf2c857227ea81d694eec18b6" title="LaAnimal::milkFoodValue" alt="" coords="517,349,685,373">
<area shape="rect" href="$classLaAnimal.html#918d84cabe24ef0714339a54b0663d3f" title="LaAnimal::milkGramsPerDay" alt="" coords="507,397,696,421">
