<area shape="rect" href="$classLaModel.html#e4d9b8377d7b2becccf6233c5d9090ac" title="LaModel::toHtml" alt="" coords="573,102,688,126">
<area shape="rect" href="$classLaCropParameter.html#b52169fb0bccc1185786d1dd322d074d" title="LaCropParameter::toHtml" alt="" coords="236,53,404,77">
<area shape="rect" href="$classLaCrop.html#2960c8c22c90719f6ebb965894d0a181" title="LaCrop::toHtml" alt="" coords="267,5,373,29">
<area shape="rect" href="$classLaAnimalParameter.html#1b1432c5a77a15ce847647c30656da88" title="LaAnimalParameter::toHtml" alt="" coords="229,200,411,224">
<area shape="rect" href="$classLaAnimal.html#cc54e505ab043f231614e33f0a69d8b5" title="LaAnimal::toHtml" alt="" coords="260,152,380,176">
<area shape="rect" href="$classLaModel.html#cccc514f51427f5f9f8dd2d7bb7e1a5b" title="LaModel::toHtmlAreaAnimalTargets" alt="" coords="207,248,433,272">
<area shape="rect" href="$classLaModel.html#642659ce7818ab6b66aff8396026906d" title="LaModel::toHtmlAreaCropTargets" alt="" coords="213,296,427,320">
<area shape="rect" href="$classLaModel.html#aac662ecc78a295253c3979e2b96d1a4" title="LaModel::toHtmlCalorieAnimalTargets" alt="" coords="200,344,440,368">
<area shape="rect" href="$classLaModel.html#80e3dab60470a6d264c22cc8c4fa30fd" title="LaModel::toHtmlCalorieCropTargets" alt="" coords="207,392,433,416">
<area shape="rect" href="$classLaModel.html#c969367346ed70d1a49d029d86ae4c81" title="LaModel::toHtmlProductionAnimalTargets" alt="" coords="189,440,451,464">
<area shape="rect" href="$classLaModel.html#774f3e7edd4c3d7f8ead5afa1f4cdda9" title="LaModel::toHtmlProductionCropTargets" alt="" coords="196,488,444,512">
<area shape="rect" href="$classLaModel.html#e752b12dc99a33adb76797b50c82e93f" title="LaModel::toText" alt="" coords="264,536,376,560">
<area shape="rect" href="$classLaCropParameter.html#451116ebef5db5d3e90d0745315bf055" title="LaCropParameter::toText" alt="" coords="237,584,403,608">
<area shape="rect" href="$classLaCrop.html#8501b1b27ee47a5cd10f87ac4dc1207f" title="LaCrop::toText" alt="" coords="268,632,372,656">
<area shape="rect" href="$classLaAnimalParameter.html#e5b66dbd8cc3acb917fc0d6a2ed271a3" title="LaAnimalParameter::toText" alt="" coords="231,680,409,704">
<area shape="rect" href="$classLaAnimal.html#8e5f66a8d9cf85011ee0b4985dc5ac4a" title="LaAnimal::toText" alt="" coords="261,728,379,752">
<area shape="rect" href="$classLaModel.html#2488f416161ae651a28e4a532936873d" title="LaModel::toXml" alt="" coords="264,776,376,800">
<area shape="rect" href="$classLaCropParameter.html#56fdfb4be0019ee04b50a23c5d7b82ee" title="LaCropParameter::toXml" alt="" coords="239,824,401,848">
<area shape="rect" href="$classLaCrop.html#d3fe49d1de45b2659dcc38be43cbc325" title="LaCrop::toXml" alt="" coords="268,872,372,896">
<area shape="rect" href="$classLaAnimalParameter.html#95c9fd177dddeae2dc847a675249bb67" title="LaAnimalParameter::toXml" alt="" coords="232,920,408,944">
<area shape="rect" href="$classLaAnimal.html#36528e9b240943496766e827424c2135" title="LaAnimal::toXml" alt="" coords="261,968,379,992">
<area shape="rect" href="$classLaMainForm.html#8e0c243ee7f8f01db73d7577f79bc55d" title="LaMainForm::showCropDefinitionReport" alt="" coords="505,29,756,53">
<area shape="rect" href="$classLaMainForm.html#8e0e3226dd89f0b6d9dfcbb3c75d83ca" title="LaMainForm::showAnimalDefinitionReport" alt="" coords="499,176,763,200">
<area shape="rect" href="$classLaCropManager.html#69a6331d3cdc279d2d1e2094d59c5962" title="LaCropManager::refreshCropTable" alt="" coords="521,632,740,656">
<area shape="rect" href="$classLaCropManager.html#d67b73f7c7032655cef1da1899f6b576" title="LaCropManager::LaCropManager" alt="" coords="824,632,1035,656">
<area shape="rect" href="$classLaAnimalManager.html#142bab8a1ce1cf043a11b6b9a2334dbd" title="LaAnimalManager::refreshAnimalTable" alt="" coords="509,728,752,752">
<area shape="rect" href="$classLaAnimalManager.html#d77670b68efa77e6ca529ffe427b7507" title="LaAnimalManager::LaAnimalManager" alt="" coords="811,728,1048,752">
