<area shape="rect" href="$classLaGrass.html#bb76755a83100538ade98e722ea2096b" title="LaGrass::copyMap" alt="" coords="248,5,379,29">
<area shape="rect" href="$classLaGrass.html#9e1c66fb3127d7e80749b0d595cf8def" title="LaGrass::createCombinedMask" alt="" coords="212,53,415,77">
<area shape="rect" href="$classLaGrass.html#57f282164d31a59eecc8116a43caf392" title="LaGrass::createInverseMask" alt="" coords="548,79,737,103">
<area shape="rect" href="$classLaGrass.html#311655ccab978b9f745e63957096c8cc" title="LaGrass::createFrictionMap" alt="" coords="223,152,404,176">
<area shape="rect" href="$classLaGrass.html#f4a9149ac2e288bcb8bff22b80fd148a" title="LaGrass::createMask" alt="" coords="240,200,387,224">
<area shape="rect" href="$classLaGrass.html#edb07793b9a69408df544fa0d0c93a18" title="LaGrass::getArea" alt="" coords="252,248,375,272">
<area shape="rect" href="$classLaGrass.html#333d63b771c598f5c5f571885dbae9f5" title="LaGrass::getMapsetList" alt="" coords="233,344,393,368">
<area shape="rect" href="$classLaGrass.html#0a978a93b568b6fc75053f92f1abb6c4" title="LaGrass::getRasterList" alt="" coords="236,296,391,320">
<area shape="rect" href="$classLaGrass.html#55adc32ef99da90ca70ed8f06a85fe26" title="LaGrass::makeWalkCost" alt="" coords="231,392,396,416">
<area shape="rect" href="$classLaGrass.html#58f3229f435388fc05267f1c6b574c6d" title="LaGrass::mergeMaps" alt="" coords="569,465,716,489">
<area shape="rect" href="$classLaGrass.html#f533ba5d69337482a5d2097f3a08ec22" title="LaGrass::reclass" alt="" coords="253,539,373,563">
<area shape="rect" href="$classLaGrass.html#ca803735a2b84afd299adc9ccd8d87e0" title="LaGrass::removeFile" alt="" coords="243,440,384,464">
<area shape="rect" href="$classLaGrass.html#5e15e665a98c13027777f07bf2879ac8" title="LaGrass::runCommand" alt="" coords="236,587,391,611">
<area shape="rect" href="$classLaAnimalParameterManager.html#741afc2ceb5a2fefdc8157ff0139c299" title="LaAnimalParameterManager::LaAnimalParameterManager" alt="" coords="464,272,821,296">
<area shape="rect" href="$classLaCropParameterManager.html#2d482f07c62d895adc8a3d60567d1cee" title="LaCropParameterManager::LaCropParameterManager" alt="" coords="477,320,808,344">
<area shape="rect" href="$classLaMainForm.html#5fcf455c03090d2dc518b6b8bd8f07a2" title="LaMainForm::LaMainForm" alt="" coords="556,368,729,392">
