<area shape="rect" href="$classLaModel.html#d050dcca8d5f1efb68b1c84ccee13cb9" title="LaModel::caloriesFromTameMeat" alt="" coords="324,101,537,125">
<area shape="rect" href="$classLaModel.html#0c721507f11831e4ddc824c700123635" title="LaModel::logMessage" alt="" coords="671,5,817,29">
<area shape="rect" href="$classLaUtils.html#fd9d58e854e54a9ce823ebe0b177471f" title="LaUtils::getAnimalParameter" alt="" coords="337,245,524,269">
<area shape="rect" href="$classLaGuid.html#38e7b78e2ef37526ffb1bad6af4cf745" title="LaGuid::guid" alt="" coords="697,197,791,221">
<area shape="rect" href="$classLaAnimalParameter.html#804809c4c95b5964b705a962909ce613" title="LaAnimalParameter::name" alt="" coords="656,341,832,365">
<area shape="rect" href="$classLaAnimalParameter.html#7686aa9ee4ae4f34f5142eaa09e2b3ca" title="LaAnimalParameter::percentTameMeat" alt="" coords="307,344,555,368">
<area shape="rect" href="$classLaModel.html#f51e2921774ebf65f70c3e157cf10d01" title="LaModel::dietPercent" alt="" coords="672,53,816,77">
<area shape="rect" href="$classLaModel.html#523b5998f5711535060f4eede5a2d159" title="LaModel::meatPercent" alt="" coords="668,101,820,125">
<area shape="rect" href="$classLaModel.html#82e83e5e8e30e81d4a4ccb5f5a1ba966" title="LaModel::population" alt="" coords="676,149,812,173">
<area shape="rect" href="$classLaSerialisable.html#2442a25a3044b53a6a34f1e2387d35c0" title="LaSerialisable::fromXmlFile" alt="" coords="655,245,833,269">
<area shape="rect" href="$classLaUtils.html#171ca0ae00f656744a5109fd66d49764" title="LaUtils::userAnimalParameterProfilesDirPath" alt="" coords="604,293,884,317">
<area shape="rect" href="$classLaSerialisable.html#442dee3c693fc9d4e180bbe319015a45" title="LaSerialisable::fromXml" alt="" coords="933,245,1093,269">
