<area shape="rect" href="$classLaModel.html#7a26875101f02cca40f0067ce79a720c" title="LaModel::baseOnPlants" alt="" coords="208,6,368,30">
<area shape="rect" href="$classLaModel.html#c063d897237188597e5e260dc13f408b" title="LaModel::caloriesPerPersonDaily" alt="" coords="181,54,395,78">
<area shape="rect" href="$classLaModel.html#b27d7898f657bbc5c2ce2650f82e0b19" title="LaModel::dairyUtilisation" alt="" coords="207,102,369,126">
<area shape="rect" href="$classLaModel.html#59936c4bcc0c289efc988e53e90ff0b8" title="LaModel::dietPercent" alt="" coords="216,150,360,174">
<area shape="rect" href="$classLaModel.html#6b5c5a4540f10da757cff1e6d50c6016" title="LaModel::easting" alt="" coords="228,198,348,222">
<area shape="rect" href="$classLaModel.html#a8af1465f27ab9c4c84eff025d1ebec6" title="LaModel::euclideanDistance" alt="" coords="196,246,380,270">
<area shape="rect" href="$classLaModel.html#65a1db482e8083a618792380bb141457" title="LaModel::fallowRatio" alt="" coords="217,294,359,318">
<area shape="rect" href="$classLaModel.html#48b3d8f5acd812b23d12dc5c99f160d9" title="LaModel::fallowStatus" alt="" coords="213,342,363,366">
<area shape="rect" href="$classLaGuid.html#38e7b78e2ef37526ffb1bad6af4cf745" title="LaGuid::guid" alt="" coords="241,390,335,414">
<area shape="rect" href="$classLaModel.html#8a3504ddb9688e7ebc2894bed050c158" title="LaModel::includeDairy" alt="" coords="213,438,363,462">
<area shape="rect" href="$classLaModel.html#71eff95f1d75be330c14957cd569692b" title="LaModel::limitDairy" alt="" coords="223,486,353,510">
<area shape="rect" href="$classLaModel.html#d621a5e051a0f155c994842349678cd9" title="LaModel::limitDairyPercent" alt="" coords="200,534,376,558">
<area shape="rect" href="$classLaModel.html#0da589c8a73559481abcf5fb2a984203" title="LaModel::meatPercent" alt="" coords="212,582,364,606">
<area shape="rect" href="$classLaModel.html#c1d618bf0cae1fbc9a3b21e4dcdce181" title="LaModel::name" alt="" coords="233,630,343,654">
<area shape="rect" href="$classLaModel.html#dca3a12fed87c42da7d5b9b61acbee55" title="LaModel::northing" alt="" coords="227,678,349,702">
<area shape="rect" href="$classLaModel.html#4fef86605768f148ac9a59378625cca2" title="LaModel::pathDistance" alt="" coords="211,726,365,750">
<area shape="rect" href="$classLaModel.html#bccef964e0d7fe07cd48d7f409a1882f" title="LaModel::period" alt="" coords="232,774,344,798">
<area shape="rect" href="$classLaModel.html#655ae1b119e8f135e9483fffbb4a605d" title="LaModel::plantPercent" alt="" coords="212,822,364,846">
<area shape="rect" href="$classLaModel.html#4afba451ed7a14fb5cc79f48593ce0db" title="LaModel::population" alt="" coords="220,870,356,894">
<area shape="rect" href="$classLaModel.html#99daa507178a3f0c4c5d846fe0191449" title="LaModel::precision" alt="" coords="223,918,353,942">
<area shape="rect" href="$classLaModel.html#3919ccc02245e6f79e42d48e4eed6c87" title="LaModel::projection" alt="" coords="221,966,355,990">
<area shape="rect" href="$classLaGuid.html#baf1a3fdc9aad8f76c1c0f8175fd5591" title="LaGuid::setGuid" alt="" coords="231,1014,345,1038">
<area shape="rect" href="$classLaModel.html#09f993150716c2b466c4794ae86a5c3a" title="LaModel::walkingTime" alt="" coords="213,1062,363,1086">
