<area shape="rect" href="$classLaUtils.html#31401524c3416531ef439851cd69cd21" title="LaUtils::getAnimal" alt="" coords="315,254,443,278">
<area shape="rect" href="$classLaUtils.html#aa01841fb18f566d8c2668fe5de5fc44" title="LaUtils::getAvailableAnimals" alt="" coords="285,494,472,518">
<area shape="rect" href="$classLaAnimalManager.html#42aee2965f1ea01c7d8976b2d69d1b30" title="LaAnimalManager::selectAnimal" alt="" coords="275,542,483,566">
<area shape="rect" href="$classLaModel.html#26b9bb0973294e864b680633f27fce75" title="LaModel::allocateFallowGrazingLand" alt="" coords="939,134,1171,158">
<area shape="rect" href="$classLaModel.html#26468813ff982728d6fac9113cdd4820" title="LaModel::doCalcsAnimalsFirstIncludeDiary" alt="" coords="575,86,844,110">
<area shape="rect" href="$classLaModel.html#cfbb7356ab0f8dd2b178526fa977d498" title="LaModel::doTheFallowAllocation" alt="" coords="605,134,813,158">
<area shape="rect" href="$classLaModel.html#c47f52d9396911df5a20719079050504" title="LaModel::getAreaTargetsAnimalsMapAFID" alt="" coords="576,182,843,206">
<area shape="rect" href="$classLaModel.html#e90ca11c6e7440eba6c4a40937f2f2e0" title="LaModel::requiredValue" alt="" coords="632,230,787,254">
<area shape="rect" href="$classLaModel.html#e4d9b8377d7b2becccf6233c5d9090ac" title="LaModel::toHtml" alt="" coords="652,278,767,302">
<area shape="rect" href="$classLaModel.html#cccc514f51427f5f9f8dd2d7bb7e1a5b" title="LaModel::toHtmlAreaAnimalTargets" alt="" coords="596,326,823,350">
<area shape="rect" href="$classLaModel.html#aac662ecc78a295253c3979e2b96d1a4" title="LaModel::toHtmlCalorieAnimalTargets" alt="" coords="589,374,829,398">
<area shape="rect" href="$classLaModel.html#c969367346ed70d1a49d029d86ae4c81" title="LaModel::toHtmlProductionAnimalTargets" alt="" coords="579,422,840,446">
<area shape="rect" href="$classLaAnimalParameterManager.html#741afc2ceb5a2fefdc8157ff0139c299" title="LaAnimalParameterManager::LaAnimalParameterManager" alt="" coords="531,470,888,494">
<area shape="rect" href="$classLaAssemblageConversion.html#01d405aee2b2554cee9df16e8d79ceae" title="LaAssemblageConversion::LaAssemblageConversion" alt="" coords="544,518,875,542">
<area shape="rect" href="$classLaAnimalManager.html#142bab8a1ce1cf043a11b6b9a2334dbd" title="LaAnimalManager::refreshAnimalTable" alt="" coords="588,566,831,590">
<area shape="rect" href="$classLaAnimalManager.html#d77670b68efa77e6ca529ffe427b7507" title="LaAnimalManager::LaAnimalManager" alt="" coords="936,566,1173,590">
