<area shape="rect" href="$classLaCrop.html#27e74feb20bedbd9bcb04ca4bf55dd23" title="LaCrop::areaUnits" alt="" coords="293,6,419,30">
<area shape="rect" href="$classLaUtils.html#f9905e9c760579e459e90d8fdb5c534d" title="LaUtils::convertAreaToHectares" alt="" coords="253,54,459,78">
<area shape="rect" href="$classLaCrop.html#b4a2b996ac4e1a48e65e2b30bfb9bcf1" title="LaCrop::cropYield" alt="" coords="295,102,417,126">
<area shape="rect" href="$classLaCropParameter.html#dddc142e0b01d6e2da81d050b68aa774" title="LaCropParameter::fallowRatio" alt="" coords="260,150,452,174">
<area shape="rect" href="$classLaUtils.html#7f444ecadda6970730d87db2d166091e" title="LaUtils::getCrop" alt="" coords="299,248,413,272">
<area shape="rect" href="$classLaGuid.html#38e7b78e2ef37526ffb1bad6af4cf745" title="LaGuid::guid" alt="" coords="595,226,688,250">
<area shape="rect" href="$classLaCrop.html#e2c84ed6c0c693b3edc22e0de658c275" title="LaCrop::name" alt="" coords="591,274,692,298">
<area shape="rect" href="$classLaUtils.html#946206fd47158b870a8f0caa1235d693" title="LaUtils::getCropParameter" alt="" coords="269,347,443,371">
<area shape="rect" href="$classLaModel.html#0c721507f11831e4ddc824c700123635" title="LaModel::logMessage" alt="" coords="283,395,429,419">
<area shape="rect" href="$classLaSerialisable.html#2442a25a3044b53a6a34f1e2387d35c0" title="LaSerialisable::fromXmlFile" alt="" coords="552,322,731,346">
<area shape="rect" href="$classLaUtils.html#fc911327dedf1b19d1e8d00dc6566cc7" title="LaUtils::userCropProfilesDirPath" alt="" coords="537,178,745,202">
<area shape="rect" href="$classLaSerialisable.html#442dee3c693fc9d4e180bbe319015a45" title="LaSerialisable::fromXml" alt="" coords="824,322,984,346">
<area shape="rect" href="$classLaCropParameter.html#5d878c97131022b992c21233c666bb77" title="LaCropParameter::name" alt="" coords="560,370,723,394">
<area shape="rect" href="$classLaUtils.html#3804a131bf6eb30e3697a14cf378a719" title="LaUtils::userCropParameterProfilesDirPath" alt="" coords="508,418,775,442">
