<area shape="rect" href="$classLaCropParameter.html#352d07db810789022c747cea40906e26" title="LaCropParameter::description" alt="" coords="413,5,605,29">
<area shape="rect" href="$classLaUtils.html#d50cf3269efc4c7298768ce78b56c610" title="LaUtils::getAvailableCropParameters" alt="" coords="392,104,627,128">
<area shape="rect" href="$classLaGuid.html#38e7b78e2ef37526ffb1bad6af4cf745" title="LaGuid::guid" alt="" coords="763,43,856,67">
<area shape="rect" href="$classLaCropParameter.html#5d878c97131022b992c21233c666bb77" title="LaCropParameter::name" alt="" coords="728,187,891,211">
<area shape="rect" href="$classLaSerialisable.html#2442a25a3044b53a6a34f1e2387d35c0" title="LaSerialisable::fromXmlFile" alt="" coords="720,91,899,115">
<area shape="rect" href="$classLaUtils.html#3804a131bf6eb30e3697a14cf378a719" title="LaUtils::userCropParameterProfilesDirPath" alt="" coords="676,139,943,163">
<area shape="rect" href="$classLaSerialisable.html#442dee3c693fc9d4e180bbe319015a45" title="LaSerialisable::fromXml" alt="" coords="992,91,1152,115">
