<area shape="rect" href="$classLaAnimalParameter.html#f93afb503c0851655e7caf842df6176c" title="LaAnimalParameter::animalGuid" alt="" coords="359,6,567,30">
<area shape="rect" href="$classLaAnimalParameter.html#b53e305893eef3660546f6bcd401a5c7" title="LaAnimalParameter::areaUnits" alt="" coords="364,54,561,78">
<area shape="rect" href="$classLaAnimalParameter.html#0ecd8de885a804229ae6b9c1b3307b4f" title="LaAnimalParameter::description" alt="" coords="360,102,565,126">
<area shape="rect" href="$classLaAnimalParameter.html#ea795f19ae67ec6f21a1e6cebbae170e" title="LaAnimalParameter::energyType" alt="" coords="357,150,568,174">
<area shape="rect" href="$classLaAnimalParameter.html#1b5e496bcf70721325d7807c9e25c908" title="LaAnimalParameter::fallowUsage" alt="" coords="356,198,569,222">
<area shape="rect" href="$classLaAnimalParameter.html#5044c66b15a5b118ff677fbaf6a5e45c" title="LaAnimalParameter::fodderSourceMap" alt="" coords="340,246,585,270">
<area shape="rect" href="$classLaAnimalParameter.html#1a5493b41223ba963b8a4d5af0d393f2" title="LaAnimalParameter::fodderUse" alt="" coords="361,294,564,318">
<area shape="rect" href="$classLaGuid.html#38e7b78e2ef37526ffb1bad6af4cf745" title="LaGuid::guid" alt="" coords="416,342,509,366">
<area shape="rect" href="$classLaAnimalParameter.html#804809c4c95b5964b705a962909ce613" title="LaAnimalParameter::name" alt="" coords="375,390,551,414">
<area shape="rect" href="$classLaAnimalParameter.html#7686aa9ee4ae4f34f5142eaa09e2b3ca" title="LaAnimalParameter::percentTameMeat" alt="" coords="339,438,587,462">
<area shape="rect" href="$classLaAnimalParameter.html#0ff303031b6a45f002a62c6a72907142" title="LaAnimalParameter::rasterName" alt="" coords="357,486,568,510">
<area shape="rect" href="$classLaAnimalParameter.html#518838c7b95808df6f7d3f4642bf4e62" title="LaAnimalParameter::setAnimalGuid" alt="" coords="349,534,576,558">
<area shape="rect" href="$classLaGuid.html#baf1a3fdc9aad8f76c1c0f8175fd5591" title="LaGuid::setGuid" alt="" coords="405,582,520,606">
<area shape="rect" href="$classLaAnimalParameter.html#d381279265cd0f7f53f2d208af813cd0" title="LaAnimalParameter::useCommonGrazingLand" alt="" coords="319,630,607,654">
<area shape="rect" href="$classLaAnimalParameter.html#f06a775f728df644c236ca850576efdd" title="LaAnimalParameter::useSpecificGrazingLand" alt="" coords="321,678,604,702">
<area shape="rect" href="$classLaAnimalParameter.html#38e32ddacce563fe0b46047dc6922e19" title="LaAnimalParameter::ValueCommonGrazingLand" alt="" coords="313,726,612,750">
<area shape="rect" href="$classLaAnimalParameter.html#198b813dfa139c639df2bf4198b56c1d" title="LaAnimalParameter::ValueSpecificGrazingLand" alt="" coords="315,774,611,798">
