<area shape="rect" href="$classLaCrop.html#db3e85a83d30d610bf5adeb1a5db16f1" title="LaCrop::cropCalories" alt="" coords="340,5,481,29">
<area shape="rect" href="$classLaAnimalParameter.html#5044c66b15a5b118ff677fbaf6a5e45c" title="LaAnimalParameter::fodderSourceMap" alt="" coords="288,53,533,77">
<area shape="rect" href="$classLaUtils.html#7f444ecadda6970730d87db2d166091e" title="LaUtils::getCrop" alt="" coords="353,152,468,176">
<area shape="rect" href="$classLaGuid.html#38e7b78e2ef37526ffb1bad6af4cf745" title="LaGuid::guid" alt="" coords="639,80,732,104">
<area shape="rect" href="$classLaCrop.html#e2c84ed6c0c693b3edc22e0de658c275" title="LaCrop::name" alt="" coords="635,224,736,248">
<area shape="rect" href="$classLaFoodSource.html#274a5cf516839980ae123dd93b6d6c3a" title="LaFoodSource::grain" alt="" coords="340,251,481,275">
<area shape="rect" href="$classLaModel.html#0c721507f11831e4ddc824c700123635" title="LaModel::logMessage" alt="" coords="337,299,484,323">
<area shape="rect" href="$classLaSerialisable.html#2442a25a3044b53a6a34f1e2387d35c0" title="LaSerialisable::fromXmlFile" alt="" coords="596,128,775,152">
<area shape="rect" href="$classLaUtils.html#fc911327dedf1b19d1e8d00dc6566cc7" title="LaUtils::userCropProfilesDirPath" alt="" coords="581,176,789,200">
<area shape="rect" href="$classLaSerialisable.html#442dee3c693fc9d4e180bbe319015a45" title="LaSerialisable::fromXml" alt="" coords="837,128,997,152">
