<area shape="rect" href="$classLaModel.html#26b9bb0973294e864b680633f27fce75" title="LaModel::allocateFallowGrazingLand" alt="" coords="503,142,735,166">
<area shape="rect" href="$classLaModel.html#26468813ff982728d6fac9113cdd4820" title="LaModel::doCalcsAnimalsFirstIncludeDiary" alt="" coords="183,94,452,118">
<area shape="rect" href="$classLaModel.html#cfbb7356ab0f8dd2b178526fa977d498" title="LaModel::doTheFallowAllocation" alt="" coords="213,142,421,166">
<area shape="rect" href="$classLaModel.html#c47f52d9396911df5a20719079050504" title="LaModel::getAreaTargetsAnimalsMapAFID" alt="" coords="184,190,451,214">
<area shape="rect" href="$classLaModel.html#e90ca11c6e7440eba6c4a40937f2f2e0" title="LaModel::requiredValue" alt="" coords="240,238,395,262">
<area shape="rect" href="$classLaModel.html#e4d9b8377d7b2becccf6233c5d9090ac" title="LaModel::toHtml" alt="" coords="260,286,375,310">
<area shape="rect" href="$classLaModel.html#cccc514f51427f5f9f8dd2d7bb7e1a5b" title="LaModel::toHtmlAreaAnimalTargets" alt="" coords="204,334,431,358">
<area shape="rect" href="$classLaModel.html#aac662ecc78a295253c3979e2b96d1a4" title="LaModel::toHtmlCalorieAnimalTargets" alt="" coords="197,382,437,406">
<area shape="rect" href="$classLaModel.html#c969367346ed70d1a49d029d86ae4c81" title="LaModel::toHtmlProductionAnimalTargets" alt="" coords="187,430,448,454">
