<area shape="rect" href="$laanimalparametermanager_8cpp.html" title="dev/cpp/landuseanalyst/src/gui/laanimalparametermanager.cpp" alt="" coords="4208,380,4592,404">
<area shape="rect" href="$laassemblageconversion_8cpp.html" title="dev/cpp/landuseanalyst/src/gui/laassemblageconversion.cpp" alt="" coords="5556,380,5929,404">
<area shape="rect" href="$la_8h.html" title="dev/cpp/landuseanalyst/src/lib/la.h" alt="" coords="3724,81,3945,105">
<area shape="rect" href="$laanimalparameter_8cpp.html" title="dev/cpp/landuseanalyst/src/lib/laanimalparameter.cpp" alt="" coords="5885,305,6216,329">
<area shape="rect" href="$laanimalparameter_8h.html" title="dev/cpp/landuseanalyst/src/lib/laanimalparameter.h" alt="" coords="4309,156,4627,180">
<area shape="rect" href="$lafoodsource_8cpp.html" title="dev/cpp/landuseanalyst/src/lib/lafoodsource.cpp" alt="" coords="6443,81,6741,105">
<area shape="rect" href="$lamainform_8h.html" title="dev/cpp/landuseanalyst/src/gui/lamainform.h" alt="" coords="3467,305,3747,329">
<area shape="rect" href="$lamainform_8cpp.html" title="dev/cpp/landuseanalyst/src/gui/lamainform.cpp" alt="" coords="3529,454,3823,478">
<area shape="rect" href="$lamodelreports_8cpp.html" title="dev/cpp/landuseanalyst/src/gui/lamodelreports.cpp" alt="" coords="2576,454,2891,478">
<area shape="rect" href="$lagrassprocess_8h.html" title="dev/cpp/landuseanalyst/src/gui/lagrassprocess.h" alt="" coords="3037,305,3341,329">
<area shape="rect" href="$laanimal_8h.html" title="dev/cpp/landuseanalyst/src/lib/laanimal.h" alt="" coords="2728,156,2987,180">
<area shape="rect" href="$lautils_8h.html" title="dev/cpp/landuseanalyst/src/lib/lautils.h" alt="" coords="2548,230,2793,254">
<area shape="rect" href="$lagrass_8cpp.html" title="dev/cpp/landuseanalyst/src/lib/lagrass.cpp" alt="" coords="93,305,360,329">
<area shape="rect" href="$lagrassprocesslib_8cpp.html" title="dev/cpp/landuseanalyst/src/lib/lagrassprocesslib.cpp" alt="" coords="3923,305,4251,329">
<area shape="rect" href="$lamodel_8cpp.html" title="dev/cpp/landuseanalyst/src/lib/lamodel.cpp" alt="" coords="4608,305,4880,329">
<area shape="rect" href="$lautils_8cpp.html" title="dev/cpp/landuseanalyst/src/lib/lautils.cpp" alt="" coords="384,305,643,329">
<area shape="rect" href="$lacrop_8h.html" title="dev/cpp/landuseanalyst/src/lib/lacrop.h" alt="" coords="1845,156,2093,180">
<area shape="rect" href="$lacropparameter_8h.html" title="dev/cpp/landuseanalyst/src/lib/lacropparameter.h" alt="" coords="1092,156,1396,180">
<area shape="rect" href="$lagrassprocesslib_8h.html" title="dev/cpp/landuseanalyst/src/lib/lagrassprocesslib.h" alt="" coords="3923,230,4235,254">
<area shape="rect" href="$lamodel_8h.html" title="dev/cpp/landuseanalyst/src/lib/lamodel.h" alt="" coords="4765,230,5021,254">
<area shape="rect" href="$lagrassprocess_8cpp.html" title="dev/cpp/landuseanalyst/src/gui/lagrassprocess.cpp" alt="" coords="2157,380,2475,404">
<area shape="rect" href="$lamodelreports_8h.html" title="dev/cpp/landuseanalyst/src/gui/lamodelreports.h" alt="" coords="3883,380,4184,404">
<area shape="rect" href="$main_8cpp.html" title="dev/cpp/landuseanalyst/src/gui/main.cpp" alt="" coords="3380,380,3639,404">
<area shape="rect" href="$laanimalmanager_8h.html" title="dev/cpp/landuseanalyst/src/gui/laanimalmanager.h" alt="" coords="2701,305,3013,329">
<area shape="rect" href="$laanimal_8cpp.html" title="dev/cpp/landuseanalyst/src/lib/laanimal.cpp" alt="" coords="1827,305,2101,329">
<area shape="rect" href="$laanimalmanager_8cpp.html" title="dev/cpp/landuseanalyst/src/gui/laanimalmanager.cpp" alt="" coords="2888,380,3216,404">
<area shape="rect" href="$laanimalparametermanager_8h.html" title="dev/cpp/landuseanalyst/src/gui/laanimalparametermanager.h" alt="" coords="5005,305,5376,329">
<area shape="rect" href="$laassemblageconversion_8h.html" title="dev/cpp/landuseanalyst/src/gui/laassemblageconversion.h" alt="" coords="5451,305,5811,329">
<area shape="rect" href="$lacropmanager_8h.html" title="dev/cpp/landuseanalyst/src/gui/lacropmanager.h" alt="" coords="2277,305,2576,329">
<area shape="rect" href="$lacropmanager_8cpp.html" title="dev/cpp/landuseanalyst/src/gui/lacropmanager.cpp" alt="" coords="2549,380,2864,404">
<area shape="rect" href="$lacropparametermanager_8h.html" title="dev/cpp/landuseanalyst/src/gui/lacropparametermanager.h" alt="" coords="1008,305,1365,329">
<area shape="rect" href="$lacropparametermanager_8cpp.html" title="dev/cpp/landuseanalyst/src/gui/lacropparametermanager.cpp" alt="" coords="1224,380,1595,404">
<area shape="rect" href="$lacrop_8cpp.html" title="dev/cpp/landuseanalyst/src/lib/lacrop.cpp" alt="" coords="1541,305,1803,329">
<area shape="rect" href="$lacropparameter_8cpp.html" title="dev/cpp/landuseanalyst/src/lib/lacropparameter.cpp" alt="" coords="667,305,984,329">
<area shape="rect" href="$lamodeltest_8cpp.html" title="dev/cpp/landuseanalyst/src/tests/lamodeltest.cpp" alt="" coords="4275,305,4584,329">
