<area shape="rect" href="$laanimalparametermanager_8cpp.html" title="dev/cpp/landuseanalyst/src/gui/laanimalparametermanager.cpp" alt="" coords="5,82,389,106">
<area shape="rect" href="$laassemblageconversion_8cpp.html" title="dev/cpp/landuseanalyst/src/gui/laassemblageconversion.cpp" alt="" coords="413,82,787,106">
<area shape="rect" href="$lagrassprocess_8cpp.html" title="dev/cpp/landuseanalyst/src/gui/lagrassprocess.cpp" alt="" coords="811,82,1128,106">
<area shape="rect" href="$lamainform_8cpp.html" title="dev/cpp/landuseanalyst/src/gui/lamainform.cpp" alt="" coords="1019,156,1312,180">
<area shape="rect" href="$lamodelreports_8h.html" title="dev/cpp/landuseanalyst/src/gui/lamodelreports.h" alt="" coords="1203,82,1504,106">
<area shape="rect" href="$main_8cpp.html" title="dev/cpp/landuseanalyst/src/gui/main.cpp" alt="" coords="1528,82,1787,106">
<area shape="rect" href="$lamodelreports_8cpp.html" title="dev/cpp/landuseanalyst/src/gui/lamodelreports.cpp" alt="" coords="1336,156,1651,180">
