<area shape="rect" href="$r581Tag_2src_2lib_2lautils_8h.html" title="lautils.h" alt="" coords="413,82,480,106">
<area shape="rect" href="$r581Tag_2src_2lib_2laanimalparameter_8cpp.html" title="laanimalparameter.cpp" alt="" coords="5,156,157,180">
<area shape="rect" href="$r581Tag_2src_2lib_2lacrop_8cpp.html" title="lacrop.cpp" alt="" coords="181,156,261,180">
<area shape="rect" href="$r581Tag_2src_2lib_2lautils_8cpp.html" title="lautils.cpp" alt="" coords="963,156,1043,180">
<area shape="rect" href="$r581Tag_2src_2lib_2laanimal_8cpp.html" title="laanimal.cpp" alt="" coords="400,156,493,180">
<area shape="rect" href="$r581Tag_2src_2lib_2lacropparameter_8cpp.html" title="lacropparameter.cpp" alt="" coords="517,156,656,180">
<area shape="rect" href="$r581Tag_2src_2lib_2lagrass_8cpp.html" title="lagrass.cpp" alt="" coords="680,156,768,180">
<area shape="rect" href="$r581Tag_2src_2lib_2lagrassprocesslib_8cpp.html" title="lagrassprocesslib.cpp" alt="" coords="792,156,939,180">
<area shape="rect" href="$r581Tag_2src_2lib_2lamodel_8cpp.html" title="lamodel.cpp" alt="" coords="285,156,376,180">
