<area shape="rect" href="$src_2gui_2laanimalmanager_8h.html" title="../../../src/gui/laanimalmanager.h" alt="" coords="1611,81,1819,105">
<area shape="rect" href="$r581Tag_2src_2gui_2ui__laanimalmanagerbase_8h.html" title="ui_laanimalmanagerbase.h" alt="" coords="1305,156,1481,180">
<area shape="rect" href="$src608_2lib_2laanimal_8h.html" title="laanimal.h" alt="" coords="2512,230,2592,254">
<area shape="rect" href="$src608_2lib_2lautils_8h.html" title="lautils.h" alt="" coords="2811,156,2877,180">
<area shape="rect" href="$src608_2lib_2laserialisable_8h.html" title="laserialisable.h" alt="" coords="2627,305,2733,329">
<area shape="rect" href="$src608_2lib_2laguid_8h.html" title="laguid.h" alt="" coords="2536,305,2603,329">
<area shape="rect" href="$src608_2lib_2la_8h.html" title="la.h" alt="" coords="2808,305,2851,329">
<area shape="rect" href="$src608_2lib_2lafoodsource_8h.html" title="lafoodsource.h" alt="" coords="2868,380,2975,404">
<area shape="rect" href="$src608_2lib_2lacrop_8h.html" title="lacrop.h" alt="" coords="2616,230,2683,254">
<area shape="rect" href="$src608_2lib_2laanimalparameter_8h.html" title="laanimalparameter.h" alt="" coords="2853,230,2989,254">
<area shape="rect" href="$src608_2lib_2lacropparameter_8h.html" title="lacropparameter.h" alt="" coords="2707,230,2829,254">
