<area shape="rect" href="$src_2gui_2lacropmanager_8h.html" title="lacropmanager.h" alt="" coords="387,82,501,106">
<area shape="rect" href="$r581Tag_2src_2gui_2lacropmanager_8h.html" title="lacropmanager.h" alt="" coords="747,82,861,106">
<area shape="rect" href="$src608_2gui_2lacropmanager_8h.html" title="lacropmanager.h" alt="" coords="963,82,1077,106">
<area shape="rect" href="$build_2src_2gui_2moc__lacropmanager_8cxx.html" title="moc_lacropmanager.cxx" alt="" coords="5,156,168,180">
<area shape="rect" href="$r581Tag_2src_2gui_2moc__lacropmanager_8cxx.html" title="moc_lacropmanager.cxx" alt="" coords="192,156,355,180">
<area shape="rect" href="$src_2gui_2lacropmanager_8cpp.html" title="lacropmanager.cpp" alt="" coords="379,156,509,180">
<area shape="rect" href="$src_2gui_2lamainform_8cpp.html" title="lamainform.cpp" alt="" coords="533,156,643,180">
<area shape="rect" href="$r581Tag_2src_2gui_2lacropmanager_8cpp.html" title="lacropmanager.cpp" alt="" coords="667,156,797,180">
<area shape="rect" href="$r581Tag_2src_2gui_2lamainform_8cpp.html" title="lamainform.cpp" alt="" coords="821,156,931,180">
<area shape="rect" href="$src608_2gui_2lacropmanager_8cpp.html" title="lacropmanager.cpp" alt="" coords="955,156,1085,180">
<area shape="rect" href="$src608_2gui_2lamainform_8cpp.html" title="lamainform.cpp" alt="" coords="1109,156,1219,180">
