<area shape="rect" href="$src608_2gui_2lagrassprocess_8h.html" title="lagrassprocess.h" alt="" coords="733,81,853,105">
<area shape="rect" href="$src608_2lib_2lautils_8h.html" title="lautils.h" alt="" coords="524,156,591,180">
<area shape="rect" href="$src608_2lib_2laanimal_8h.html" title="laanimal.h" alt="" coords="203,230,283,254">
<area shape="rect" href="$src608_2lib_2lacrop_8h.html" title="lacrop.h" alt="" coords="453,230,520,254">
<area shape="rect" href="$src608_2lib_2laanimalparameter_8h.html" title="laanimalparameter.h" alt="" coords="43,230,179,254">
<area shape="rect" href="$src608_2lib_2lacropparameter_8h.html" title="lacropparameter.h" alt="" coords="307,230,429,254">
<area shape="rect" href="$src608_2gui_2lamainform_8h.html" title="lamainform.h" alt="" coords="613,81,709,105">
<area shape="rect" href="$src608_2lib_2lagrass_8h.html" title="lagrass.h" alt="" coords="888,305,963,329">
<area shape="rect" href="$src608_2lib_2la_8h.html" title="la.h" alt="" coords="525,305,568,329">
<area shape="rect" href="$r581Tag_2src_2gui_2ui__lagrassprocessbase_8h.html" title="ui_lagrassprocessbase.h" alt="" coords="3115,156,3280,180">
<area shape="rect" href="$src608_2lib_2laserialisable_8h.html" title="laserialisable.h" alt="" coords="203,305,309,329">
<area shape="rect" href="$src608_2lib_2laguid_8h.html" title="laguid.h" alt="" coords="333,305,400,329">
<area shape="rect" href="$src608_2lib_2lafoodsource_8h.html" title="lafoodsource.h" alt="" coords="243,380,349,404">
<area shape="rect" href="$r581Tag_2src_2gui_2ui__lamainformbase_8h.html" title="ui_lamainformbase.h" alt="" coords="2376,156,2517,180">
