<area shape="rect" href="$r581Tag_2src_2gui_2lamainform_8cpp.html" title="lamainform.cpp" alt="" coords="5,156,115,180">
<area shape="rect" href="$r581Tag_2src_2gui_2lamodelreports_8h.html" title="lamodelreports.h" alt="" coords="85,82,203,106">
<area shape="rect" href="$r581Tag_2src_2gui_2lamodelreports_8cpp.html" title="lamodelreports.cpp" alt="" coords="163,156,293,180">
<area shape="rect" href="$r581Tag_2src_2tests_2lamodeltest_8cpp.html" title="lamodeltest.cpp" alt="" coords="277,82,389,106">
<area shape="rect" href="$src_2gui_2lamainform_8cpp.html" title="lamainform.cpp" alt="" coords="384,156,493,180">
<area shape="rect" href="$src_2gui_2lamodelreports_8h.html" title="lamodelreports.h" alt="" coords="464,82,581,106">
<area shape="rect" href="$src_2gui_2lamodelreports_8cpp.html" title="lamodelreports.cpp" alt="" coords="541,156,672,180">
<area shape="rect" href="$src_2tests_2lamodeltest_8cpp.html" title="lamodeltest.cpp" alt="" coords="656,82,768,106">
<area shape="rect" href="$src608_2gui_2lamainform_8cpp.html" title="lamainform.cpp" alt="" coords="763,156,872,180">
<area shape="rect" href="$src608_2gui_2lamodelreports_8h.html" title="lamodelreports.h" alt="" coords="843,82,960,106">
<area shape="rect" href="$src608_2gui_2lamodelreports_8cpp.html" title="lamodelreports.cpp" alt="" coords="920,156,1051,180">
<area shape="rect" href="$src608_2lib_2lamodel_8cpp.html" title="lamodel.cpp" alt="" coords="1035,82,1125,106">
<area shape="rect" href="$src608_2tests_2lamodeltest_8cpp.html" title="lamodeltest.cpp" alt="" coords="1149,82,1261,106">
