<area shape="rect" href="$src608_2lib_2lacropparameter_8h.html" title="lacropparameter.h" alt="" coords="45,156,168,180">
<area shape="rect" href="$src608_2lib_2lautils_8h.html" title="lautils.h" alt="" coords="375,82,441,106">
<area shape="rect" href="$src608_2lib_2laserialisable_8h.html" title="laserialisable.h" alt="" coords="268,231,375,255">
<area shape="rect" href="$src608_2lib_2laguid_8h.html" title="laguid.h" alt="" coords="177,231,244,255">
<area shape="rect" href="$src608_2lib_2la_8h.html" title="la.h" alt="" coords="449,231,492,255">
<area shape="rect" href="$src608_2lib_2lafoodsource_8h.html" title="lafoodsource.h" alt="" coords="499,306,605,330">
<area shape="rect" href="$src608_2lib_2laanimal_8h.html" title="laanimal.h" alt="" coords="277,156,357,180">
<area shape="rect" href="$src608_2lib_2lacrop_8h.html" title="lacrop.h" alt="" coords="381,156,448,180">
<area shape="rect" href="$src608_2lib_2laanimalparameter_8h.html" title="laanimalparameter.h" alt="" coords="472,156,608,180">
