<area shape="rect" href="$src_2lib_2lamodel_8h.html" title="lamodel.h" alt="" coords="199,81,276,105">
<area shape="rect" href="$src_2lib_2laanimal_8h.html" title="laanimal.h" alt="" coords="411,81,491,105">
<area shape="rect" href="$src_2lib_2lacrop_8h.html" title="lacrop.h" alt="" coords="821,81,888,105">
<area shape="rect" href="$src_2lib_2laanimalparameter_8h.html" title="laanimalparameter.h" alt="" coords="661,81,797,105">
<area shape="rect" href="$src_2lib_2lacropparameter_8h.html" title="lacropparameter.h" alt="" coords="515,81,637,105">
<area shape="rect" href="$src_2lib_2laguid_8cpp.html" title="laguid.cpp" alt="" coords="912,81,992,105">
<area shape="rect" href="$build_2src_2lib_2moc__lamodel_8cxx.html" title="moc_lamodel.cxx" alt="" coords="103,156,225,180">
<area shape="rect" href="$r581Tag_2src_2lib_2moc__lamodel_8cxx.html" title="moc_lamodel.cxx" alt="" coords="249,156,372,180">
<area shape="rect" href="$src_2lib_2lamodel_8cpp.html" title="lamodel.cpp" alt="" coords="5,230,96,254">
<area shape="rect" href="$src_2lib_2laanimal_8cpp.html" title="laanimal.cpp" alt="" coords="120,230,213,254">
<area shape="rect" href="$src_2lib_2lautils_8h.html" title="lautils.h" alt="" coords="560,156,627,180">
<area shape="rect" href="$src_2lib_2lautils_8cpp.html" title="lautils.cpp" alt="" coords="683,230,763,254">
<area shape="rect" href="$src_2lib_2laanimalparameter_8cpp.html" title="laanimalparameter.cpp" alt="" coords="787,230,939,254">
<area shape="rect" href="$src_2lib_2lacrop_8cpp.html" title="lacrop.cpp" alt="" coords="963,230,1043,254">
<area shape="rect" href="$src_2lib_2lacropparameter_8cpp.html" title="lacropparameter.cpp" alt="" coords="237,230,376,254">
<area shape="rect" href="$src_2lib_2lagrass_8cpp.html" title="lagrass.cpp" alt="" coords="571,230,659,254">
<area shape="rect" href="$src_2lib_2lagrassprocesslib_8cpp.html" title="lagrassprocesslib.cpp" alt="" coords="400,230,547,254">
