<area shape="rect" href="$classLaUtils.html#fd9d58e854e54a9ce823ebe0b177471f" title="LaUtils::getAnimalParameter" alt="" coords="407,299,593,323">
<area shape="rect" href="$classLaUtils.html#435911951413b858799a013a01b47586" title="LaUtils::getAvailableAnimalParameters" alt="" coords="376,468,624,492">
<area shape="rect" href="$classLaAnimalParameterManager.html#eaf535b176974e708db3a905a47db62d" title="LaAnimalParameterManager::selectAnimalParameter" alt="" coords="336,516,664,540">
<area shape="rect" href="$classLaModel.html#26b9bb0973294e864b680633f27fce75" title="LaModel::allocateFallowGrazingLand" alt="" coords="1564,155,1796,179">
<area shape="rect" href="$classLaModel.html#663235ceb3f93ba7891efef16e7a6cd4" title="LaModel::caloriesFromDairyProducts" alt="" coords="777,155,1012,179">
<area shape="rect" href="$classLaModel.html#71cac09822d4c19bee91cfb8845ff68a" title="LaModel::caloriesProvidedByTheMeatOfTheAnimal" alt="" coords="736,203,1053,227">
<area shape="rect" href="$classLaModel.html#e45aff82c64593a44635adcbe6bbd8e8" title="LaModel::caloriesProvidedByTheMilkOfTheAnimal" alt="" coords="739,347,1051,371">
<area shape="rect" href="$classLaModel.html#20e93ea1cebcf4dee9ccd72b9de4e4e7" title="LaModel::countAnimals" alt="" coords="816,251,973,275">
<area shape="rect" href="$classLaModel.html#e37a2ee784ea6e3b4ae58a87a832a25c" title="LaModel::countTotalCaloriesFromDairy" alt="" coords="772,299,1017,323">
<area shape="rect" href="$classLaModel.html#56ea4ae4234c19fe589ec59fb659e03b" title="LaModel::doTheFallowAllocation" alt="" coords="1200,56,1408,80">
<area shape="rect" href="$classLaModel.html#fff855dda49be4019646efa57d186133" title="LaModel::initialiseAreaTargetsAnimalsMap" alt="" coords="1547,374,1813,398">
<area shape="rect" href="$classLaModel.html#e4d9b8377d7b2becccf6233c5d9090ac" title="LaModel::toHtml" alt="" coords="837,446,952,470">
<area shape="rect" href="$classLaModel.html#cccc514f51427f5f9f8dd2d7bb7e1a5b" title="LaModel::toHtmlAreaAnimalTargets" alt="" coords="781,494,1008,518">
<area shape="rect" href="$classLaModel.html#aac662ecc78a295253c3979e2b96d1a4" title="LaModel::toHtmlCalorieAnimalTargets" alt="" coords="775,542,1015,566">
<area shape="rect" href="$classLaModel.html#c969367346ed70d1a49d029d86ae4c81" title="LaModel::toHtmlProductionAnimalTargets" alt="" coords="764,6,1025,30">
<area shape="rect" href="$classLaModel.html#e9867f7eb061ea3e6753f1769936d60a" title="LaModel::DoCalculations" alt="" coords="1877,252,2043,276">
<area shape="rect" href="$classLaModel.html#4a138338d90a88dd27f3493e5914ab31" title="LaModel::caloriesFromCrops" alt="" coords="1211,155,1397,179">
<area shape="rect" href="$classLaModel.html#4cd484b26bcad25b9a94067f175a3049" title="LaModel::caloriesProvidedByTheCrop" alt="" coords="1184,203,1424,227">
<area shape="rect" href="$classLaModel.html#e09cb35b64dcb272de8768495b1c302d" title="LaModel::initialiseCaloriesProvidedByCropsMap" alt="" coords="1531,203,1829,227">
<area shape="rect" href="$classLaModel.html#fbbbfe448366f2d5630586763e7a6be7" title="LaModel::initialiseCaloriesProvidedByMeatMap" alt="" coords="1533,252,1827,276">
<area shape="rect" href="$classLaModel.html#0f85a2f08e31c6964ed22f449249714a" title="LaModel::initialiseCaloriesProvidedByMilkMap" alt="" coords="1160,302,1448,326">
<area shape="rect" href="$classLaAnimalParameterManager.html#c5f30d4676e459f1d21b70755e63e113" title="LaAnimalParameterManager::refreshAnimalParameterTable" alt="" coords="713,590,1076,614">
<area shape="rect" href="$classLaAnimalParameterManager.html#741afc2ceb5a2fefdc8157ff0139c299" title="LaAnimalParameterManager::LaAnimalParameterManager" alt="" coords="1125,590,1483,614">
