<area shape="rect" href="$classLaCropParameter.html#f8752990db82261e2009f6355b087e39" title="LaCropParameter::areaUnits" alt="" coords="264,6,448,30">
<area shape="rect" href="$classLaCropParameter.html#d26ff1e490ab1e357d01096f4ecb3def" title="LaCropParameter::cropGuid" alt="" coords="265,54,447,78">
<area shape="rect" href="$classLaCropParameter.html#dc308cb99cbdf03b5b8ff92f316a2a4a" title="LaCropParameter::cropRotation" alt="" coords="255,102,457,126">
<area shape="rect" href="$classLaCropParameter.html#352d07db810789022c747cea40906e26" title="LaCropParameter::description" alt="" coords="260,150,452,174">
<area shape="rect" href="$classLaCropParameter.html#dddc142e0b01d6e2da81d050b68aa774" title="LaCropParameter::fallowRatio" alt="" coords="260,198,452,222">
<area shape="rect" href="$classLaCropParameter.html#a40a7248485d1c6abf0b8c9a5db77ec3" title="LaCropParameter::fallowValue" alt="" coords="259,246,453,270">
<area shape="rect" href="$classLaGuid.html#38e7b78e2ef37526ffb1bad6af4cf745" title="LaGuid::guid" alt="" coords="309,294,403,318">
<area shape="rect" href="$classLaCropParameter.html#5d878c97131022b992c21233c666bb77" title="LaCropParameter::name" alt="" coords="275,342,437,366">
<area shape="rect" href="$classLaCropParameter.html#431530fc1021ce00db44ee1c6a1dc8bd" title="LaCropParameter::percentTameCrop" alt="" coords="240,390,472,414">
<area shape="rect" href="$classLaCropParameter.html#54c7939364f6006eb166582b5da46bc9" title="LaCropParameter::rasterName" alt="" coords="257,438,455,462">
<area shape="rect" href="$classLaCropParameter.html#c0e9151293ca07ceee12235f8f0cd3d0" title="LaCropParameter::setCropGuid" alt="" coords="255,486,457,510">
<area shape="rect" href="$classLaGuid.html#baf1a3fdc9aad8f76c1c0f8175fd5591" title="LaGuid::setGuid" alt="" coords="299,534,413,558">
<area shape="rect" href="$classLaCropParameter.html#0023afc628569b3a58e6dbafea23dcf6" title="LaCropParameter::useCommonLand" alt="" coords="240,582,472,606">
<area shape="rect" href="$classLaCropParameter.html#a591cb486790bac344271d845bb487cd" title="LaCropParameter::useSpecificLand" alt="" coords="243,630,469,654">
