<area shape="rect" href="$classLaModel.html#0c721507f11831e4ddc824c700123635" title="LaModel::logMessage" alt="" coords="739,263,885,287">
<area shape="rect" href="$classLaModel.html#f96ad1acb73b0f6ab2e515a9308c610e" title="LaModel::requiredTDN" alt="" coords="231,432,380,456">
<area shape="rect" href="$classLaAnimal.html#139a9cb0f3ead8b63e5de09ea887eb09" title="LaAnimal::breedingExpectancy" alt="" coords="453,312,653,336">
<area shape="rect" href="$classLaAnimal.html#0e0be3aeffd1bd7e01fad6eabd127435" title="LaAnimal::deathRate" alt="" coords="483,360,624,384">
<area shape="rect" href="$classLaAnimal.html#a8d0331bd199fca790f88ab491ec99be" title="LaAnimal::estrousCycle" alt="" coords="473,408,633,432">
<area shape="rect" href="$classLaAnimal.html#bd2e2feff05f8cdc5c47524fbc5a6016" title="LaAnimal::gestating" alt="" coords="485,456,621,480">
<area shape="rect" href="$classLaAnimal.html#87182421ad69e1361460b1a9de1ef477" title="LaAnimal::gestationTime" alt="" coords="472,504,635,528">
<area shape="rect" href="$classLaUtils.html#31401524c3416531ef439851cd69cd21" title="LaUtils::getAnimal" alt="" coords="748,631,876,655">
<area shape="rect" href="$classLaAnimal.html#e1ff383858093056914370f969a2304a" title="LaAnimal::name" alt="" coords="1000,536,1115,560">
<area shape="rect" href="$classLaModel.html#818c8f0014d674d97bf64bf7330fa085" title="LaModel::getProductionTargetsAnimals" alt="" coords="429,653,677,677">
<area shape="rect" href="$classLaAnimal.html#6dfb7834ca39edc82b12419273e4bd98" title="LaAnimal::meatFoodValue" alt="" coords="725,729,899,753">
<area shape="rect" href="$classLaAnimal.html#39c4b917e82cc0e55040ac3b7bb405db" title="LaAnimal::usableMeat" alt="" coords="737,777,887,801">
<area shape="rect" href="$classLaAnimal.html#5869a81693b62d835fe18aa85e718817" title="LaAnimal::juvenile" alt="" coords="489,803,617,827">
<area shape="rect" href="$classLaAnimal.html#b91d79421a1a113f463ced406e2b89e5" title="LaAnimal::killWeight" alt="" coords="484,117,623,141">
<area shape="rect" href="$classLaAnimal.html#2f81a4cfb201673bb23bfb9d1098c7b9" title="LaAnimal::weaningAge" alt="" coords="477,165,629,189">
<area shape="rect" href="$classLaAnimal.html#1b7b995f3263dfb8654956b21d4e0131" title="LaAnimal::youngPerBirth" alt="" coords="471,213,636,237">
<area shape="rect" href="$classLaSerialisable.html#2442a25a3044b53a6a34f1e2387d35c0" title="LaSerialisable::fromXmlFile" alt="" coords="968,584,1147,608">
<area shape="rect" href="$classLaGuid.html#38e7b78e2ef37526ffb1bad6af4cf745" title="LaGuid::guid" alt="" coords="1011,680,1104,704">
<area shape="rect" href="$classLaUtils.html#4efbb82253462579bce5c3cf486a4d82" title="LaUtils::userAnimalProfilesDirPath" alt="" coords="947,632,1168,656">
<area shape="rect" href="$classLaSerialisable.html#442dee3c693fc9d4e180bbe319015a45" title="LaSerialisable::fromXml" alt="" coords="1216,584,1376,608">
