<area shape="rect" href="$classLaModel.html#56ea4ae4234c19fe589ec59fb659e03b" title="LaModel::doTheFallowAllocation" alt="" coords="483,777,691,801">
<area shape="rect" href="$classLaUtils.html#31401524c3416531ef439851cd69cd21" title="LaUtils::getAnimal" alt="" coords="201,536,329,560">
<area shape="rect" href="$classLaModel.html#818c8f0014d674d97bf64bf7330fa085" title="LaModel::getProductionTargetsAnimals" alt="" coords="463,188,711,212">
<area shape="rect" href="$classLaModel.html#4855f683b262351b662555bcf1c6e943" title="LaModel::reportForAnimal" alt="" coords="847,139,1017,163">
<area shape="rect" href="$classLaModel.html#e63d081ac852fa5e8547e9e670271573" title="LaModel::requiredValue" alt="" coords="855,387,1009,411">
<area shape="rect" href="$classLaModel.html#fff855dda49be4019646efa57d186133" title="LaModel::initialiseAreaTargetsAnimalsMap" alt="" coords="453,825,720,849">
<area shape="rect" href="$classLaUtils.html#aa01841fb18f566d8c2668fe5de5fc44" title="LaUtils::getAvailableAnimals" alt="" coords="172,920,359,944">
<area shape="rect" href="$classLaAnimalParameterManager.html#741afc2ceb5a2fefdc8157ff0139c299" title="LaAnimalParameterManager::LaAnimalParameterManager" alt="" coords="408,873,765,897">
<area shape="rect" href="$classLaAssemblageConversion.html#01d405aee2b2554cee9df16e8d79ceae" title="LaAssemblageConversion::LaAssemblageConversion" alt="" coords="421,921,752,945">
<area shape="rect" href="$classLaAnimalManager.html#142bab8a1ce1cf043a11b6b9a2334dbd" title="LaAnimalManager::refreshAnimalTable" alt="" coords="465,969,708,993">
<area shape="rect" href="$classLaAnimal.html#4e935aed13bb4951ab098d8445fde7f0" title="LaAnimal::LaAnimal" alt="" coords="197,1019,333,1043">
<area shape="rect" href="$classLaAnimal.html#eda26d91d704aa2f544c8f84ba447e98" title="LaAnimal::operator=" alt="" coords="196,1067,335,1091">
<area shape="rect" href="$classLaModel.html#26b9bb0973294e864b680633f27fce75" title="LaModel::allocateFallowGrazingLand" alt="" coords="1103,536,1335,560">
<area shape="rect" href="$classLaModel.html#e9867f7eb061ea3e6753f1769936d60a" title="LaModel::DoCalculations" alt="" coords="2107,436,2272,460">
<area shape="rect" href="$classLaModel.html#663235ceb3f93ba7891efef16e7a6cd4" title="LaModel::caloriesFromDairyProducts" alt="" coords="469,633,704,657">
<area shape="rect" href="$classLaModel.html#8dfc516f791f8bd9eb0e03ce0e228902" title="LaModel::caloriesFromMilk" alt="" coords="1131,436,1307,460">
<area shape="rect" href="$classLaModel.html#20e93ea1cebcf4dee9ccd72b9de4e4e7" title="LaModel::countAnimals" alt="" coords="508,681,665,705">
<area shape="rect" href="$classLaModel.html#e0e616403a10073e061bd6e062555b72" title="LaModel::herdSize" alt="" coords="868,239,996,263">
<area shape="rect" href="$classLaModel.html#e4d9b8377d7b2becccf6233c5d9090ac" title="LaModel::toHtml" alt="" coords="529,337,644,361">
<area shape="rect" href="$classLaModel.html#cccc514f51427f5f9f8dd2d7bb7e1a5b" title="LaModel::toHtmlAreaAnimalTargets" alt="" coords="473,436,700,460">
<area shape="rect" href="$classLaModel.html#aac662ecc78a295253c3979e2b96d1a4" title="LaModel::toHtmlCalorieAnimalTargets" alt="" coords="467,585,707,609">
<area shape="rect" href="$classLaModel.html#c969367346ed70d1a49d029d86ae4c81" title="LaModel::toHtmlProductionAnimalTargets" alt="" coords="456,729,717,753">
<area shape="rect" href="$classLaModel.html#4a138338d90a88dd27f3493e5914ab31" title="LaModel::caloriesFromCrops" alt="" coords="839,636,1025,660">
<area shape="rect" href="$classLaModel.html#4cd484b26bcad25b9a94067f175a3049" title="LaModel::caloriesProvidedByTheCrop" alt="" coords="1099,487,1339,511">
<area shape="rect" href="$classLaModel.html#e09cb35b64dcb272de8768495b1c302d" title="LaModel::initialiseCaloriesProvidedByCropsMap" alt="" coords="1393,485,1692,509">
<area shape="rect" href="$classLaModel.html#e45aff82c64593a44635adcbe6bbd8e8" title="LaModel::caloriesProvidedByTheMilkOfTheAnimal" alt="" coords="1387,436,1699,460">
<area shape="rect" href="$classLaModel.html#0f85a2f08e31c6964ed22f449249714a" title="LaModel::initialiseCaloriesProvidedByMilkMap" alt="" coords="1759,436,2047,460">
<area shape="rect" href="$classLaModel.html#acd746a9c50de3eaeb78dacccf2dde27" title="LaModel::initialiseProductionRequiredAnimalsMap" alt="" coords="1748,265,2057,289">
<area shape="rect" href="$classLaModel.html#6a7dbdae3b2106255cb5914f5f46a2c7" title="LaModel::initialiseCalcsAnimalsMap" alt="" coords="1428,140,1657,164">
<area shape="rect" href="$classLaModel.html#98a138ed590909e6ae2f4a9e92c0ac64" title="LaModel::initialiseValueMap" alt="" coords="1812,388,1993,412">
<area shape="rect" href="$classLaAnimalManager.html#d77670b68efa77e6ca529ffe427b7507" title="LaAnimalManager::LaAnimalManager" alt="" coords="813,969,1051,993">
