<area shape="rect" href="$classLaModel.html#4cd484b26bcad25b9a94067f175a3049" title="LaModel::caloriesProvidedByTheCrop" alt="" coords="617,53,857,77">
<area shape="rect" href="$classLaUtils.html#d50cf3269efc4c7298768ce78b56c610" title="LaUtils::getAvailableCropParameters" alt="" coords="251,12,485,36">
<area shape="rect" href="$classLaCropParameterManager.html#b03dc717dc83331b062983151e4e22a6" title="LaCropParameterManager::refreshCropParameterTable" alt="" coords="568,5,907,29">
<area shape="rect" href="$classLaUtils.html#946206fd47158b870a8f0caa1235d693" title="LaUtils::getCropParameter" alt="" coords="281,241,455,265">
<area shape="rect" href="$classLaModel.html#9d6d7750fe2eaf5116d8b8c4edc922a6" title="LaModel::getFallowLandForACrop" alt="" coords="629,491,845,515">
<area shape="rect" href="$classLaCropParameter.html#2567085b1ef5bb21ceb3cade80236bf7" title="LaCropParameter::LaCropParameter" alt="" coords="252,340,484,364">
<area shape="rect" href="$classLaCropParameter.html#5d9396164e5d2cecdd1c9e69f3325fb6" title="LaCropParameter::operator=" alt="" coords="276,388,460,412">
<area shape="rect" href="$classLaCropParameterManager.html#7e035a7ec1c7c73585b96322bea89228" title="LaCropParameterManager::selectCropParameter" alt="" coords="217,436,519,460">
<area shape="rect" href="$classLaModel.html#e09cb35b64dcb272de8768495b1c302d" title="LaModel::initialiseCaloriesProvidedByCropsMap" alt="" coords="972,125,1271,149">
<area shape="rect" href="$classLaModel.html#e9867f7eb061ea3e6753f1769936d60a" title="LaModel::DoCalculations" alt="" coords="1336,247,1501,271">
<area shape="rect" href="$classLaCropParameterManager.html#2d482f07c62d895adc8a3d60567d1cee" title="LaCropParameterManager::LaCropParameterManager" alt="" coords="956,5,1287,29">
<area shape="rect" href="$classLaModel.html#26b9bb0973294e864b680633f27fce75" title="LaModel::allocateFallowGrazingLand" alt="" coords="1005,247,1237,271">
<area shape="rect" href="$classLaModel.html#56e297d885a15e3b68dfa6fd8a1d15eb" title="LaModel::countCrops" alt="" coords="665,296,809,320">
<area shape="rect" href="$classLaModel.html#be5540f9ee8a2b962b8001712dcebdfc" title="LaModel::getAreaTargetsCrops" alt="" coords="637,344,837,368">
<area shape="rect" href="$classLaModel.html#11255142af29d655b2715b07226a840c" title="LaModel::initialiseAreaTargetsCropsMap" alt="" coords="995,344,1248,368">
<area shape="rect" href="$classLaModel.html#e4d9b8377d7b2becccf6233c5d9090ac" title="LaModel::toHtml" alt="" coords="680,443,795,467">
<area shape="rect" href="$classLaModel.html#642659ce7818ab6b66aff8396026906d" title="LaModel::toHtmlAreaCropTargets" alt="" coords="631,101,844,125">
<area shape="rect" href="$classLaModel.html#80e3dab60470a6d264c22cc8c4fa30fd" title="LaModel::toHtmlCalorieCropTargets" alt="" coords="624,149,851,173">
<area shape="rect" href="$classLaModel.html#774f3e7edd4c3d7f8ead5afa1f4cdda9" title="LaModel::toHtmlProductionCropTargets" alt="" coords="613,197,861,221">
