<area shape="rect" href="$classLaModel.html#26b9bb0973294e864b680633f27fce75" title="LaModel::allocateFallowGrazingLand" alt="" coords="897,116,1129,140">
<area shape="rect" href="$classLaModel.html#4a138338d90a88dd27f3493e5914ab31" title="LaModel::caloriesFromCrops" alt="" coords="564,217,751,241">
<area shape="rect" href="$classLaModel.html#8dfc516f791f8bd9eb0e03ce0e228902" title="LaModel::caloriesFromMilk" alt="" coords="925,597,1101,621">
<area shape="rect" href="$classLaModel.html#e45aff82c64593a44635adcbe6bbd8e8" title="LaModel::caloriesProvidedByTheMilkOfTheAnimal" alt="" coords="1211,416,1523,440">
<area shape="rect" href="$classLaModel.html#0f85a2f08e31c6964ed22f449249714a" title="LaModel::initialiseCaloriesProvidedByMilkMap" alt="" coords="1571,391,1859,415">
<area shape="rect" href="$classLaModel.html#d050dcca8d5f1efb68b1c84ccee13cb9" title="LaModel::caloriesFromTameMeat" alt="" coords="220,317,433,341">
<area shape="rect" href="$classLaModel.html#4cd484b26bcad25b9a94067f175a3049" title="LaModel::caloriesProvidedByTheCrop" alt="" coords="537,468,777,492">
<area shape="rect" href="$classLaModel.html#e09cb35b64dcb272de8768495b1c302d" title="LaModel::initialiseCaloriesProvidedByCropsMap" alt="" coords="864,549,1163,573">
<area shape="rect" href="$classLaModel.html#71cac09822d4c19bee91cfb8845ff68a" title="LaModel::caloriesProvidedByTheMeatOfTheAnimal" alt="" coords="499,367,816,391">
<area shape="rect" href="$classLaModel.html#fbbbfe448366f2d5630586763e7a6be7" title="LaModel::initialiseCaloriesProvidedByMeatMap" alt="" coords="867,417,1160,441">
<area shape="rect" href="$classLaModel.html#56ea4ae4234c19fe589ec59fb659e03b" title="LaModel::doTheFallowAllocation" alt="" coords="553,67,761,91">
<area shape="rect" href="$classLaModel.html#b2b2072ff1352c5001dde36fbfdd6f94" title="LaModel::fromXml" alt="" coords="263,1267,391,1291">
<area shape="rect" href="$classLaModel.html#be5540f9ee8a2b962b8001712dcebdfc" title="LaModel::getAreaTargetsCrops" alt="" coords="227,920,427,944">
<area shape="rect" href="$classLaModel.html#11255142af29d655b2715b07226a840c" title="LaModel::initialiseAreaTargetsCropsMap" alt="" coords="531,871,784,895">
<area shape="rect" href="$classLaModel.html#9d6d7750fe2eaf5116d8b8c4edc922a6" title="LaModel::getFallowLandForACrop" alt="" coords="219,1315,435,1339">
<area shape="rect" href="$classLaModel.html#818c8f0014d674d97bf64bf7330fa085" title="LaModel::getProductionTargetsAnimals" alt="" coords="203,720,451,744">
<area shape="rect" href="$classLaModel.html#acd746a9c50de3eaeb78dacccf2dde27" title="LaModel::initialiseProductionRequiredAnimalsMap" alt="" coords="503,769,812,793">
<area shape="rect" href="$classLaModel.html#4855f683b262351b662555bcf1c6e943" title="LaModel::reportForAnimal" alt="" coords="572,820,743,844">
<area shape="rect" href="$classLaModel.html#6a7dbdae3b2106255cb5914f5f46a2c7" title="LaModel::initialiseCalcsAnimalsMap" alt="" coords="899,820,1128,844">
<area shape="rect" href="$classLaModel.html#e63d081ac852fa5e8547e9e670271573" title="LaModel::requiredValue" alt="" coords="580,621,735,645">
<area shape="rect" href="$classLaModel.html#98a138ed590909e6ae2f4a9e92c0ac64" title="LaModel::initialiseValueMap" alt="" coords="923,671,1104,695">
<area shape="rect" href="$classLaModel.html#fd77f30dc99d5a287a35a0c509360541" title="LaModel::getProductionTargetsCrops" alt="" coords="209,1019,444,1043">
<area shape="rect" href="$classLaModel.html#3003a6ff449b80f3c09b5bed7389a389" title="LaModel::initialiseProductionRequiredCropsMap" alt="" coords="509,1019,805,1043">
<area shape="rect" href="$classLaModel.html#fff855dda49be4019646efa57d186133" title="LaModel::initialiseAreaTargetsAnimalsMap" alt="" coords="1233,1100,1500,1124">
<area shape="rect" href="$classLaModel.html#d59a37eea37c1a4cf26b8c3b5ee7b911" title="LaModel::initialiseCalcsCropsMap" alt="" coords="549,1169,765,1193">
<area shape="rect" href="$classLaModel.html#35e2401571bd7dd7411cec0062a6a4a9" title="LaModel::reportForCrop" alt="" coords="248,1168,405,1192">
<area shape="rect" href="$classLaModel.html#e4d9b8377d7b2becccf6233c5d9090ac" title="LaModel::toHtml" alt="" coords="269,1363,384,1387">
<area shape="rect" href="$classLaModel.html#e752b12dc99a33adb76797b50c82e93f" title="LaModel::toText" alt="" coords="271,1411,383,1435">
<area shape="rect" href="$classLaModel.html#2488f416161ae651a28e4a532936873d" title="LaModel::toXml" alt="" coords="271,1459,383,1483">
<area shape="rect" href="$classLaModel.html#e9867f7eb061ea3e6753f1769936d60a" title="LaModel::DoCalculations" alt="" coords="1907,769,2072,793">
<area shape="rect" href="$classLaModel.html#432c194de81423c6a656a428562fcab4" title="LaModel::calculateHerdSize" alt="" coords="565,720,749,744">
<area shape="rect" href="$classLaModel.html#e37a2ee784ea6e3b4ae58a87a832a25c" title="LaModel::countTotalCaloriesFromDairy" alt="" coords="891,720,1136,744">
