<area shape="rect" href="$classLaModel.html#663235ceb3f93ba7891efef16e7a6cd4" title="LaModel::caloriesFromDairyProducts" alt="" coords="879,51,1113,75">
<area shape="rect" href="$classLaModel.html#8dfc516f791f8bd9eb0e03ce0e228902" title="LaModel::caloriesFromMilk" alt="" coords="908,200,1084,224">
<area shape="rect" href="$classLaModel.html#818c8f0014d674d97bf64bf7330fa085" title="LaModel::getProductionTargetsAnimals" alt="" coords="221,199,469,223">
<area shape="rect" href="$classLaAnimal.html#4e935aed13bb4951ab098d8445fde7f0" title="LaAnimal::LaAnimal" alt="" coords="277,346,413,370">
<area shape="rect" href="$classLaAnimal.html#eda26d91d704aa2f544c8f84ba447e98" title="LaAnimal::operator=" alt="" coords="276,394,415,418">
<area shape="rect" href="$classLaModel.html#4a138338d90a88dd27f3493e5914ab31" title="LaModel::caloriesFromCrops" alt="" coords="1225,54,1412,78">
<area shape="rect" href="$classLaModel.html#4cd484b26bcad25b9a94067f175a3049" title="LaModel::caloriesProvidedByTheCrop" alt="" coords="1199,6,1439,30">
<area shape="rect" href="$classLaModel.html#26b9bb0973294e864b680633f27fce75" title="LaModel::allocateFallowGrazingLand" alt="" coords="1556,54,1788,78">
<area shape="rect" href="$classLaModel.html#e9867f7eb061ea3e6753f1769936d60a" title="LaModel::DoCalculations" alt="" coords="1869,127,2035,151">
<area shape="rect" href="$classLaModel.html#e09cb35b64dcb272de8768495b1c302d" title="LaModel::initialiseCaloriesProvidedByCropsMap" alt="" coords="1523,6,1821,30">
<area shape="rect" href="$classLaModel.html#e45aff82c64593a44635adcbe6bbd8e8" title="LaModel::caloriesProvidedByTheMilkOfTheAnimal" alt="" coords="1163,200,1475,224">
<area shape="rect" href="$classLaModel.html#0f85a2f08e31c6964ed22f449249714a" title="LaModel::initialiseCaloriesProvidedByMilkMap" alt="" coords="1528,200,1816,224">
<area shape="rect" href="$classLaModel.html#e0e616403a10073e061bd6e062555b72" title="LaModel::herdSize" alt="" coords="609,199,737,223">
<area shape="rect" href="$classLaModel.html#acd746a9c50de3eaeb78dacccf2dde27" title="LaModel::initialiseProductionRequiredAnimalsMap" alt="" coords="519,247,828,271">
<area shape="rect" href="$classLaModel.html#4855f683b262351b662555bcf1c6e943" title="LaModel::reportForAnimal" alt="" coords="588,151,759,175">
<area shape="rect" href="$classLaModel.html#e63d081ac852fa5e8547e9e670271573" title="LaModel::requiredValue" alt="" coords="1241,102,1396,126">
<area shape="rect" href="$classLaModel.html#6a7dbdae3b2106255cb5914f5f46a2c7" title="LaModel::initialiseCalcsAnimalsMap" alt="" coords="881,151,1111,175">
<area shape="rect" href="$classLaModel.html#98a138ed590909e6ae2f4a9e92c0ac64" title="LaModel::initialiseValueMap" alt="" coords="1581,102,1763,126">
