<area shape="rect" href="$classLaAnimalParameter.html#b53e305893eef3660546f6bcd401a5c7" title="LaAnimalParameter::areaUnits" alt="" coords="372,5,569,29">
<area shape="rect" href="$classLaUtils.html#f9905e9c760579e459e90d8fdb5c534d" title="LaUtils::convertAreaToHectares" alt="" coords="368,53,573,77">
<area shape="rect" href="$classLaUtils.html#31401524c3416531ef439851cd69cd21" title="LaUtils::getAnimal" alt="" coords="407,149,535,173">
<area shape="rect" href="$classLaAnimal.html#e1ff383858093056914370f969a2304a" title="LaAnimal::name" alt="" coords="751,245,865,269">
<area shape="rect" href="$classLaUtils.html#fd9d58e854e54a9ce823ebe0b177471f" title="LaUtils::getAnimalParameter" alt="" coords="377,101,564,125">
<area shape="rect" href="$classLaModel.html#0c721507f11831e4ddc824c700123635" title="LaModel::logMessage" alt="" coords="397,248,544,272">
<area shape="rect" href="$classLaAnimalParameter.html#d381279265cd0f7f53f2d208af813cd0" title="LaAnimalParameter::useCommonGrazingLand" alt="" coords="327,296,615,320">
<area shape="rect" href="$classLaAnimalParameter.html#198b813dfa139c639df2bf4198b56c1d" title="LaAnimalParameter::ValueSpecificGrazingLand" alt="" coords="323,344,619,368">
<area shape="rect" href="$classLaSerialisable.html#2442a25a3044b53a6a34f1e2387d35c0" title="LaSerialisable::fromXmlFile" alt="" coords="719,101,897,125">
<area shape="rect" href="$classLaGuid.html#38e7b78e2ef37526ffb1bad6af4cf745" title="LaGuid::guid" alt="" coords="761,149,855,173">
<area shape="rect" href="$classLaUtils.html#4efbb82253462579bce5c3cf486a4d82" title="LaUtils::userAnimalProfilesDirPath" alt="" coords="697,197,919,221">
<area shape="rect" href="$classLaSerialisable.html#442dee3c693fc9d4e180bbe319015a45" title="LaSerialisable::fromXml" alt="" coords="997,101,1157,125">
<area shape="rect" href="$classLaAnimalParameter.html#804809c4c95b5964b705a962909ce613" title="LaAnimalParameter::name" alt="" coords="720,5,896,29">
<area shape="rect" href="$classLaUtils.html#171ca0ae00f656744a5109fd66d49764" title="LaUtils::userAnimalParameterProfilesDirPath" alt="" coords="668,53,948,77">
