<area shape="rect" href="$classLaModel.html#663235ceb3f93ba7891efef16e7a6cd4" title="LaModel::caloriesFromDairyProducts" alt="" coords="900,51,1135,75">
<area shape="rect" href="$classLaModel.html#8dfc516f791f8bd9eb0e03ce0e228902" title="LaModel::caloriesFromMilk" alt="" coords="929,200,1105,224">
<area shape="rect" href="$classLaModel.html#818c8f0014d674d97bf64bf7330fa085" title="LaModel::getProductionTargetsAnimals" alt="" coords="243,199,491,223">
<area shape="rect" href="$classLaAnimal.html#4e935aed13bb4951ab098d8445fde7f0" title="LaAnimal::LaAnimal" alt="" coords="299,346,435,370">
<area shape="rect" href="$classLaAnimal.html#eda26d91d704aa2f544c8f84ba447e98" title="LaAnimal::operator=" alt="" coords="297,394,436,418">
<area shape="rect" href="$classLaModel.html#4a138338d90a88dd27f3493e5914ab31" title="LaModel::caloriesFromCrops" alt="" coords="1247,54,1433,78">
<area shape="rect" href="$classLaModel.html#4cd484b26bcad25b9a94067f175a3049" title="LaModel::caloriesProvidedByTheCrop" alt="" coords="1220,6,1460,30">
<area shape="rect" href="$classLaModel.html#26b9bb0973294e864b680633f27fce75" title="LaModel::allocateFallowGrazingLand" alt="" coords="1577,54,1809,78">
<area shape="rect" href="$classLaModel.html#e9867f7eb061ea3e6753f1769936d60a" title="LaModel::DoCalculations" alt="" coords="1891,127,2056,151">
<area shape="rect" href="$classLaModel.html#e09cb35b64dcb272de8768495b1c302d" title="LaModel::initialiseCaloriesProvidedByCropsMap" alt="" coords="1544,6,1843,30">
<area shape="rect" href="$classLaModel.html#e45aff82c64593a44635adcbe6bbd8e8" title="LaModel::caloriesProvidedByTheMilkOfTheAnimal" alt="" coords="1184,200,1496,224">
<area shape="rect" href="$classLaModel.html#0f85a2f08e31c6964ed22f449249714a" title="LaModel::initialiseCaloriesProvidedByMilkMap" alt="" coords="1549,200,1837,224">
<area shape="rect" href="$classLaModel.html#e0e616403a10073e061bd6e062555b72" title="LaModel::herdSize" alt="" coords="631,199,759,223">
<area shape="rect" href="$classLaModel.html#acd746a9c50de3eaeb78dacccf2dde27" title="LaModel::initialiseProductionRequiredAnimalsMap" alt="" coords="540,247,849,271">
<area shape="rect" href="$classLaModel.html#4855f683b262351b662555bcf1c6e943" title="LaModel::reportForAnimal" alt="" coords="609,151,780,175">
<area shape="rect" href="$classLaModel.html#e63d081ac852fa5e8547e9e670271573" title="LaModel::requiredValue" alt="" coords="1263,102,1417,126">
<area shape="rect" href="$classLaModel.html#6a7dbdae3b2106255cb5914f5f46a2c7" title="LaModel::initialiseCalcsAnimalsMap" alt="" coords="903,151,1132,175">
<area shape="rect" href="$classLaModel.html#98a138ed590909e6ae2f4a9e92c0ac64" title="LaModel::initialiseValueMap" alt="" coords="1603,102,1784,126">
