<area shape="rect" href="$classLaUtils.html#31401524c3416531ef439851cd69cd21" title="LaUtils::getAnimal" alt="" coords="315,577,443,601">
<area shape="rect" href="$classLaUtils.html#aa01841fb18f566d8c2668fe5de5fc44" title="LaUtils::getAvailableAnimals" alt="" coords="285,975,472,999">
<area shape="rect" href="$classLaAnimalManager.html#42aee2965f1ea01c7d8976b2d69d1b30" title="LaAnimalManager::selectAnimal" alt="" coords="275,1023,483,1047">
<area shape="rect" href="$classLaModel.html#26b9bb0973294e864b680633f27fce75" title="LaModel::allocateFallowGrazingLand" alt="" coords="1228,552,1460,576">
<area shape="rect" href="$classLaModel.html#432c194de81423c6a656a428562fcab4" title="LaModel::calculateHerdSize" alt="" coords="963,751,1147,775">
<area shape="rect" href="$classLaModel.html#8dfc516f791f8bd9eb0e03ce0e228902" title="LaModel::caloriesFromMilk" alt="" coords="1256,701,1432,725">
<area shape="rect" href="$classLaModel.html#e37a2ee784ea6e3b4ae58a87a832a25c" title="LaModel::countTotalCaloriesFromDairy" alt="" coords="1221,849,1467,873">
<area shape="rect" href="$classLaModel.html#663235ceb3f93ba7891efef16e7a6cd4" title="LaModel::caloriesFromDairyProducts" alt="" coords="592,601,827,625">
<area shape="rect" href="$classLaModel.html#20e93ea1cebcf4dee9ccd72b9de4e4e7" title="LaModel::countAnimals" alt="" coords="631,260,788,284">
<area shape="rect" href="$classLaModel.html#56ea4ae4234c19fe589ec59fb659e03b" title="LaModel::doTheFallowAllocation" alt="" coords="951,505,1159,529">
<area shape="rect" href="$classLaModel.html#818c8f0014d674d97bf64bf7330fa085" title="LaModel::getProductionTargetsAnimals" alt="" coords="585,801,833,825">
<area shape="rect" href="$classLaModel.html#4855f683b262351b662555bcf1c6e943" title="LaModel::reportForAnimal" alt="" coords="969,900,1140,924">
<area shape="rect" href="$classLaModel.html#e63d081ac852fa5e8547e9e670271573" title="LaModel::requiredValue" alt="" coords="977,652,1132,676">
<area shape="rect" href="$classLaModel.html#fff855dda49be4019646efa57d186133" title="LaModel::initialiseAreaTargetsAnimalsMap" alt="" coords="1537,283,1804,307">
<area shape="rect" href="$classLaModel.html#e4d9b8377d7b2becccf6233c5d9090ac" title="LaModel::toHtml" alt="" coords="652,308,767,332">
<area shape="rect" href="$classLaModel.html#cccc514f51427f5f9f8dd2d7bb7e1a5b" title="LaModel::toHtmlAreaAnimalTargets" alt="" coords="596,356,823,380">
<area shape="rect" href="$classLaModel.html#aac662ecc78a295253c3979e2b96d1a4" title="LaModel::toHtmlCalorieAnimalTargets" alt="" coords="589,404,829,428">
<area shape="rect" href="$classLaModel.html#c969367346ed70d1a49d029d86ae4c81" title="LaModel::toHtmlProductionAnimalTargets" alt="" coords="579,452,840,476">
<area shape="rect" href="$classLaModel.html#e9867f7eb061ea3e6753f1769936d60a" title="LaModel::DoCalculations" alt="" coords="2221,652,2387,676">
<area shape="rect" href="$classLaModel.html#e45aff82c64593a44635adcbe6bbd8e8" title="LaModel::caloriesProvidedByTheMilkOfTheAnimal" alt="" coords="1515,701,1827,725">
<area shape="rect" href="$classLaModel.html#0f85a2f08e31c6964ed22f449249714a" title="LaModel::initialiseCaloriesProvidedByMilkMap" alt="" coords="1880,701,2168,725">
<area shape="rect" href="$classLaModel.html#4a138338d90a88dd27f3493e5914ab31" title="LaModel::caloriesFromCrops" alt="" coords="961,553,1148,577">
<area shape="rect" href="$classLaModel.html#4cd484b26bcad25b9a94067f175a3049" title="LaModel::caloriesProvidedByTheCrop" alt="" coords="1224,603,1464,627">
<area shape="rect" href="$classLaModel.html#e09cb35b64dcb272de8768495b1c302d" title="LaModel::initialiseCaloriesProvidedByCropsMap" alt="" coords="1875,603,2173,627">
<area shape="rect" href="$classLaModel.html#acd746a9c50de3eaeb78dacccf2dde27" title="LaModel::initialiseProductionRequiredAnimalsMap" alt="" coords="1516,787,1825,811">
<area shape="rect" href="$classLaModel.html#6a7dbdae3b2106255cb5914f5f46a2c7" title="LaModel::initialiseCalcsAnimalsMap" alt="" coords="1909,855,2139,879">
<area shape="rect" href="$classLaModel.html#98a138ed590909e6ae2f4a9e92c0ac64" title="LaModel::initialiseValueMap" alt="" coords="1580,652,1761,676">
<area shape="rect" href="$classLaAnimalParameterManager.html#741afc2ceb5a2fefdc8157ff0139c299" title="LaAnimalParameterManager::LaAnimalParameterManager" alt="" coords="531,951,888,975">
<area shape="rect" href="$classLaAssemblageConversion.html#01d405aee2b2554cee9df16e8d79ceae" title="LaAssemblageConversion::LaAssemblageConversion" alt="" coords="544,999,875,1023">
<area shape="rect" href="$classLaAnimalManager.html#142bab8a1ce1cf043a11b6b9a2334dbd" title="LaAnimalManager::refreshAnimalTable" alt="" coords="588,1047,831,1071">
<area shape="rect" href="$classLaAnimalManager.html#d77670b68efa77e6ca529ffe427b7507" title="LaAnimalManager::LaAnimalManager" alt="" coords="936,1047,1173,1071">
