<area shape="rect" href="$classLaSerialisable.html#2442a25a3044b53a6a34f1e2387d35c0" title="LaSerialisable::fromXmlFile" alt="" coords="215,1744,393,1768">
<area shape="rect" href="$classLaUtils.html#31401524c3416531ef439851cd69cd21" title="LaUtils::getAnimal" alt="" coords="543,500,671,524">
<area shape="rect" href="$classLaUtils.html#fd9d58e854e54a9ce823ebe0b177471f" title="LaUtils::getAnimalParameter" alt="" coords="513,764,700,788">
<area shape="rect" href="$classLaUtils.html#435911951413b858799a013a01b47586" title="LaUtils::getAvailableAnimalParameters" alt="" coords="483,1658,731,1682">
<area shape="rect" href="$classLaUtils.html#aa01841fb18f566d8c2668fe5de5fc44" title="LaUtils::getAvailableAnimals" alt="" coords="513,1720,700,1744">
<area shape="rect" href="$classLaUtils.html#d50cf3269efc4c7298768ce78b56c610" title="LaUtils::getAvailableCropParameters" alt="" coords="489,1816,724,1840">
<area shape="rect" href="$classLaUtils.html#11f60f81b93a26a0c14d5812a68e6b16" title="LaUtils::getAvailableCrops" alt="" coords="520,1768,693,1792">
<area shape="rect" href="$classLaUtils.html#7f444ecadda6970730d87db2d166091e" title="LaUtils::getCrop" alt="" coords="549,1428,664,1452">
<area shape="rect" href="$classLaUtils.html#946206fd47158b870a8f0caa1235d693" title="LaUtils::getCropParameter" alt="" coords="520,1260,693,1284">
<area shape="rect" href="$classLaAnimalManager.html#42aee2965f1ea01c7d8976b2d69d1b30" title="LaAnimalManager::selectAnimal" alt="" coords="503,1864,711,1888">
<area shape="rect" href="$classLaAnimalParameterManager.html#eaf535b176974e708db3a905a47db62d" title="LaAnimalParameterManager::selectAnimalParameter" alt="" coords="443,1912,771,1936">
<area shape="rect" href="$classLaCropManager.html#56a826d4b5a67aeaf70ff3cf9e6a3a59" title="LaCropManager::selectCrop" alt="" coords="516,1960,697,1984">
<area shape="rect" href="$classLaCropParameterManager.html#7e035a7ec1c7c73585b96322bea89228" title="LaCropParameterManager::selectCropParameter" alt="" coords="456,2008,757,2032">
<area shape="rect" href="$classLaModel.html#26b9bb0973294e864b680633f27fce75" title="LaModel::allocateFallowGrazingLand" alt="" coords="1644,913,1876,937">
<area shape="rect" href="$classLaModel.html#432c194de81423c6a656a428562fcab4" title="LaModel::calculateHerdSize" alt="" coords="1319,177,1503,201">
<area shape="rect" href="$classLaModel.html#8dfc516f791f8bd9eb0e03ce0e228902" title="LaModel::caloriesFromMilk" alt="" coords="1672,177,1848,201">
<area shape="rect" href="$classLaModel.html#e37a2ee784ea6e3b4ae58a87a832a25c" title="LaModel::countTotalCaloriesFromDairy" alt="" coords="1637,226,1883,250">
<area shape="rect" href="$classLaModel.html#663235ceb3f93ba7891efef16e7a6cd4" title="LaModel::caloriesFromDairyProducts" alt="" coords="884,716,1119,740">
<area shape="rect" href="$classLaModel.html#20e93ea1cebcf4dee9ccd72b9de4e4e7" title="LaModel::countAnimals" alt="" coords="923,764,1080,788">
<area shape="rect" href="$classLaModel.html#56ea4ae4234c19fe589ec59fb659e03b" title="LaModel::doTheFallowAllocation" alt="" coords="897,524,1105,548">
<area shape="rect" href="$classLaModel.html#818c8f0014d674d97bf64bf7330fa085" title="LaModel::getProductionTargetsAnimals" alt="" coords="877,326,1125,350">
<area shape="rect" href="$classLaModel.html#4855f683b262351b662555bcf1c6e943" title="LaModel::reportForAnimal" alt="" coords="1325,302,1496,326">
<area shape="rect" href="$classLaModel.html#e63d081ac852fa5e8547e9e670271573" title="LaModel::requiredValue" alt="" coords="1333,364,1488,388">
<area shape="rect" href="$classLaModel.html#fff855dda49be4019646efa57d186133" title="LaModel::initialiseAreaTargetsAnimalsMap" alt="" coords="868,476,1135,500">
<area shape="rect" href="$classLaModel.html#e4d9b8377d7b2becccf6233c5d9090ac" title="LaModel::toHtml" alt="" coords="944,1012,1059,1036">
<area shape="rect" href="$classLaModel.html#cccc514f51427f5f9f8dd2d7bb7e1a5b" title="LaModel::toHtmlAreaAnimalTargets" alt="" coords="888,572,1115,596">
<area shape="rect" href="$classLaModel.html#aac662ecc78a295253c3979e2b96d1a4" title="LaModel::toHtmlCalorieAnimalTargets" alt="" coords="881,620,1121,644">
<area shape="rect" href="$classLaModel.html#c969367346ed70d1a49d029d86ae4c81" title="LaModel::toHtmlProductionAnimalTargets" alt="" coords="871,668,1132,692">
<area shape="rect" href="$classLaModel.html#e9867f7eb061ea3e6753f1769936d60a" title="LaModel::DoCalculations" alt="" coords="2004,913,2169,937">
<area shape="rect" href="$classLaModel.html#e45aff82c64593a44635adcbe6bbd8e8" title="LaModel::caloriesProvidedByTheMilkOfTheAnimal" alt="" coords="1931,521,2243,545">
<area shape="rect" href="$classLaModel.html#4cd484b26bcad25b9a94067f175a3049" title="LaModel::caloriesProvidedByTheCrop" alt="" coords="1291,1012,1531,1036">
<area shape="rect" href="$classLaModel.html#71cac09822d4c19bee91cfb8845ff68a" title="LaModel::caloriesProvidedByTheMeatOfTheAnimal" alt="" coords="843,964,1160,988">
<area shape="rect" href="$classLaAnimalParameterManager.html#c5f30d4676e459f1d21b70755e63e113" title="LaAnimalParameterManager::refreshAnimalParameterTable" alt="" coords="820,1646,1183,1670">
<area shape="rect" href="$classLaAnimalParameterManager.html#741afc2ceb5a2fefdc8157ff0139c299" title="LaAnimalParameterManager::LaAnimalParameterManager" alt="" coords="1232,1696,1589,1720">
<area shape="rect" href="$classLaAssemblageConversion.html#01d405aee2b2554cee9df16e8d79ceae" title="LaAssemblageConversion::LaAssemblageConversion" alt="" coords="836,1745,1167,1769">
<area shape="rect" href="$classLaAnimalManager.html#142bab8a1ce1cf043a11b6b9a2334dbd" title="LaAnimalManager::refreshAnimalTable" alt="" coords="880,1793,1123,1817">
<area shape="rect" href="$classLaCropParameterManager.html#b03dc717dc83331b062983151e4e22a6" title="LaCropParameterManager::refreshCropParameterTable" alt="" coords="832,1988,1171,2012">
<area shape="rect" href="$classLaCropParameterManager.html#2d482f07c62d895adc8a3d60567d1cee" title="LaCropParameterManager::LaCropParameterManager" alt="" coords="1245,1962,1576,1986">
<area shape="rect" href="$classLaAnimalParameterManager.html#23b4783b792997c1a318097f7b6fdd3c" title="LaAnimalParameterManager::populateFodder" alt="" coords="860,1841,1143,1865">
<area shape="rect" href="$classLaCropManager.html#69a6331d3cdc279d2d1e2094d59c5962" title="LaCropManager::refreshCropTable" alt="" coords="892,1889,1111,1913">
<area shape="rect" href="$classLaModel.html#56e297d885a15e3b68dfa6fd8a1d15eb" title="LaModel::countCrops" alt="" coords="929,1404,1073,1428">
<area shape="rect" href="$classLaModel.html#be5540f9ee8a2b962b8001712dcebdfc" title="LaModel::getAreaTargetsCrops" alt="" coords="901,1308,1101,1332">
<area shape="rect" href="$classLaModel.html#fd77f30dc99d5a287a35a0c509360541" title="LaModel::getProductionTargetsCrops" alt="" coords="884,1598,1119,1622">
<area shape="rect" href="$classLaModel.html#35e2401571bd7dd7411cec0062a6a4a9" title="LaModel::reportForCrop" alt="" coords="923,1550,1080,1574">
<area shape="rect" href="$classLaModel.html#642659ce7818ab6b66aff8396026906d" title="LaModel::toHtmlAreaCropTargets" alt="" coords="895,1452,1108,1476">
<area shape="rect" href="$classLaModel.html#80e3dab60470a6d264c22cc8c4fa30fd" title="LaModel::toHtmlCalorieCropTargets" alt="" coords="888,1260,1115,1284">
<area shape="rect" href="$classLaModel.html#774f3e7edd4c3d7f8ead5afa1f4cdda9" title="LaModel::toHtmlProductionCropTargets" alt="" coords="877,1356,1125,1380">
<area shape="rect" href="$classLaModel.html#11255142af29d655b2715b07226a840c" title="LaModel::initialiseAreaTargetsCropsMap" alt="" coords="1284,1210,1537,1234">
<area shape="rect" href="$classLaModel.html#9d6d7750fe2eaf5116d8b8c4edc922a6" title="LaModel::getFallowLandForACrop" alt="" coords="893,1161,1109,1185">
