<area shape="rect" href="$classLaUtils.html#31401524c3416531ef439851cd69cd21" title="LaUtils::getAnimal" alt="" coords="335,476,463,500">
<area shape="rect" href="$classLaUtils.html#fd9d58e854e54a9ce823ebe0b177471f" title="LaUtils::getAnimalParameter" alt="" coords="305,693,492,717">
<area shape="rect" href="$classLaUtils.html#435911951413b858799a013a01b47586" title="LaUtils::getAvailableAnimalParameters" alt="" coords="275,1560,523,1584">
<area shape="rect" href="$classLaUtils.html#aa01841fb18f566d8c2668fe5de5fc44" title="LaUtils::getAvailableAnimals" alt="" coords="305,1620,492,1644">
<area shape="rect" href="$classLaUtils.html#d50cf3269efc4c7298768ce78b56c610" title="LaUtils::getAvailableCropParameters" alt="" coords="281,1716,516,1740">
<area shape="rect" href="$classLaUtils.html#11f60f81b93a26a0c14d5812a68e6b16" title="LaUtils::getAvailableCrops" alt="" coords="312,1668,485,1692">
<area shape="rect" href="$classLaUtils.html#7f444ecadda6970730d87db2d166091e" title="LaUtils::getCrop" alt="" coords="341,1329,456,1353">
<area shape="rect" href="$classLaUtils.html#946206fd47158b870a8f0caa1235d693" title="LaUtils::getCropParameter" alt="" coords="312,1161,485,1185">
<area shape="rect" href="$classLaAnimalManager.html#42aee2965f1ea01c7d8976b2d69d1b30" title="LaAnimalManager::selectAnimal" alt="" coords="295,1764,503,1788">
<area shape="rect" href="$classLaAnimalParameterManager.html#eaf535b176974e708db3a905a47db62d" title="LaAnimalParameterManager::selectAnimalParameter" alt="" coords="235,1812,563,1836">
<area shape="rect" href="$classLaCropManager.html#56a826d4b5a67aeaf70ff3cf9e6a3a59" title="LaCropManager::selectCrop" alt="" coords="308,1860,489,1884">
<area shape="rect" href="$classLaCropParameterManager.html#7e035a7ec1c7c73585b96322bea89228" title="LaCropParameterManager::selectCropParameter" alt="" coords="248,1908,549,1932">
<area shape="rect" href="$classLaModel.html#26b9bb0973294e864b680633f27fce75" title="LaModel::allocateFallowGrazingLand" alt="" coords="1469,766,1701,790">
<area shape="rect" href="$classLaModel.html#663235ceb3f93ba7891efef16e7a6cd4" title="LaModel::caloriesFromDairyProducts" alt="" coords="676,766,911,790">
<area shape="rect" href="$classLaModel.html#8dfc516f791f8bd9eb0e03ce0e228902" title="LaModel::caloriesFromMilk" alt="" coords="1497,180,1673,204">
<area shape="rect" href="$classLaModel.html#20e93ea1cebcf4dee9ccd72b9de4e4e7" title="LaModel::countAnimals" alt="" coords="715,572,872,596">
<area shape="rect" href="$classLaModel.html#56ea4ae4234c19fe589ec59fb659e03b" title="LaModel::doTheFallowAllocation" alt="" coords="689,620,897,644">
<area shape="rect" href="$classLaModel.html#818c8f0014d674d97bf64bf7330fa085" title="LaModel::getProductionTargetsAnimals" alt="" coords="669,278,917,302">
<area shape="rect" href="$classLaModel.html#e0e616403a10073e061bd6e062555b72" title="LaModel::herdSize" alt="" coords="1139,180,1267,204">
<area shape="rect" href="$classLaModel.html#4855f683b262351b662555bcf1c6e943" title="LaModel::reportForAnimal" alt="" coords="1117,229,1288,253">
<area shape="rect" href="$classLaModel.html#e63d081ac852fa5e8547e9e670271573" title="LaModel::requiredValue" alt="" coords="1125,328,1280,352">
<area shape="rect" href="$classLaModel.html#fff855dda49be4019646efa57d186133" title="LaModel::initialiseAreaTargetsAnimalsMap" alt="" coords="660,524,927,548">
<area shape="rect" href="$classLaModel.html#e4d9b8377d7b2becccf6233c5d9090ac" title="LaModel::toHtml" alt="" coords="736,913,851,937">
<area shape="rect" href="$classLaModel.html#cccc514f51427f5f9f8dd2d7bb7e1a5b" title="LaModel::toHtmlAreaAnimalTargets" alt="" coords="680,668,907,692">
<area shape="rect" href="$classLaModel.html#aac662ecc78a295253c3979e2b96d1a4" title="LaModel::toHtmlCalorieAnimalTargets" alt="" coords="673,476,913,500">
<area shape="rect" href="$classLaModel.html#c969367346ed70d1a49d029d86ae4c81" title="LaModel::toHtmlProductionAnimalTargets" alt="" coords="663,428,924,452">
<area shape="rect" href="$classLaModel.html#e9867f7eb061ea3e6753f1769936d60a" title="LaModel::DoCalculations" alt="" coords="1863,632,2028,656">
<area shape="rect" href="$classLaModel.html#4a138338d90a88dd27f3493e5914ab31" title="LaModel::caloriesFromCrops" alt="" coords="1109,766,1296,790">
<area shape="rect" href="$classLaModel.html#4cd484b26bcad25b9a94067f175a3049" title="LaModel::caloriesProvidedByTheCrop" alt="" coords="1083,937,1323,961">
<area shape="rect" href="$classLaModel.html#e45aff82c64593a44635adcbe6bbd8e8" title="LaModel::caloriesProvidedByTheMilkOfTheAnimal" alt="" coords="1789,449,2101,473">
<area shape="rect" href="$classLaModel.html#acd746a9c50de3eaeb78dacccf2dde27" title="LaModel::initialiseProductionRequiredAnimalsMap" alt="" coords="1431,302,1740,326">
<area shape="rect" href="$classLaModel.html#71cac09822d4c19bee91cfb8845ff68a" title="LaModel::caloriesProvidedByTheMeatOfTheAnimal" alt="" coords="635,814,952,838">
<area shape="rect" href="$classLaAnimalParameterManager.html#c5f30d4676e459f1d21b70755e63e113" title="LaAnimalParameterManager::refreshAnimalParameterTable" alt="" coords="612,1548,975,1572">
<area shape="rect" href="$classLaAnimalParameterManager.html#741afc2ceb5a2fefdc8157ff0139c299" title="LaAnimalParameterManager::LaAnimalParameterManager" alt="" coords="1024,1693,1381,1717">
<area shape="rect" href="$classLaAssemblageConversion.html#01d405aee2b2554cee9df16e8d79ceae" title="LaAssemblageConversion::LaAssemblageConversion" alt="" coords="628,1644,959,1668">
<area shape="rect" href="$classLaAnimalManager.html#142bab8a1ce1cf043a11b6b9a2334dbd" title="LaAnimalManager::refreshAnimalTable" alt="" coords="672,1596,915,1620">
<area shape="rect" href="$classLaCropParameterManager.html#b03dc717dc83331b062983151e4e22a6" title="LaCropParameterManager::refreshCropParameterTable" alt="" coords="624,1889,963,1913">
<area shape="rect" href="$classLaCropParameterManager.html#2d482f07c62d895adc8a3d60567d1cee" title="LaCropParameterManager::LaCropParameterManager" alt="" coords="1037,1864,1368,1888">
<area shape="rect" href="$classLaAnimalParameterManager.html#23b4783b792997c1a318097f7b6fdd3c" title="LaAnimalParameterManager::populateFodder" alt="" coords="652,1742,935,1766">
<area shape="rect" href="$classLaCropManager.html#69a6331d3cdc279d2d1e2094d59c5962" title="LaCropManager::refreshCropTable" alt="" coords="684,1790,903,1814">
<area shape="rect" href="$classLaModel.html#56e297d885a15e3b68dfa6fd8a1d15eb" title="LaModel::countCrops" alt="" coords="721,1257,865,1281">
<area shape="rect" href="$classLaModel.html#be5540f9ee8a2b962b8001712dcebdfc" title="LaModel::getAreaTargetsCrops" alt="" coords="693,1209,893,1233">
<area shape="rect" href="$classLaModel.html#fd77f30dc99d5a287a35a0c509360541" title="LaModel::getProductionTargetsCrops" alt="" coords="676,1500,911,1524">
<area shape="rect" href="$classLaModel.html#35e2401571bd7dd7411cec0062a6a4a9" title="LaModel::reportForCrop" alt="" coords="715,1452,872,1476">
<area shape="rect" href="$classLaModel.html#642659ce7818ab6b66aff8396026906d" title="LaModel::toHtmlAreaCropTargets" alt="" coords="687,1305,900,1329">
<area shape="rect" href="$classLaModel.html#80e3dab60470a6d264c22cc8c4fa30fd" title="LaModel::toHtmlCalorieCropTargets" alt="" coords="680,1353,907,1377">
<area shape="rect" href="$classLaModel.html#774f3e7edd4c3d7f8ead5afa1f4cdda9" title="LaModel::toHtmlProductionCropTargets" alt="" coords="669,1161,917,1185">
<area shape="rect" href="$classLaModel.html#11255142af29d655b2715b07226a840c" title="LaModel::initialiseAreaTargetsCropsMap" alt="" coords="1076,1112,1329,1136">
<area shape="rect" href="$classLaModel.html#9d6d7750fe2eaf5116d8b8c4edc922a6" title="LaModel::getFallowLandForACrop" alt="" coords="685,1062,901,1086">
