<area shape="rect" href="$classLaModel.html#71cac09822d4c19bee91cfb8845ff68a" title="LaModel::caloriesProvidedByTheMeatOfTheAnimal" alt="" coords="480,151,797,175">
<area shape="rect" href="$classLaModel.html#e45aff82c64593a44635adcbe6bbd8e8" title="LaModel::caloriesProvidedByTheMilkOfTheAnimal" alt="" coords="1501,176,1813,200">
<area shape="rect" href="$classLaModel.html#b2b2072ff1352c5001dde36fbfdd6f94" title="LaModel::fromXml" alt="" coords="215,249,343,273">
<area shape="rect" href="$classLaUtils.html#31401524c3416531ef439851cd69cd21" title="LaUtils::getAnimal" alt="" coords="215,345,343,369">
<area shape="rect" href="$classLaModel.html#818c8f0014d674d97bf64bf7330fa085" title="LaModel::getProductionTargetsAnimals" alt="" coords="515,447,763,471">
<area shape="rect" href="$classLaUtils.html#fd9d58e854e54a9ce823ebe0b177471f" title="LaUtils::getAnimalParameter" alt="" coords="185,297,372,321">
<area shape="rect" href="$classLaModel.html#be5540f9ee8a2b962b8001712dcebdfc" title="LaModel::getAreaTargetsCrops" alt="" coords="539,543,739,567">
<area shape="rect" href="$classLaUtils.html#435911951413b858799a013a01b47586" title="LaUtils::getAvailableAnimalParameters" alt="" coords="155,692,403,716">
<area shape="rect" href="$classLaAnimalParameterManager.html#c5f30d4676e459f1d21b70755e63e113" title="LaAnimalParameterManager::refreshAnimalParameterTable" alt="" coords="457,692,820,716">
<area shape="rect" href="$classLaAnimalParameterManager.html#741afc2ceb5a2fefdc8157ff0139c299" title="LaAnimalParameterManager::LaAnimalParameterManager" alt="" coords="869,792,1227,816">
<area shape="rect" href="$classLaUtils.html#aa01841fb18f566d8c2668fe5de5fc44" title="LaUtils::getAvailableAnimals" alt="" coords="185,841,372,865">
<area shape="rect" href="$classLaAssemblageConversion.html#01d405aee2b2554cee9df16e8d79ceae" title="LaAssemblageConversion::LaAssemblageConversion" alt="" coords="473,792,804,816">
<area shape="rect" href="$classLaAnimalManager.html#142bab8a1ce1cf043a11b6b9a2334dbd" title="LaAnimalManager::refreshAnimalTable" alt="" coords="517,891,760,915">
<area shape="rect" href="$classLaUtils.html#d50cf3269efc4c7298768ce78b56c610" title="LaUtils::getAvailableCropParameters" alt="" coords="161,1039,396,1063">
<area shape="rect" href="$classLaCropParameterManager.html#b03dc717dc83331b062983151e4e22a6" title="LaCropParameterManager::refreshCropParameterTable" alt="" coords="469,1039,808,1063">
<area shape="rect" href="$classLaCropParameterManager.html#2d482f07c62d895adc8a3d60567d1cee" title="LaCropParameterManager::LaCropParameterManager" alt="" coords="883,1136,1213,1160">
<area shape="rect" href="$classLaUtils.html#11f60f81b93a26a0c14d5812a68e6b16" title="LaUtils::getAvailableCrops" alt="" coords="192,1137,365,1161">
<area shape="rect" href="$classLaAnimalParameterManager.html#23b4783b792997c1a318097f7b6fdd3c" title="LaAnimalParameterManager::populateFodder" alt="" coords="497,1087,780,1111">
<area shape="rect" href="$classLaCropManager.html#69a6331d3cdc279d2d1e2094d59c5962" title="LaCropManager::refreshCropTable" alt="" coords="529,1812,748,1836">
<area shape="rect" href="$classLaUtils.html#7f444ecadda6970730d87db2d166091e" title="LaUtils::getCrop" alt="" coords="221,543,336,567">
<area shape="rect" href="$classLaModel.html#fd77f30dc99d5a287a35a0c509360541" title="LaModel::getProductionTargetsCrops" alt="" coords="521,592,756,616">
<area shape="rect" href="$classLaUtils.html#946206fd47158b870a8f0caa1235d693" title="LaUtils::getCropParameter" alt="" coords="192,444,365,468">
<area shape="rect" href="$classLaAnimal.html#4e935aed13bb4951ab098d8445fde7f0" title="LaAnimal::LaAnimal" alt="" coords="211,1236,347,1260">
<area shape="rect" href="$classLaAnimalParameter.html#eecae972b191f25ca89653f0fe86ba8f" title="LaAnimalParameter::LaAnimalParameter" alt="" coords="151,1284,407,1308">
<area shape="rect" href="$classLaCrop.html#bfe4f644cd5d2e0d2781354183d5066a" title="LaCrop::LaCrop" alt="" coords="223,1332,335,1356">
<area shape="rect" href="$classLaCropParameter.html#2567085b1ef5bb21ceb3cade80236bf7" title="LaCropParameter::LaCropParameter" alt="" coords="163,1380,395,1404">
<area shape="rect" href="$classLaModel.html#c2393b3ef80b76a86bb545ac40c7ae5d" title="LaModel::LaModel" alt="" coords="215,1428,343,1452">
<area shape="rect" href="$classLaModel.html#673dc93808d288604d80c96526989c11" title="LaModel::operator=" alt="" coords="212,1476,345,1500">
<area shape="rect" href="$classLaCropParameter.html#5d9396164e5d2cecdd1c9e69f3325fb6" title="LaCropParameter::operator=" alt="" coords="187,1524,371,1548">
<area shape="rect" href="$classLaCrop.html#98b8bfc7c30de16cbbbfb5573a270c68" title="LaCrop::operator=" alt="" coords="216,1572,341,1596">
<area shape="rect" href="$classLaAnimalParameter.html#03c5ba1bff402ddaf950cf6e42f71f70" title="LaAnimalParameter::operator=" alt="" coords="180,1620,377,1644">
<area shape="rect" href="$classLaAnimal.html#eda26d91d704aa2f544c8f84ba447e98" title="LaAnimal::operator=" alt="" coords="209,1668,348,1692">
<area shape="rect" href="$classLaModel.html#e752b12dc99a33adb76797b50c82e93f" title="LaModel::toText" alt="" coords="223,1716,335,1740">
<area shape="rect" href="$classLaCropParameter.html#451116ebef5db5d3e90d0745315bf055" title="LaCropParameter::toText" alt="" coords="196,1764,361,1788">
<area shape="rect" href="$classLaCrop.html#8501b1b27ee47a5cd10f87ac4dc1207f" title="LaCrop::toText" alt="" coords="227,1812,331,1836">
<area shape="rect" href="$classLaAnimalParameter.html#e5b66dbd8cc3acb917fc0d6a2ed271a3" title="LaAnimalParameter::toText" alt="" coords="189,1860,368,1884">
<area shape="rect" href="$classLaAnimal.html#8e5f66a8d9cf85011ee0b4985dc5ac4a" title="LaAnimal::toText" alt="" coords="220,940,337,964">
<area shape="rect" href="$classLaModel.html#2488f416161ae651a28e4a532936873d" title="LaModel::toXml" alt="" coords="223,1959,335,1983">
<area shape="rect" href="$classLaCropParameter.html#56fdfb4be0019ee04b50a23c5d7b82ee" title="LaCropParameter::toXml" alt="" coords="197,2007,360,2031">
<area shape="rect" href="$classLaCrop.html#d3fe49d1de45b2659dcc38be43cbc325" title="LaCrop::toXml" alt="" coords="227,2055,331,2079">
<area shape="rect" href="$classLaAnimalParameter.html#95c9fd177dddeae2dc847a675249bb67" title="LaAnimalParameter::toXml" alt="" coords="191,2103,367,2127">
<area shape="rect" href="$classLaAnimal.html#36528e9b240943496766e827424c2135" title="LaAnimal::toXml" alt="" coords="220,2151,337,2175">
<area shape="rect" href="$classLaModel.html#fbbbfe448366f2d5630586763e7a6be7" title="LaModel::initialiseCaloriesProvidedByMeatMap" alt="" coords="901,151,1195,175">
<area shape="rect" href="$classLaModel.html#0f85a2f08e31c6964ed22f449249714a" title="LaModel::initialiseCaloriesProvidedByMilkMap" alt="" coords="1861,127,2149,151">
<area shape="rect" href="$classLaModel.html#26b9bb0973294e864b680633f27fce75" title="LaModel::allocateFallowGrazingLand" alt="" coords="523,495,755,519">
<area shape="rect" href="$classLaModel.html#432c194de81423c6a656a428562fcab4" title="LaModel::calculateHerdSize" alt="" coords="956,397,1140,421">
<area shape="rect" href="$classLaModel.html#8dfc516f791f8bd9eb0e03ce0e228902" title="LaModel::caloriesFromMilk" alt="" coords="1276,347,1452,371">
<area shape="rect" href="$classLaModel.html#663235ceb3f93ba7891efef16e7a6cd4" title="LaModel::caloriesFromDairyProducts" alt="" coords="521,249,756,273">
<area shape="rect" href="$classLaModel.html#20e93ea1cebcf4dee9ccd72b9de4e4e7" title="LaModel::countAnimals" alt="" coords="560,297,717,321">
