<area shape="rect" href="$classLaCrop.html" title="{LaCrop\n|&#45; mName\l&#45; mDescription\l&#45; mCropYield\l&#45; mCropCalories\l&#45; mCropFodderProduction\l&#45; mCropFodderValue\l&#45; mAreaUnits\l&#45; mCropFodderEnergyType\l&#45; mImageFile\l|+ LaCrop()\l+ ~LaCrop()\l+ LaCrop()\l+ operator=()\l+ name()\l+ description()\l+ cropYield()\l+ cropCalories()\l+ fodderProduction()\l+ fodderValue()\l+ areaUnits()\l+ cropFodderEnergyType()\l+ imageFile()\l+ setName()\l+ setDescription()\l+ setCropYield()\l+ setCropCalories()\l+ setFodderProduction()\l+ setCropFodderValue()\l+ setAreaUnits()\l+ setCropFodderEnergyType()\l+ setImageFile()\l+ toXml()\l+ toText()\l+ toHtml()\l+ fromXml()\l}" alt="" coords="40,204,235,740">
<area shape="rect" href="$classLaSerialisable.html" title="{LaSerialisable\n||+ LaSerialisable()\l+ ~LaSerialisable()\l+ toXml()\l+ toXmlFile()\l+ fromXml()\l+ fromXmlFile()\l}" alt="" coords="5,7,136,151">
<area shape="rect" href="$classLaGuid.html" title="{LaGuid\n|&#45; mGuid\l|+ LaGuid()\l+ ~LaGuid()\l+ guid()\l+ setGuid()\l}" alt="" coords="160,20,251,138">
