<area shape="rect" href="$classLaGrass.html#edb07793b9a69408df544fa0d0c93a18" title="LaGrass::getArea" alt="" coords="508,5,631,29">
<area shape="rect" href="$classLaGrass.html#b7e734668977d94c208e8ace8fdeb2fd" title="LaGrass::makeEuclideanCost" alt="" coords="213,320,408,344">
<area shape="rect" href="$classLaGrass.html#9e603d7121d140d82205bd655226da57" title="LaGrass::makePathDistanceCost" alt="" coords="203,368,419,392">
<area shape="rect" href="$classLaGrass.html#f284e33f4a3a7c72ff6b07d4fd298442" title="LaGrass::runCommand" alt="" coords="233,272,388,296">
<area shape="rect" href="$classLaGrass.html#78d9b49e330ef14ec9273c122010e060" title="LaGrass::writeMetaData" alt="" coords="231,416,391,440">
<area shape="rect" href="$classLaGrass.html#bb76755a83100538ade98e722ea2096b" title="LaGrass::copyMap" alt="" coords="504,197,635,221">
<area shape="rect" href="$classLaGrass.html#9e1c66fb3127d7e80749b0d595cf8def" title="LaGrass::createCombinedMask" alt="" coords="468,53,671,77">
<area shape="rect" href="$classLaGrass.html#57f282164d31a59eecc8116a43caf392" title="LaGrass::createInverseMask" alt="" coords="804,151,993,175">
<area shape="rect" href="$classLaGrass.html#311655ccab978b9f745e63957096c8cc" title="LaGrass::createFrictionMap" alt="" coords="479,347,660,371">
<area shape="rect" href="$classLaGrass.html#f4a9149ac2e288bcb8bff22b80fd148a" title="LaGrass::createMask" alt="" coords="496,395,643,419">
<area shape="rect" href="$classLaGrass.html#333d63b771c598f5c5f571885dbae9f5" title="LaGrass::getMapsetList" alt="" coords="489,491,649,515">
<area shape="rect" href="$classLaGrass.html#0a978a93b568b6fc75053f92f1abb6c4" title="LaGrass::getRasterList" alt="" coords="492,587,647,611">
<area shape="rect" href="$classLaGrass.html#55adc32ef99da90ca70ed8f06a85fe26" title="LaGrass::makeWalkCost" alt="" coords="487,539,652,563">
<area shape="rect" href="$classLaGrass.html#58f3229f435388fc05267f1c6b574c6d" title="LaGrass::mergeMaps" alt="" coords="825,369,972,393">
<area shape="rect" href="$classLaGrass.html#f533ba5d69337482a5d2097f3a08ec22" title="LaGrass::reclass" alt="" coords="509,101,629,125">
<area shape="rect" href="$classLaGrass.html#ca803735a2b84afd299adc9ccd8d87e0" title="LaGrass::removeFile" alt="" coords="499,443,640,467">
<area shape="rect" href="$classLaGrass.html#5e15e665a98c13027777f07bf2879ac8" title="LaGrass::runCommand" alt="" coords="492,149,647,173">
<area shape="rect" href="$classLaAnimalParameterManager.html#741afc2ceb5a2fefdc8157ff0139c299" title="LaAnimalParameterManager::LaAnimalParameterManager" alt="" coords="720,587,1077,611">
<area shape="rect" href="$classLaCropParameterManager.html#2d482f07c62d895adc8a3d60567d1cee" title="LaCropParameterManager::LaCropParameterManager" alt="" coords="733,491,1064,515">
<area shape="rect" href="$classLaMainForm.html#5fcf455c03090d2dc518b6b8bd8f07a2" title="LaMainForm::LaMainForm" alt="" coords="812,539,985,563">
