<area shape="rect" href="$classLaModel.html#e0e616403a10073e061bd6e062555b72" title="LaModel::herdSize" alt="" coords="323,5,451,29">
<area shape="rect" href="$classLaModel.html#acd746a9c50de3eaeb78dacccf2dde27" title="LaModel::initialiseProductionRequiredAnimalsMap" alt="" coords="521,55,831,79">
<area shape="rect" href="$classLaModel.html#4855f683b262351b662555bcf1c6e943" title="LaModel::reportForAnimal" alt="" coords="301,104,472,128">
<area shape="rect" href="$classLaModel.html#e63d081ac852fa5e8547e9e670271573" title="LaModel::requiredValue" alt="" coords="959,155,1113,179">
<area shape="rect" href="$classLaModel.html#8dfc516f791f8bd9eb0e03ce0e228902" title="LaModel::caloriesFromMilk" alt="" coords="588,5,764,29">
<area shape="rect" href="$classLaModel.html#e45aff82c64593a44635adcbe6bbd8e8" title="LaModel::caloriesProvidedByTheMilkOfTheAnimal" alt="" coords="880,5,1192,29">
<area shape="rect" href="$classLaModel.html#0f85a2f08e31c6964ed22f449249714a" title="LaModel::initialiseCaloriesProvidedByMilkMap" alt="" coords="1240,5,1528,29">
<area shape="rect" href="$classLaModel.html#e9867f7eb061ea3e6753f1769936d60a" title="LaModel::DoCalculations" alt="" coords="1576,105,1741,129">
<area shape="rect" href="$classLaModel.html#6a7dbdae3b2106255cb5914f5f46a2c7" title="LaModel::initialiseCalcsAnimalsMap" alt="" coords="921,105,1151,129">
<area shape="rect" href="$classLaModel.html#26b9bb0973294e864b680633f27fce75" title="LaModel::allocateFallowGrazingLand" alt="" coords="1268,155,1500,179">
<area shape="rect" href="$classLaModel.html#98a138ed590909e6ae2f4a9e92c0ac64" title="LaModel::initialiseValueMap" alt="" coords="1293,203,1475,227">
