<area shape="rect" href="$laanimalmanager_8h.html" title="dev/cpp/landuseanalyst/src/gui/laanimalmanager.h" alt="" coords="5244,156,5556,180">
<area shape="rect" href="$laanimalparametermanager_8cpp.html" title="dev/cpp/landuseanalyst/src/gui/laanimalparametermanager.cpp" alt="" coords="1161,231,1545,255">
<area shape="rect" href="$lamainform_8h.html" title="dev/cpp/landuseanalyst/src/gui/lamainform.h" alt="" coords="420,156,700,180">
<area shape="rect" href="$laassemblageconversion_8cpp.html" title="dev/cpp/landuseanalyst/src/gui/laassemblageconversion.cpp" alt="" coords="764,231,1137,255">
<area shape="rect" href="$lagrassprocess_8cpp.html" title="dev/cpp/landuseanalyst/src/gui/lagrassprocess.cpp" alt="" coords="3597,231,3915,255">
<area shape="rect" href="$laanimal_8cpp.html" title="dev/cpp/landuseanalyst/src/lib/laanimal.cpp" alt="" coords="5580,156,5855,180">
<area shape="rect" href="$lautils_8h.html" title="dev/cpp/landuseanalyst/src/lib/lautils.h" alt="" coords="3435,81,3680,105">
<area shape="rect" href="$lautils_8cpp.html" title="dev/cpp/landuseanalyst/src/lib/lautils.cpp" alt="" coords="5879,156,6137,180">
<area shape="rect" href="$laanimalmanager_8cpp.html" title="dev/cpp/landuseanalyst/src/gui/laanimalmanager.cpp" alt="" coords="5096,231,5424,255">
<area shape="rect" href="$lamainform_8cpp.html" title="dev/cpp/landuseanalyst/src/gui/lamainform.cpp" alt="" coords="3413,305,3707,329">
<area shape="rect" href="$lamodelreports_8h.html" title="dev/cpp/landuseanalyst/src/gui/lamodelreports.h" alt="" coords="105,231,407,255">
<area shape="rect" href="$main_8cpp.html" title="dev/cpp/landuseanalyst/src/gui/main.cpp" alt="" coords="431,231,689,255">
<area shape="rect" href="$lamodelreports_8cpp.html" title="dev/cpp/landuseanalyst/src/gui/lamodelreports.cpp" alt="" coords="5,305,320,329">
<area shape="rect" href="$laanimalparametermanager_8h.html" title="dev/cpp/landuseanalyst/src/gui/laanimalparametermanager.h" alt="" coords="3209,156,3580,180">
<area shape="rect" href="$laassemblageconversion_8h.html" title="dev/cpp/landuseanalyst/src/gui/laassemblageconversion.h" alt="" coords="876,156,1236,180">
<area shape="rect" href="$lacropmanager_8h.html" title="dev/cpp/landuseanalyst/src/gui/lacropmanager.h" alt="" coords="4820,156,5119,180">
<area shape="rect" href="$lacropmanager_8cpp.html" title="dev/cpp/landuseanalyst/src/gui/lacropmanager.cpp" alt="" coords="4757,231,5072,255">
<area shape="rect" href="$lacropparametermanager_8h.html" title="dev/cpp/landuseanalyst/src/gui/lacropparametermanager.h" alt="" coords="4084,156,4441,180">
<area shape="rect" href="$lacropparametermanager_8cpp.html" title="dev/cpp/landuseanalyst/src/gui/lacropparametermanager.cpp" alt="" coords="3939,231,4309,255">
<area shape="rect" href="$lagrassprocess_8h.html" title="dev/cpp/landuseanalyst/src/gui/lagrassprocess.h" alt="" coords="3604,156,3908,180">
<area shape="rect" href="$laanimalparameter_8cpp.html" title="dev/cpp/landuseanalyst/src/lib/laanimalparameter.cpp" alt="" coords="4465,156,4796,180">
<area shape="rect" href="$lacrop_8cpp.html" title="dev/cpp/landuseanalyst/src/lib/lacrop.cpp" alt="" coords="1260,156,1521,180">
<area shape="rect" href="$lacropparameter_8cpp.html" title="dev/cpp/landuseanalyst/src/lib/lacropparameter.cpp" alt="" coords="1545,156,1863,180">
<area shape="rect" href="$lagrass_8cpp.html" title="dev/cpp/landuseanalyst/src/lib/lagrass.cpp" alt="" coords="1887,156,2153,180">
<area shape="rect" href="$lagrassprocesslib_8cpp.html" title="dev/cpp/landuseanalyst/src/lib/lagrassprocesslib.cpp" alt="" coords="2177,156,2505,180">
<area shape="rect" href="$lamodel_8cpp.html" title="dev/cpp/landuseanalyst/src/lib/lamodel.cpp" alt="" coords="2529,156,2801,180">
<area shape="rect" href="$lamodeltest_8cpp.html" title="dev/cpp/landuseanalyst/src/tests/lamodeltest.cpp" alt="" coords="2825,156,3135,180">
