<area shape="rect" href="$laanimalparametermanager_8h.html" title="dev/cpp/landuseanalyst/src/gui/laanimalparametermanager.h" alt="" coords="1077,156,1448,180">
<area shape="rect" href="$lamainform_8h.html" title="dev/cpp/landuseanalyst/src/gui/lamainform.h" alt="" coords="723,156,1003,180">
<area shape="rect" href="$lagrassprocess_8cpp.html" title="dev/cpp/landuseanalyst/src/gui/lagrassprocess.cpp" alt="" coords="1539,231,1856,255">
<area shape="rect" href="$laassemblageconversion_8h.html" title="dev/cpp/landuseanalyst/src/gui/laassemblageconversion.h" alt="" coords="339,156,699,180">
<area shape="rect" href="$lautils_8h.html" title="dev/cpp/landuseanalyst/src/lib/lautils.h" alt="" coords="2679,81,2924,105">
<area shape="rect" href="$laanimalparameter_8cpp.html" title="dev/cpp/landuseanalyst/src/lib/laanimalparameter.cpp" alt="" coords="5291,156,5621,180">
<area shape="rect" href="$lautils_8cpp.html" title="dev/cpp/landuseanalyst/src/lib/lautils.cpp" alt="" coords="5645,156,5904,180">
<area shape="rect" href="$laanimalparametermanager_8cpp.html" title="dev/cpp/landuseanalyst/src/gui/laanimalparametermanager.cpp" alt="" coords="1080,231,1464,255">
<area shape="rect" href="$lamainform_8cpp.html" title="dev/cpp/landuseanalyst/src/gui/lamainform.cpp" alt="" coords="1747,305,2040,329">
<area shape="rect" href="$laassemblageconversion_8cpp.html" title="dev/cpp/landuseanalyst/src/gui/laassemblageconversion.cpp" alt="" coords="24,231,397,255">
<area shape="rect" href="$lamodelreports_8h.html" title="dev/cpp/landuseanalyst/src/gui/lamodelreports.h" alt="" coords="704,231,1005,255">
<area shape="rect" href="$main_8cpp.html" title="dev/cpp/landuseanalyst/src/gui/main.cpp" alt="" coords="421,231,680,255">
<area shape="rect" href="$lamodelreports_8cpp.html" title="dev/cpp/landuseanalyst/src/gui/lamodelreports.cpp" alt="" coords="264,305,579,329">
<area shape="rect" href="$laanimalmanager_8h.html" title="dev/cpp/landuseanalyst/src/gui/laanimalmanager.h" alt="" coords="4955,156,5267,180">
<area shape="rect" href="$laanimalmanager_8cpp.html" title="dev/cpp/landuseanalyst/src/gui/laanimalmanager.cpp" alt="" coords="4867,231,5195,255">
<area shape="rect" href="$lacropmanager_8h.html" title="dev/cpp/landuseanalyst/src/gui/lacropmanager.h" alt="" coords="4099,156,4397,180">
<area shape="rect" href="$lacropmanager_8cpp.html" title="dev/cpp/landuseanalyst/src/gui/lacropmanager.cpp" alt="" coords="4083,231,4397,255">
<area shape="rect" href="$lacropparametermanager_8h.html" title="dev/cpp/landuseanalyst/src/gui/lacropparametermanager.h" alt="" coords="4472,156,4829,180">
<area shape="rect" href="$lacropparametermanager_8cpp.html" title="dev/cpp/landuseanalyst/src/gui/lacropparametermanager.cpp" alt="" coords="4472,231,4843,255">
<area shape="rect" href="$lagrassprocess_8h.html" title="dev/cpp/landuseanalyst/src/gui/lagrassprocess.h" alt="" coords="1573,156,1877,180">
<area shape="rect" href="$laanimal_8cpp.html" title="dev/cpp/landuseanalyst/src/lib/laanimal.cpp" alt="" coords="1901,156,2176,180">
<area shape="rect" href="$lacrop_8cpp.html" title="dev/cpp/landuseanalyst/src/lib/lacrop.cpp" alt="" coords="2200,156,2461,180">
<area shape="rect" href="$lacropparameter_8cpp.html" title="dev/cpp/landuseanalyst/src/lib/lacropparameter.cpp" alt="" coords="2485,156,2803,180">
<area shape="rect" href="$lagrass_8cpp.html" title="dev/cpp/landuseanalyst/src/lib/lagrass.cpp" alt="" coords="2827,156,3093,180">
<area shape="rect" href="$lagrassprocesslib_8cpp.html" title="dev/cpp/landuseanalyst/src/lib/lagrassprocesslib.cpp" alt="" coords="3117,156,3445,180">
<area shape="rect" href="$lamodel_8cpp.html" title="dev/cpp/landuseanalyst/src/lib/lamodel.cpp" alt="" coords="3469,156,3741,180">
<area shape="rect" href="$lamodeltest_8cpp.html" title="dev/cpp/landuseanalyst/src/tests/lamodeltest.cpp" alt="" coords="3765,156,4075,180">
