<area shape="rect" href="$lacropmanager_8h.html" title="dev/cpp/landuseanalyst/src/gui/lacropmanager.h" alt="" coords="4705,161,5004,185">
<area shape="rect" href="$lacropparametermanager_8cpp.html" title="dev/cpp/landuseanalyst/src/gui/lacropparametermanager.cpp" alt="" coords="3607,236,3977,260">
<area shape="rect" href="$lagrassprocess_8cpp.html" title="dev/cpp/landuseanalyst/src/gui/lagrassprocess.cpp" alt="" coords="24,236,341,260">
<area shape="rect" href="$lautils_8h.html" title="dev/cpp/landuseanalyst/src/lib/lautils.h" alt="" coords="2735,86,2980,110">
<area shape="rect" href="$laanimalparameter_8cpp.html" title="dev/cpp/landuseanalyst/src/lib/laanimalparameter.cpp" alt="" coords="5028,161,5359,185">
<area shape="rect" href="$lacrop_8cpp.html" title="dev/cpp/landuseanalyst/src/lib/lacrop.cpp" alt="" coords="5383,161,5644,185">
<area shape="rect" href="$lautils_8cpp.html" title="dev/cpp/landuseanalyst/src/lib/lautils.cpp" alt="" coords="5668,161,5927,185">
<area shape="rect" href="$lacropmanager_8cpp.html" title="dev/cpp/landuseanalyst/src/gui/lacropmanager.cpp" alt="" coords="4561,236,4876,260">
<area shape="rect" href="$lamainform_8cpp.html" title="dev/cpp/landuseanalyst/src/gui/lamainform.cpp" alt="" coords="1747,310,2040,334">
<area shape="rect" href="$laanimalmanager_8h.html" title="dev/cpp/landuseanalyst/src/gui/laanimalmanager.h" alt="" coords="4268,161,4580,185">
<area shape="rect" href="$laanimalmanager_8cpp.html" title="dev/cpp/landuseanalyst/src/gui/laanimalmanager.cpp" alt="" coords="4209,236,4537,260">
<area shape="rect" href="$laanimalparametermanager_8h.html" title="dev/cpp/landuseanalyst/src/gui/laanimalparametermanager.h" alt="" coords="1479,161,1849,185">
<area shape="rect" href="$laanimalparametermanager_8cpp.html" title="dev/cpp/landuseanalyst/src/gui/laanimalparametermanager.cpp" alt="" coords="1472,236,1856,260">
<area shape="rect" href="$lamainform_8h.html" title="dev/cpp/landuseanalyst/src/gui/lamainform.h" alt="" coords="689,161,969,185">
<area shape="rect" href="$laassemblageconversion_8cpp.html" title="dev/cpp/landuseanalyst/src/gui/laassemblageconversion.cpp" alt="" coords="1075,236,1448,260">
<area shape="rect" href="$lamodelreports_8cpp.html" title="dev/cpp/landuseanalyst/src/gui/lamodelreports.cpp" alt="" coords="120,310,435,334">
<area shape="rect" href="$laassemblageconversion_8h.html" title="dev/cpp/landuseanalyst/src/gui/laassemblageconversion.h" alt="" coords="1044,161,1404,185">
<area shape="rect" href="$lacropparametermanager_8h.html" title="dev/cpp/landuseanalyst/src/gui/lacropparametermanager.h" alt="" coords="3836,161,4193,185">
<area shape="rect" href="$lagrassprocess_8h.html" title="dev/cpp/landuseanalyst/src/gui/lagrassprocess.h" alt="" coords="271,161,575,185">
<area shape="rect" href="$laanimal_8cpp.html" title="dev/cpp/landuseanalyst/src/lib/laanimal.cpp" alt="" coords="1924,161,2199,185">
<area shape="rect" href="$lacropparameter_8cpp.html" title="dev/cpp/landuseanalyst/src/lib/lacropparameter.cpp" alt="" coords="2223,161,2540,185">
<area shape="rect" href="$lagrass_8cpp.html" title="dev/cpp/landuseanalyst/src/lib/lagrass.cpp" alt="" coords="2564,161,2831,185">
<area shape="rect" href="$lagrassprocesslib_8cpp.html" title="dev/cpp/landuseanalyst/src/lib/lagrassprocesslib.cpp" alt="" coords="2855,161,3183,185">
<area shape="rect" href="$lamodel_8cpp.html" title="dev/cpp/landuseanalyst/src/lib/lamodel.cpp" alt="" coords="3207,161,3479,185">
<area shape="rect" href="$lamodeltest_8cpp.html" title="dev/cpp/landuseanalyst/src/tests/lamodeltest.cpp" alt="" coords="3503,161,3812,185">
<area shape="rect" href="$lamodelreports_8h.html" title="dev/cpp/landuseanalyst/src/gui/lamodelreports.h" alt="" coords="416,236,717,260">
<area shape="rect" href="$main_8cpp.html" title="dev/cpp/landuseanalyst/src/gui/main.cpp" alt="" coords="741,236,1000,260">
