<area shape="rect" href="$lagrassprocess_8h.html" title="lagrassprocess.h" alt="" coords="409,81,529,105">
<area shape="rect" href="$lautils_8h.html" title="lautils.h" alt="" coords="339,156,405,180">
<area shape="rect" href="$laanimal_8h.html" title="laanimal.h" alt="" coords="348,230,428,254">
<area shape="rect" href="$lacrop_8h.html" title="lacrop.h" alt="" coords="257,230,324,254">
<area shape="rect" href="$laanimalparameter_8h.html" title="laanimalparameter.h" alt="" coords="836,230,972,254">
<area shape="rect" href="$lacropparameter_8h.html" title="lacropparameter.h" alt="" coords="452,230,575,254">
<area shape="rect" href="$lamainform_8h.html" title="lamainform.h" alt="" coords="823,81,919,105">
<area shape="rect" href="$lagrass_8h.html" title="lagrass.h" alt="" coords="76,305,151,329">
<area shape="rect" href="$la_8h.html" title="la.h" alt="" coords="651,305,693,329">
<area shape="rect" href="$laserialisable_8h.html" title="laserialisable.h" alt="" coords="469,305,576,329">
<area shape="rect" href="$laguid_8h.html" title="laguid.h" alt="" coords="379,305,445,329">
<area shape="rect" href="$lafoodsource_8h.html" title="lafoodsource.h" alt="" coords="701,380,808,404">
<area shape="rect" href="$ladietlabels_8h.html" title="ladietlabels.h" alt="" coords="1061,305,1157,329">
