<area shape="rect" href="$lamainform_8h.html" title="lamainform.h" alt="" coords="467,156,563,180">
<area shape="rect" href="$la_8h.html" title="la.h" alt="" coords="920,380,963,404">
<area shape="rect" href="$version_8h.html" title="version.h" alt="" coords="2261,81,2336,105">
<area shape="rect" href="$laanimalmanager_8h.html" title="laanimalmanager.h" alt="" coords="1459,156,1587,180">
<area shape="rect" href="$lacropmanager_8h.html" title="lacropmanager.h" alt="" coords="1653,156,1768,180">
<area shape="rect" href="$lacropparametermanager_8h.html" title="lacropparametermanager.h" alt="" coords="2357,156,2531,180">
<area shape="rect" href="$laanimalparametermanager_8h.html" title="laanimalparametermanager.h" alt="" coords="1867,156,2053,180">
<area shape="rect" href="$lamodel_8h.html" title="lamodel.h" alt="" coords="780,156,857,180">
<area shape="rect" href="$lamodelreports_8h.html" title="lamodelreports.h" alt="" coords="760,81,877,105">
<area shape="rect" href="$lagrass_8h.html" title="lagrass.h" alt="" coords="2792,380,2867,404">
<area shape="rect" href="$lagrassprocess_8h.html" title="lagrassprocess.h" alt="" coords="1315,156,1435,180">
<area shape="rect" href="$lautils_8h.html" title="lautils.h" alt="" coords="1539,231,1605,255">
<area shape="rect" href="$laanimal_8h.html" title="laanimal.h" alt="" coords="1033,305,1113,329">
<area shape="rect" href="$laanimalparameter_8h.html" title="laanimalparameter.h" alt="" coords="1137,305,1273,329">
<area shape="rect" href="$lacrop_8h.html" title="lacrop.h" alt="" coords="1348,305,1415,329">
<area shape="rect" href="$lacropparameter_8h.html" title="lacropparameter.h" alt="" coords="1439,305,1561,329">
<area shape="rect" href="$laserialisable_8h.html" title="laserialisable.h" alt="" coords="1321,380,1428,404">
<area shape="rect" href="$laguid_8h.html" title="laguid.h" alt="" coords="1231,380,1297,404">
<area shape="rect" href="$lafoodsource_8h.html" title="lafoodsource.h" alt="" coords="999,455,1105,479">
