<area shape="rect" href="$lamodelreports_8h.html" title="lamodelreports.h" alt="" coords="859,81,976,105">
<area shape="rect" href="$lamodel_8h.html" title="lamodel.h" alt="" coords="797,305,875,329">
<area shape="rect" href="$la_8h.html" title="la.h" alt="" coords="240,380,283,404">
<area shape="rect" href="$lautils_8h.html" title="lautils.h" alt="" coords="400,231,467,255">
<area shape="rect" href="$lamainform_8h.html" title="lamainform.h" alt="" coords="628,156,724,180">
<area shape="rect" href="$laserialisable_8h.html" title="laserialisable.h" alt="" coords="505,380,612,404">
<area shape="rect" href="$laguid_8h.html" title="laguid.h" alt="" coords="415,380,481,404">
<area shape="rect" href="$ladietlabels_8h.html" title="ladietlabels.h" alt="" coords="1065,380,1161,404">
<area shape="rect" href="$lafoodsource_8h.html" title="lafoodsource.h" alt="" coords="275,455,381,479">
<area shape="rect" href="$laanimal_8h.html" title="laanimal.h" alt="" coords="592,305,672,329">
<area shape="rect" href="$laanimalparameter_8h.html" title="laanimalparameter.h" alt="" coords="432,305,568,329">
<area shape="rect" href="$lacrop_8h.html" title="lacrop.h" alt="" coords="341,305,408,329">
<area shape="rect" href="$lacropparameter_8h.html" title="lacropparameter.h" alt="" coords="195,305,317,329">
