<area shape="rect" href="$lamodel_8h.html" title="lamodel.h" alt="" coords="328,230,405,254">
<area shape="rect" href="$lamainform_8h.html" title="lamainform.h" alt="" coords="252,81,348,105">
<area shape="rect" href="$laserialisable_8h.html" title="laserialisable.h" alt="" coords="771,305,877,329">
<area shape="rect" href="$laguid_8h.html" title="laguid.h" alt="" coords="680,305,747,329">
<area shape="rect" href="$la_8h.html" title="la.h" alt="" coords="531,305,573,329">
<area shape="rect" href="$lafoodsource_8h.html" title="lafoodsource.h" alt="" coords="587,380,693,404">
<area shape="rect" href="$lautils_8h.html" title="lautils.h" alt="" coords="560,156,627,180">
<area shape="rect" href="$laanimal_8h.html" title="laanimal.h" alt="" coords="819,230,899,254">
<area shape="rect" href="$laanimalparameter_8h.html" title="laanimalparameter.h" alt="" coords="923,230,1059,254">
<area shape="rect" href="$lacrop_8h.html" title="lacrop.h" alt="" coords="728,230,795,254">
<area shape="rect" href="$lacropparameter_8h.html" title="lacropparameter.h" alt="" coords="581,230,704,254">
