<area shape="rect" href="$r581Tag_2src_2lib_2lautils_8h.html" title="lautils.h" alt="" coords="365,82,432,106">
<area shape="rect" href="$r581Tag_2src_2lib_2laanimal_8h.html" title="laanimal.h" alt="" coords="696,156,776,180">
<area shape="rect" href="$r581Tag_2src_2lib_2lacrop_8h.html" title="lacrop.h" alt="" coords="605,156,672,180">
<area shape="rect" href="$r581Tag_2src_2lib_2la_8h.html" title="la.h" alt="" coords="249,231,292,255">
<area shape="rect" href="$r581Tag_2src_2lib_2laanimalparameter_8h.html" title="laanimalparameter.h" alt="" coords="299,156,435,180">
<area shape="rect" href="$r581Tag_2src_2lib_2lacropparameter_8h.html" title="lacropparameter.h" alt="" coords="459,156,581,180">
<area shape="rect" href="$r581Tag_2src_2lib_2laserialisable_8h.html" title="laserialisable.h" alt="" coords="577,231,684,255">
<area shape="rect" href="$r581Tag_2src_2lib_2laguid_8h.html" title="laguid.h" alt="" coords="487,231,553,255">
<area shape="rect" href="$src608_2lib_2lafoodsource_8h.html" title="lafoodsource.h" alt="" coords="127,306,233,330">
<area shape="rect" href="$r581Tag_2src_2lib_2lafoodsource_8h.html" title="lafoodsource.h" alt="" coords="116,231,223,255">
