<area shape="rect" href="$r581Tag_2src_2gui_2laanimalmanager_8h.html" title="laanimalmanager.h" alt="" coords="2031,81,2159,105">
<area shape="rect" href="$src608_2lib_2lautils_8h.html" title="lautils.h" alt="" coords="2864,156,2931,180">
<area shape="rect" href="$r581Tag_2src_2gui_2ui__laanimalmanagerbase_8h.html" title="ui_laanimalmanagerbase.h" alt="" coords="1321,156,1497,180">
<area shape="rect" href="$src608_2lib_2laanimal_8h.html" title="laanimal.h" alt="" coords="2600,230,2680,254">
<area shape="rect" href="$src608_2lib_2laserialisable_8h.html" title="laserialisable.h" alt="" coords="2612,305,2719,329">
<area shape="rect" href="$src608_2lib_2laguid_8h.html" title="laguid.h" alt="" coords="2743,305,2809,329">
<area shape="rect" href="$src608_2lib_2la_8h.html" title="la.h" alt="" coords="2935,305,2977,329">
<area shape="rect" href="$src608_2lib_2lafoodsource_8h.html" title="lafoodsource.h" alt="" coords="2753,380,2860,404">
<area shape="rect" href="$src608_2lib_2lacrop_8h.html" title="lacrop.h" alt="" coords="2864,230,2931,254">
<area shape="rect" href="$src608_2lib_2laanimalparameter_8h.html" title="laanimalparameter.h" alt="" coords="2704,230,2840,254">
<area shape="rect" href="$src608_2lib_2lacropparameter_8h.html" title="lacropparameter.h" alt="" coords="2955,230,3077,254">
