<area shape="rect" href="$src_2gui_2lacropmanager_8h.html" title="lacropmanager.h" alt="" coords="189,161,304,185">
<area shape="rect" href="$r581Tag_2src_2gui_2lacropmanager_8h.html" title="lacropmanager.h" alt="" coords="1336,161,1451,185">
<area shape="rect" href="$r581Tag_2src_2gui_2lacropparametermanager_8cpp.html" title="lacropparametermanager.cpp" alt="" coords="611,236,797,260">
<area shape="rect" href="$r581Tag_2src_2gui_2lagrassprocess_8cpp.html" title="lagrassprocess.cpp" alt="" coords="1111,236,1244,260">
<area shape="rect" href="$src_2gui_2lacropparametermanager_8cpp.html" title="lacropparametermanager.cpp" alt="" coords="5084,236,5271,260">
<area shape="rect" href="$src_2gui_2lagrassprocess_8cpp.html" title="lagrassprocess.cpp" alt="" coords="3465,236,3599,260">
<area shape="rect" href="$src608_2gui_2lacropmanager_8h.html" title="lacropmanager.h" alt="" coords="4851,161,4965,185">
<area shape="rect" href="$src608_2gui_2lacropparametermanager_8cpp.html" title="lacropparametermanager.cpp" alt="" coords="429,161,616,185">
<area shape="rect" href="$src608_2gui_2lagrassprocess_8cpp.html" title="lagrassprocess.cpp" alt="" coords="4927,236,5060,260">
<area shape="rect" href="$src608_2lib_2lautils_8h.html" title="lautils.h" alt="" coords="2893,86,2960,110">
<area shape="rect" href="$src608_2lib_2laanimalparameter_8cpp.html" title="laanimalparameter.cpp" alt="" coords="5091,161,5243,185">
<area shape="rect" href="$src608_2lib_2lacrop_8cpp.html" title="lacrop.cpp" alt="" coords="5267,161,5347,185">
<area shape="rect" href="$src608_2lib_2lautils_8cpp.html" title="lautils.cpp" alt="" coords="5371,161,5451,185">
<area shape="rect" href="$build_2src_2gui_2moc__lacropmanager_8cxx.html" title="moc_lacropmanager.cxx" alt="" coords="192,236,355,260">
<area shape="rect" href="$r581Tag_2src_2gui_2moc__lacropmanager_8cxx.html" title="moc_lacropmanager.cxx" alt="" coords="5,236,168,260">
<area shape="rect" href="$src_2gui_2lacropmanager_8cpp.html" title="lacropmanager.cpp" alt="" coords="431,236,561,260">
<area shape="rect" href="$src_2gui_2lamainform_8cpp.html" title="lamainform.cpp" alt="" coords="3032,236,3141,260">
<area shape="rect" href="$r581Tag_2src_2gui_2lacropmanager_8cpp.html" title="lacropmanager.cpp" alt="" coords="1497,236,1628,260">
<area shape="rect" href="$r581Tag_2src_2gui_2lamainform_8cpp.html" title="lamainform.cpp" alt="" coords="1292,236,1401,260">
<area shape="rect" href="$src608_2gui_2lacropmanager_8cpp.html" title="lacropmanager.cpp" alt="" coords="4756,236,4887,260">
<area shape="rect" href="$src608_2gui_2lamainform_8cpp.html" title="lamainform.cpp" alt="" coords="4565,236,4675,260">
<area shape="rect" href="$src_2gui_2laanimalmanager_8h.html" title="laanimalmanager.h" alt="" coords="3515,161,3643,185">
<area shape="rect" href="$src_2gui_2laanimalmanager_8cpp.html" title="laanimalmanager.cpp" alt="" coords="3724,236,3868,260">
<area shape="rect" href="$src_2gui_2laanimalparametermanager_8h.html" title="laanimalparametermanager.h" alt="" coords="2579,161,2765,185">
<area shape="rect" href="$src_2gui_2laanimalparametermanager_8cpp.html" title="laanimalparametermanager.cpp" alt="" coords="2407,236,2607,260">
<area shape="rect" href="$src_2gui_2laassemblageconversion_8h.html" title="laassemblageconversion.h" alt="" coords="2208,161,2384,185">
<area shape="rect" href="$src_2gui_2laassemblageconversion_8cpp.html" title="laassemblageconversion.cpp" alt="" coords="2193,236,2383,260">
<area shape="rect" href="$src_2gui_2lacropparametermanager_8h.html" title="lacropparametermanager.h" alt="" coords="3667,161,3840,185">
<area shape="rect" href="$src_2gui_2lagrassprocess_8h.html" title="lagrassprocess.h" alt="" coords="3371,161,3491,185">
<area shape="rect" href="$src_2gui_2lamainform_8h.html" title="lamainform.h" alt="" coords="2459,161,2555,185">
<area shape="rect" href="$r581Tag_2src_2gui_2laanimalmanager_8h.html" title="laanimalmanager.h" alt="" coords="989,161,1117,185">
<area shape="rect" href="$r581Tag_2src_2gui_2laanimalmanager_8cpp.html" title="laanimalmanager.cpp" alt="" coords="923,236,1067,260">
<area shape="rect" href="$r581Tag_2src_2gui_2laanimalparametermanager_8h.html" title="laanimalparametermanager.h" alt="" coords="1645,161,1832,185">
<area shape="rect" href="$r581Tag_2src_2gui_2laanimalparametermanager_8cpp.html" title="laanimalparametermanager.cpp" alt="" coords="1657,236,1857,260">
<area shape="rect" href="$r581Tag_2src_2gui_2lamainform_8h.html" title="lamainform.h" alt="" coords="1475,161,1571,185">
<area shape="rect" href="$r581Tag_2src_2gui_2laassemblageconversion_8cpp.html" title="laassemblageconversion.cpp" alt="" coords="1900,236,2089,260">
<area shape="rect" href="$r581Tag_2src_2gui_2laassemblageconversion_8h.html" title="laassemblageconversion.h" alt="" coords="1907,161,2083,185">
<area shape="rect" href="$r581Tag_2src_2gui_2lacropparametermanager_8h.html" title="lacropparametermanager.h" alt="" coords="741,161,915,185">
<area shape="rect" href="$r581Tag_2src_2gui_2lagrassprocess_8h.html" title="lagrassprocess.h" alt="" coords="1192,161,1312,185">
<area shape="rect" href="$r581Tag_2src_2gui_2lamodelreports_8cpp.html" title="lamodelreports.cpp" alt="" coords="2789,161,2920,185">
<area shape="rect" href="$r581Tag_2src_2tests_2lamodeltest_8cpp.html" title="lamodeltest.cpp" alt="" coords="2944,161,3056,185">
<area shape="rect" href="$src_2gui_2lamodelreports_8cpp.html" title="lamodelreports.cpp" alt="" coords="3080,161,3211,185">
<area shape="rect" href="$src_2tests_2lamodeltest_8cpp.html" title="lamodeltest.cpp" alt="" coords="3235,161,3347,185">
<area shape="rect" href="$src608_2gui_2laanimalmanager_8h.html" title="laanimalmanager.h" alt="" coords="4317,161,4445,185">
<area shape="rect" href="$src608_2gui_2laanimalmanager_8cpp.html" title="laanimalmanager.cpp" alt="" coords="4025,236,4169,260">
<area shape="rect" href="$src608_2gui_2laanimalparametermanager_8h.html" title="laanimalparametermanager.h" alt="" coords="4469,161,4656,185">
<area shape="rect" href="$src608_2gui_2laanimalparametermanager_8cpp.html" title="laanimalparametermanager.cpp" alt="" coords="4263,236,4463,260">
<area shape="rect" href="$src608_2gui_2lamainform_8h.html" title="lamainform.h" alt="" coords="4680,161,4776,185">
<area shape="rect" href="$src608_2gui_2laassemblageconversion_8h.html" title="laassemblageconversion.h" alt="" coords="4117,161,4293,185">
