<area shape="rect" href="$r581Tag_2src_2gui_2ui__lamainformbase_8h.html" title="ui_lamainformbase.h" alt="" coords="2808,82,2949,106">
<area shape="rect" href="$src608_2lib_2lautils_8h.html" title="lautils.h" alt="" coords="420,82,487,106">
<area shape="rect" href="$src608_2lib_2laanimal_8h.html" title="laanimal.h" alt="" coords="781,156,861,180">
<area shape="rect" href="$src608_2lib_2la_8h.html" title="la.h" alt="" coords="459,231,501,255">
<area shape="rect" href="$src608_2lib_2laanimalparameter_8h.html" title="laanimalparameter.h" alt="" coords="333,156,469,180">
<area shape="rect" href="$src608_2lib_2lacrop_8h.html" title="lacrop.h" alt="" coords="691,156,757,180">
<area shape="rect" href="$src608_2lib_2lacropparameter_8h.html" title="lacropparameter.h" alt="" coords="544,156,667,180">
<area shape="rect" href="$src608_2lib_2laserialisable_8h.html" title="laserialisable.h" alt="" coords="679,231,785,255">
<area shape="rect" href="$src608_2lib_2laguid_8h.html" title="laguid.h" alt="" coords="588,231,655,255">
<area shape="rect" href="$src608_2lib_2lafoodsource_8h.html" title="lafoodsource.h" alt="" coords="384,306,491,330">
