<area shape="rect" href="$src_2lib_2lagrassprocesslib_8h.html" title="lagrassprocesslib.h" alt="" coords="268,81,401,105">
<area shape="rect" href="$src_2lib_2lagrassprocesslib_8cpp.html" title="lagrassprocesslib.cpp" alt="" coords="401,230,548,254">
<area shape="rect" href="$src_2lib_2lamodel_8h.html" title="lamodel.h" alt="" coords="717,81,795,105">
<area shape="rect" href="$src_2lib_2lamodel_8cpp.html" title="lamodel.cpp" alt="" coords="703,230,793,254">
<area shape="rect" href="$src_2lib_2laanimal_8h.html" title="laanimal.h" alt="" coords="957,81,1037,105">
<area shape="rect" href="$src_2lib_2lautils_8h.html" title="lautils.h" alt="" coords="1013,156,1080,180">
<area shape="rect" href="$src_2lib_2laanimalparameter_8cpp.html" title="laanimalparameter.cpp" alt="" coords="1151,230,1303,254">
<area shape="rect" href="$src_2lib_2lagrass_8cpp.html" title="lagrass.cpp" alt="" coords="817,230,905,254">
<area shape="rect" href="$src_2lib_2lautils_8cpp.html" title="lautils.cpp" alt="" coords="1489,230,1569,254">
<area shape="rect" href="$src_2lib_2lacrop_8h.html" title="lacrop.h" alt="" coords="1112,81,1179,105">
<area shape="rect" href="$src_2lib_2laanimalparameter_8h.html" title="laanimalparameter.h" alt="" coords="1253,81,1389,105">
<area shape="rect" href="$src_2lib_2lacropparameter_8h.html" title="lacropparameter.h" alt="" coords="1413,81,1536,105">
<area shape="rect" href="$build_2src_2lib_2moc__lagrassprocesslib_8cxx.html" title="moc_lagrassprocesslib.cxx" alt="" coords="5,156,184,180">
<area shape="rect" href="$r581Tag_2src_2lib_2moc__lagrassprocesslib_8cxx.html" title="moc_lagrassprocesslib.cxx" alt="" coords="208,156,387,180">
<area shape="rect" href="$build_2src_2lib_2moc__lamodel_8cxx.html" title="moc_lamodel.cxx" alt="" coords="512,156,635,180">
<area shape="rect" href="$r581Tag_2src_2lib_2moc__lamodel_8cxx.html" title="moc_lamodel.cxx" alt="" coords="659,156,781,180">
<area shape="rect" href="$src_2lib_2laanimal_8cpp.html" title="laanimal.cpp" alt="" coords="929,230,1023,254">
<area shape="rect" href="$src_2lib_2lacrop_8cpp.html" title="lacrop.cpp" alt="" coords="1047,230,1127,254">
<area shape="rect" href="$src_2lib_2lacropparameter_8cpp.html" title="lacropparameter.cpp" alt="" coords="1327,230,1465,254">
