<area shape="rect" href="$src_2gui_2lamodelreports_8h.html" title="lamodelreports.h" alt="" coords="4467,81,4584,105">
<area shape="rect" href="$src608_2lib_2lamodel_8h.html" title="lamodel.h" alt="" coords="4307,305,4384,329">
<area shape="rect" href="$src608_2lib_2la_8h.html" title="la.h" alt="" coords="4824,380,4867,404">
<area shape="rect" href="$src608_2lib_2lautils_8h.html" title="lautils.h" alt="" coords="4700,231,4767,255">
<area shape="rect" href="$src608_2gui_2lamainform_8h.html" title="lamainform.h" alt="" coords="4392,156,4488,180">
<area shape="rect" href="$src608_2lib_2laserialisable_8h.html" title="laserialisable.h" alt="" coords="4576,380,4683,404">
<area shape="rect" href="$src608_2lib_2laguid_8h.html" title="laguid.h" alt="" coords="4485,380,4552,404">
<area shape="rect" href="$src608_2lib_2lafoodsource_8h.html" title="lafoodsource.h" alt="" coords="4749,455,4856,479">
<area shape="rect" href="$r581Tag_2src_2gui_2ui__lamainformbase_8h.html" title="ui_lamainformbase.h" alt="" coords="2112,231,2253,255">
<area shape="rect" href="$src608_2lib_2laanimal_8h.html" title="laanimal.h" alt="" coords="4408,305,4488,329">
<area shape="rect" href="$src608_2lib_2laanimalparameter_8h.html" title="laanimalparameter.h" alt="" coords="4512,305,4648,329">
<area shape="rect" href="$src608_2lib_2lacrop_8h.html" title="lacrop.h" alt="" coords="4819,305,4885,329">
<area shape="rect" href="$src608_2lib_2lacropparameter_8h.html" title="lacropparameter.h" alt="" coords="4672,305,4795,329">
