<area shape="rect" href="$classLaModel.html#d1ed205153b69e72f084f680f91b3a18" title="LaModel::adjustAnimalTargetsForFodder" alt="" coords="240,27,496,51">
<area shape="rect" href="$classLaModel.html#26b9bb0973294e864b680633f27fce75" title="LaModel::allocateFallowGrazingLand" alt="" coords="252,804,484,828">
<area shape="rect" href="$classLaModel.html#fff855dda49be4019646efa57d186133" title="LaModel::initialiseAreaTargetsAnimalsMap" alt="" coords="953,77,1220,101">
<area shape="rect" href="$classLaModel.html#11255142af29d655b2715b07226a840c" title="LaModel::initialiseAreaTargetsCropsMap" alt="" coords="597,425,851,449">
<area shape="rect" href="$classLaModel.html#6a7dbdae3b2106255cb5914f5f46a2c7" title="LaModel::initialiseCalcsAnimalsMap" alt="" coords="253,1675,483,1699">
<area shape="rect" href="$classLaModel.html#d59a37eea37c1a4cf26b8c3b5ee7b911" title="LaModel::initialiseCalcsCropsMap" alt="" coords="616,1827,832,1851">
<area shape="rect" href="$classLaModel.html#e09cb35b64dcb272de8768495b1c302d" title="LaModel::initialiseCaloriesProvidedByCropsMap" alt="" coords="219,1723,517,1747">
<area shape="rect" href="$classLaModel.html#fbbbfe448366f2d5630586763e7a6be7" title="LaModel::initialiseCaloriesProvidedByMeatMap" alt="" coords="221,2027,515,2051">
<area shape="rect" href="$classLaModel.html#0f85a2f08e31c6964ed22f449249714a" title="LaModel::initialiseCaloriesProvidedByMilkMap" alt="" coords="224,1951,512,1975">
<area shape="rect" href="$classLaModel.html#acd746a9c50de3eaeb78dacccf2dde27" title="LaModel::initialiseProductionRequiredAnimalsMap" alt="" coords="569,1577,879,1601">
<area shape="rect" href="$classLaModel.html#3003a6ff449b80f3c09b5bed7389a389" title="LaModel::initialiseProductionRequiredCropsMap" alt="" coords="576,2228,872,2252">
<area shape="rect" href="$classLaModel.html#98a138ed590909e6ae2f4a9e92c0ac64" title="LaModel::initialiseValueMap" alt="" coords="277,1627,459,1651">
<area shape="rect" href="$classLaCropParameter.html#f8752990db82261e2009f6355b087e39" title="LaCropParameter::areaUnits" alt="" coords="632,877,816,901">
<area shape="rect" href="$classLaCrop.html#27e74feb20bedbd9bcb04ca4bf55dd23" title="LaCrop::areaUnits" alt="" coords="1376,249,1501,273">
<area shape="rect" href="$classLaModel.html#4a138338d90a88dd27f3493e5914ab31" title="LaModel::caloriesFromCrops" alt="" coords="631,1401,817,1425">
<area shape="rect" href="$classLaUtils.html#31401524c3416531ef439851cd69cd21" title="LaUtils::getAnimal" alt="" coords="1375,880,1503,904">
<area shape="rect" href="$classLaUtils.html#fd9d58e854e54a9ce823ebe0b177471f" title="LaUtils::getAnimalParameter" alt="" coords="1345,979,1532,1003">
<area shape="rect" href="$classLaModel.html#0c721507f11831e4ddc824c700123635" title="LaModel::logMessage" alt="" coords="1365,1628,1512,1652">
<area shape="rect" href="$classLaUtils.html#f9905e9c760579e459e90d8fdb5c534d" title="LaUtils::convertAreaToHectares" alt="" coords="1336,200,1541,224">
<area shape="rect" href="$classLaCrop.html#db3e85a83d30d610bf5adeb1a5db16f1" title="LaCrop::cropCalories" alt="" coords="1368,2377,1509,2401">
<area shape="rect" href="$classLaCrop.html#b4a2b996ac4e1a48e65e2b30bfb9bcf1" title="LaCrop::cropYield" alt="" coords="1377,301,1500,325">
<area shape="rect" href="$classLaModel.html#56ea4ae4234c19fe589ec59fb659e03b" title="LaModel::doTheFallowAllocation" alt="" coords="983,779,1191,803">
<area shape="rect" href="$classLaAnimalParameter.html#1b5e496bcf70721325d7807c9e25c908" title="LaAnimalParameter::fallowUsage" alt="" coords="1332,704,1545,728">
<area shape="rect" href="$classLaCropParameter.html#dddc142e0b01d6e2da81d050b68aa774" title="LaCropParameter::fallowRatio" alt="" coords="1343,363,1535,387">
<area shape="rect" href="$classLaCropParameter.html#a40a7248485d1c6abf0b8c9a5db77ec3" title="LaCropParameter::fallowValue" alt="" coords="627,779,821,803">
<area shape="rect" href="$classLaUtils.html#7f444ecadda6970730d87db2d166091e" title="LaUtils::getCrop" alt="" coords="1381,1104,1496,1128">
<area shape="rect" href="$classLaUtils.html#946206fd47158b870a8f0caa1235d693" title="LaUtils::getCropParameter" alt="" coords="1352,527,1525,551">
<area shape="rect" href="$classLaCropParameter.html#431530fc1021ce00db44ee1c6a1dc8bd" title="LaCropParameter::percentTameCrop" alt="" coords="971,1229,1203,1253">
<area shape="rect" href="$classLaModel.html#e63d081ac852fa5e8547e9e670271573" title="LaModel::requiredValue" alt="" coords="647,953,801,977">
<area shape="rect" href="$classLaModel.html#663235ceb3f93ba7891efef16e7a6cd4" title="LaModel::caloriesFromDairyProducts" alt="" coords="969,1277,1204,1301">
<area shape="rect" href="$classLaModel.html#d050dcca8d5f1efb68b1c84ccee13cb9" title="LaModel::caloriesFromTameMeat" alt="" coords="980,2027,1193,2051">
<area shape="rect" href="$classLaModel.html#82e83e5e8e30e81d4a4ccb5f5a1ba966" title="LaModel::population" alt="" coords="1371,2027,1507,2051">
<area shape="rect" href="$classLaModel.html#5ef4431461d5803f0febaf1c059a628f" title="LaModel::plantPercent" alt="" coords="1011,1376,1163,1400">
<area shape="rect" href="$classLaSerialisable.html#2442a25a3044b53a6a34f1e2387d35c0" title="LaSerialisable::fromXmlFile" alt="" coords="1656,953,1835,977">
<area shape="rect" href="$classLaGuid.html#38e7b78e2ef37526ffb1bad6af4cf745" title="LaGuid::guid" alt="" coords="1699,1029,1792,1053">
<area shape="rect" href="$classLaAnimal.html#e1ff383858093056914370f969a2304a" title="LaAnimal::name" alt="" coords="1688,779,1803,803">
<area shape="rect" href="$classLaUtils.html#4efbb82253462579bce5c3cf486a4d82" title="LaUtils::userAnimalProfilesDirPath" alt="" coords="1635,880,1856,904">
<area shape="rect" href="$classLaModel.html#818c8f0014d674d97bf64bf7330fa085" title="LaModel::getProductionTargetsAnimals" alt="" coords="963,1029,1211,1053">
<area shape="rect" href="$classLaAnimalParameter.html#b53e305893eef3660546f6bcd401a5c7" title="LaAnimalParameter::areaUnits" alt="" coords="1340,5,1537,29">
<area shape="rect" href="$classLaAnimalParameter.html#d381279265cd0f7f53f2d208af813cd0" title="LaAnimalParameter::useCommonGrazingLand" alt="" coords="1295,53,1583,77">
<area shape="rect" href="$classLaAnimalParameter.html#198b813dfa139c639df2bf4198b56c1d" title="LaAnimalParameter::ValueSpecificGrazingLand" alt="" coords="1291,101,1587,125">
<area shape="rect" href="$classLaModel.html#be5540f9ee8a2b962b8001712dcebdfc" title="LaModel::getAreaTargetsCrops" alt="" coords="987,376,1187,400">
<area shape="rect" href="$classLaCropParameter.html#0023afc628569b3a58e6dbafea23dcf6" title="LaCropParameter::useCommonLand" alt="" coords="971,328,1203,352">
<area shape="rect" href="$classLaModel.html#4855f683b262351b662555bcf1c6e943" title="LaModel::reportForAnimal" alt="" coords="639,1029,809,1053">
<area shape="rect" href="$classLaModel.html#35e2401571bd7dd7411cec0062a6a4a9" title="LaModel::reportForCrop" alt="" coords="1008,1728,1165,1752">
<area shape="rect" href="$classLaModel.html#4cd484b26bcad25b9a94067f175a3049" title="LaModel::caloriesProvidedByTheCrop" alt="" coords="604,1340,844,1364">
<area shape="rect" href="$classLaModel.html#71cac09822d4c19bee91cfb8845ff68a" title="LaModel::caloriesProvidedByTheMeatOfTheAnimal" alt="" coords="565,2027,883,2051">
<area shape="rect" href="$classLaModel.html#e45aff82c64593a44635adcbe6bbd8e8" title="LaModel::caloriesProvidedByTheMilkOfTheAnimal" alt="" coords="931,1877,1243,1901">
<area shape="rect" href="$classLaModel.html#fd77f30dc99d5a287a35a0c509360541" title="LaModel::getProductionTargetsCrops" alt="" coords="969,2277,1204,2301">
