<area shape="rect" href="$classLaFoodSource.html#fbe47e9a1ff33217e462ecc6c3e4d51e" title="LaFoodSource::setCropGuid" alt="" coords="247,6,431,30">
<area shape="rect" href="$classLaFoodSource.html#055d41524082615ee609ee03c37713d6" title="LaFoodSource::setDays" alt="" coords="259,54,419,78">
<area shape="rect" href="$classLaFoodSource.html#33d16e20d9849cb16563038859c61664" title="LaFoodSource::setFodder" alt="" coords="253,102,424,126">
<area shape="rect" href="$classLaFoodSource.html#4a66e5da344064e50c6e6caea9fee92b" title="LaFoodSource::setGrain" alt="" coords="257,150,420,174">
<area shape="rect" href="$classLaGuid.html#baf1a3fdc9aad8f76c1c0f8175fd5591" title="LaGuid::setGuid" alt="" coords="281,198,396,222">
<area shape="rect" href="$classLaFoodSource.html#c5940c4cc3e21548b3bf72253856948e" title="LaFoodSource::setUsed" alt="" coords="259,246,419,270">
<area shape="rect" href="$classLaUtils.html#43a40dc009242ab5ac430639784a4db5" title="LaUtils::xmlDecode" alt="" coords="272,294,405,318">
