<area shape="rect" href="$classLaModel.html#d050dcca8d5f1efb68b1c84ccee13cb9" title="LaModel::caloriesFromTameMeat" alt="" coords="199,54,412,78">
<area shape="rect" href="$classLaModel.html#c2393b3ef80b76a86bb545ac40c7ae5d" title="LaModel::LaModel" alt="" coords="241,102,369,126">
<area shape="rect" href="$classLaModel.html#673dc93808d288604d80c96526989c11" title="LaModel::operator=" alt="" coords="239,150,372,174">
<area shape="rect" href="$classLaModel.html#4a138338d90a88dd27f3493e5914ab31" title="LaModel::caloriesFromCrops" alt="" coords="527,6,713,30">
<area shape="rect" href="$classLaModel.html#4cd484b26bcad25b9a94067f175a3049" title="LaModel::caloriesProvidedByTheCrop" alt="" coords="500,54,740,78">
<area shape="rect" href="$classLaModel.html#71cac09822d4c19bee91cfb8845ff68a" title="LaModel::caloriesProvidedByTheMeatOfTheAnimal" alt="" coords="461,102,779,126">
<area shape="rect" href="$classLaModel.html#26b9bb0973294e864b680633f27fce75" title="LaModel::allocateFallowGrazingLand" alt="" coords="860,6,1092,30">
<area shape="rect" href="$classLaModel.html#e9867f7eb061ea3e6753f1769936d60a" title="LaModel::DoCalculations" alt="" coords="1173,78,1339,102">
<area shape="rect" href="$classLaModel.html#e09cb35b64dcb272de8768495b1c302d" title="LaModel::initialiseCaloriesProvidedByCropsMap" alt="" coords="827,54,1125,78">
<area shape="rect" href="$classLaModel.html#fbbbfe448366f2d5630586763e7a6be7" title="LaModel::initialiseCaloriesProvidedByMeatMap" alt="" coords="829,102,1123,126">
<area shape="rect" href="$classLaModel.html#0f85a2f08e31c6964ed22f449249714a" title="LaModel::initialiseCaloriesProvidedByMilkMap" alt="" coords="832,150,1120,174">
