<area shape="rect" href="$classLaUtils.html#aa01841fb18f566d8c2668fe5de5fc44" title="LaUtils::getAvailableAnimals" alt="" coords="500,152,687,176">
<area shape="rect" href="$classLaGuid.html#38e7b78e2ef37526ffb1bad6af4cf745" title="LaGuid::guid" alt="" coords="1284,376,1377,400">
<area shape="rect" href="$classLaAnimal.html#e1ff383858093056914370f969a2304a" title="LaAnimal::name" alt="" coords="925,152,1040,176">
<area shape="rect" href="$classLaGrass.html#333d63b771c598f5c5f571885dbae9f5" title="LaGrass::getMapsetList" alt="" coords="513,18,673,42">
<area shape="rect" href="$classLaGrass.html#0a978a93b568b6fc75053f92f1abb6c4" title="LaGrass::getRasterList" alt="" coords="516,78,671,102">
<area shape="rect" href="$classLaAnimalParameterManager.html#23b4783b792997c1a318097f7b6fdd3c" title="LaAnimalParameterManager::populateFodder" alt="" coords="452,325,735,349">
<area shape="rect" href="$classLaAnimalParameterManager.html#48cbbaf51acb03757734adc90c8cc8b8" title="LaAnimalParameterManager::readSettings" alt="" coords="460,450,727,474">
<area shape="rect" href="$classLaAnimalParameterManager.html#c5f30d4676e459f1d21b70755e63e113" title="LaAnimalParameterManager::refreshAnimalParameterTable" alt="" coords="412,500,775,524">
<area shape="rect" href="$classLaAnimalParameterManager.html#9b5ec45a7d5bbeff935197cd1b6d5bb4" title="LaAnimalParameterManager::setFallowComboBox" alt="" coords="437,548,749,572">
<area shape="rect" href="$classUi__LaAnimalParameterManagerBase.html#08909e211977bd9482d2c616cf8452f0" title="Ui_LaAnimalParameterManagerBase::setupUi" alt="" coords="451,622,736,646">
<area shape="rect" href="$classLaSerialisable.html#2442a25a3044b53a6a34f1e2387d35c0" title="LaSerialisable::fromXmlFile" alt="" coords="1241,152,1420,176">
<area shape="rect" href="$classLaUtils.html#4efbb82253462579bce5c3cf486a4d82" title="LaUtils::userAnimalProfilesDirPath" alt="" coords="872,53,1093,77">
<area shape="rect" href="$classLaSerialisable.html#442dee3c693fc9d4e180bbe319015a45" title="LaSerialisable::fromXml" alt="" coords="1520,152,1680,176">
<area shape="rect" href="$classLaGrass.html#f284e33f4a3a7c72ff6b07d4fd298442" title="LaGrass::runCommand" alt="" coords="905,5,1060,29">
<area shape="rect" href="$classLaGrass.html#c9016f32211aa824e601b7934f67fb73" title="LaGrass::logMessage" alt="" coords="1257,5,1404,29">
<area shape="rect" href="$classLaUtils.html#11f60f81b93a26a0c14d5812a68e6b16" title="LaUtils::getAvailableCrops" alt="" coords="896,200,1069,224">
<area shape="rect" href="$classLaCrop.html#e2c84ed6c0c693b3edc22e0de658c275" title="LaCrop::name" alt="" coords="1280,249,1381,273">
<area shape="rect" href="$classLaUtils.html#fc911327dedf1b19d1e8d00dc6566cc7" title="LaUtils::userCropProfilesDirPath" alt="" coords="1227,200,1435,224">
<area shape="rect" href="$classLaAnimalParameter.html#0ecd8de885a804229ae6b9c1b3307b4f" title="LaAnimalParameter::description" alt="" coords="880,600,1085,624">
<area shape="rect" href="$classLaUtils.html#435911951413b858799a013a01b47586" title="LaUtils::getAvailableAnimalParameters" alt="" coords="859,501,1107,525">
<area shape="rect" href="$classLaAnimalParameter.html#804809c4c95b5964b705a962909ce613" title="LaAnimalParameter::name" alt="" coords="1243,550,1419,574">
<area shape="rect" href="$classLaUtils.html#171ca0ae00f656744a5109fd66d49764" title="LaUtils::userAnimalParameterProfilesDirPath" alt="" coords="1191,501,1471,525">
<area shape="rect" href="$classUi__LaAnimalParameterManagerBase.html#59afc7f7f47ff453fa3cd73ce1aa2757" title="Ui_LaAnimalParameterManagerBase::retranslateUi" alt="" coords="825,648,1140,672">
