<area shape="rect" href="$classLaModel.html#663235ceb3f93ba7891efef16e7a6cd4" title="LaModel::caloriesFromDairyProducts" alt="" coords="295,125,529,149">
<area shape="rect" href="$classLaModel.html#d050dcca8d5f1efb68b1c84ccee13cb9" title="LaModel::caloriesFromTameMeat" alt="" coords="305,469,519,493">
<area shape="rect" href="$classLaModel.html#0c721507f11831e4ddc824c700123635" title="LaModel::logMessage" alt="" coords="640,420,787,444">
<area shape="rect" href="$classLaModel.html#82e83e5e8e30e81d4a4ccb5f5a1ba966" title="LaModel::population" alt="" coords="645,564,781,588">
<area shape="rect" href="$classLaUtils.html#946206fd47158b870a8f0caa1235d693" title="LaUtils::getCropParameter" alt="" coords="325,320,499,344">
<area shape="rect" href="$classLaCropParameter.html#5d878c97131022b992c21233c666bb77" title="LaCropParameter::name" alt="" coords="632,370,795,394">
<area shape="rect" href="$classLaCropParameter.html#431530fc1021ce00db44ee1c6a1dc8bd" title="LaCropParameter::percentTameCrop" alt="" coords="296,568,528,592">
<area shape="rect" href="$classLaModel.html#5ef4431461d5803f0febaf1c059a628f" title="LaModel::plantPercent" alt="" coords="336,616,488,640">
<area shape="rect" href="$classLaUtils.html#31401524c3416531ef439851cd69cd21" title="LaUtils::getAnimal" alt="" coords="649,224,777,248">
<area shape="rect" href="$classLaUtils.html#fd9d58e854e54a9ce823ebe0b177471f" title="LaUtils::getAnimalParameter" alt="" coords="620,29,807,53">
<area shape="rect" href="$classLaAnimal.html#60b8c9abf2c857227ea81d694eec18b6" title="LaAnimal::milkFoodValue" alt="" coords="629,77,797,101">
<area shape="rect" href="$classLaAnimal.html#918d84cabe24ef0714339a54b0663d3f" title="LaAnimal::milkGramsPerDay" alt="" coords="619,125,808,149">
<area shape="rect" href="$classLaSerialisable.html#2442a25a3044b53a6a34f1e2387d35c0" title="LaSerialisable::fromXmlFile" alt="" coords="948,129,1127,153">
<area shape="rect" href="$classLaGuid.html#38e7b78e2ef37526ffb1bad6af4cf745" title="LaGuid::guid" alt="" coords="991,273,1084,297">
<area shape="rect" href="$classLaAnimal.html#e1ff383858093056914370f969a2304a" title="LaAnimal::name" alt="" coords="980,177,1095,201">
<area shape="rect" href="$classLaUtils.html#4efbb82253462579bce5c3cf486a4d82" title="LaUtils::userAnimalProfilesDirPath" alt="" coords="927,225,1148,249">
<area shape="rect" href="$classLaSerialisable.html#442dee3c693fc9d4e180bbe319015a45" title="LaSerialisable::fromXml" alt="" coords="1227,129,1387,153">
<area shape="rect" href="$classLaAnimalParameter.html#804809c4c95b5964b705a962909ce613" title="LaAnimalParameter::name" alt="" coords="949,5,1125,29">
<area shape="rect" href="$classLaUtils.html#171ca0ae00f656744a5109fd66d49764" title="LaUtils::userAnimalParameterProfilesDirPath" alt="" coords="897,53,1177,77">
<area shape="rect" href="$classLaModel.html#f51e2921774ebf65f70c3e157cf10d01" title="LaModel::dietPercent" alt="" coords="641,468,785,492">
<area shape="rect" href="$classLaModel.html#523b5998f5711535060f4eede5a2d159" title="LaModel::meatPercent" alt="" coords="637,516,789,540">
<area shape="rect" href="$classLaUtils.html#3804a131bf6eb30e3697a14cf378a719" title="LaUtils::userCropParameterProfilesDirPath" alt="" coords="580,322,847,346">
