<area shape="rect" href="$classLaAnimalManager.html#9abf841da4b6d3b3a3c605eeaf68d0f4" title="LaAnimalManager::readSettings" alt="" coords="311,79,516,103">
<area shape="rect" href="$classLaAnimalManager.html#142bab8a1ce1cf043a11b6b9a2334dbd" title="LaAnimalManager::refreshAnimalTable" alt="" coords="292,127,535,151">
<area shape="rect" href="$classLaUtils.html#aa01841fb18f566d8c2668fe5de5fc44" title="LaUtils::getAvailableAnimals" alt="" coords="585,52,772,76">
<area shape="rect" href="$classLaGuid.html#38e7b78e2ef37526ffb1bad6af4cf745" title="LaGuid::guid" alt="" coords="885,152,979,176">
<area shape="rect" href="$classLaAnimal.html#e1ff383858093056914370f969a2304a" title="LaAnimal::name" alt="" coords="875,102,989,126">
<area shape="rect" href="$classLaAnimal.html#8e5f66a8d9cf85011ee0b4985dc5ac4a" title="LaAnimal::toText" alt="" coords="620,202,737,226">
<area shape="rect" href="$classLaSerialisable.html#2442a25a3044b53a6a34f1e2387d35c0" title="LaSerialisable::fromXmlFile" alt="" coords="843,54,1021,78">
<area shape="rect" href="$classLaUtils.html#4efbb82253462579bce5c3cf486a4d82" title="LaUtils::userAnimalProfilesDirPath" alt="" coords="821,6,1043,30">
<area shape="rect" href="$classLaSerialisable.html#442dee3c693fc9d4e180bbe319015a45" title="LaSerialisable::fromXml" alt="" coords="1091,54,1251,78">
<area shape="rect" href="$classLaUtils.html#03e257f78a463d90da9ac1bf8ceaec59" title="LaUtils::xmlEncode" alt="" coords="865,202,999,226">
