<area shape="rect" href="$classLaCropParameter.html#f8752990db82261e2009f6355b087e39" title="LaCropParameter::areaUnits" alt="" coords="312,6,496,30">
<area shape="rect" href="$classLaCrop.html#27e74feb20bedbd9bcb04ca4bf55dd23" title="LaCrop::areaUnits" alt="" coords="341,54,467,78">
<area shape="rect" href="$classLaUtils.html#f9905e9c760579e459e90d8fdb5c534d" title="LaUtils::convertAreaToHectares" alt="" coords="301,102,507,126">
<area shape="rect" href="$classLaCrop.html#db3e85a83d30d610bf5adeb1a5db16f1" title="LaCrop::cropCalories" alt="" coords="333,150,475,174">
<area shape="rect" href="$classLaCrop.html#b4a2b996ac4e1a48e65e2b30bfb9bcf1" title="LaCrop::cropYield" alt="" coords="343,198,465,222">
<area shape="rect" href="$classLaModel.html#cfbb7356ab0f8dd2b178526fa977d498" title="LaModel::doTheFallowAllocation" alt="" coords="300,448,508,472">
<area shape="rect" href="$classLaAnimalParameter.html#1b5e496bcf70721325d7807c9e25c908" title="LaAnimalParameter::fallowUsage" alt="" coords="568,348,781,372">
<area shape="rect" href="$classLaUtils.html#31401524c3416531ef439851cd69cd21" title="LaUtils::getAnimal" alt="" coords="611,444,739,468">
<area shape="rect" href="$classLaUtils.html#fd9d58e854e54a9ce823ebe0b177471f" title="LaUtils::getAnimalParameter" alt="" coords="581,396,768,420">
<area shape="rect" href="$classLaModel.html#0c721507f11831e4ddc824c700123635" title="LaModel::logMessage" alt="" coords="601,543,748,567">
<area shape="rect" href="$classLaCropParameter.html#dddc142e0b01d6e2da81d050b68aa774" title="LaCropParameter::fallowRatio" alt="" coords="308,762,500,786">
<area shape="rect" href="$classLaCropParameter.html#a40a7248485d1c6abf0b8c9a5db77ec3" title="LaCropParameter::fallowValue" alt="" coords="307,810,501,834">
<area shape="rect" href="$classLaUtils.html#7f444ecadda6970730d87db2d166091e" title="LaUtils::getCrop" alt="" coords="617,247,732,271">
<area shape="rect" href="$classLaUtils.html#946206fd47158b870a8f0caa1235d693" title="LaUtils::getCropParameter" alt="" coords="588,298,761,322">
<area shape="rect" href="$classLaCropParameter.html#431530fc1021ce00db44ee1c6a1dc8bd" title="LaCropParameter::percentTameCrop" alt="" coords="288,858,520,882">
<area shape="rect" href="$classLaModel.html#e90ca11c6e7440eba6c4a40937f2f2e0" title="LaModel::requiredValue" alt="" coords="327,714,481,738">
<area shape="rect" href="$classLaAnimal.html#e1ff383858093056914370f969a2304a" title="LaAnimal::name" alt="" coords="913,563,1028,587">
<area shape="rect" href="$classLaSerialisable.html#2442a25a3044b53a6a34f1e2387d35c0" title="LaSerialisable::fromXmlFile" alt="" coords="881,371,1060,395">
<area shape="rect" href="$classLaGuid.html#38e7b78e2ef37526ffb1bad6af4cf745" title="LaGuid::guid" alt="" coords="924,323,1017,347">
<area shape="rect" href="$classLaUtils.html#4efbb82253462579bce5c3cf486a4d82" title="LaUtils::userAnimalProfilesDirPath" alt="" coords="860,515,1081,539">
<area shape="rect" href="$classLaSerialisable.html#442dee3c693fc9d4e180bbe319015a45" title="LaSerialisable::fromXml" alt="" coords="1160,371,1320,395">
<area shape="rect" href="$classLaAnimalParameter.html#804809c4c95b5964b705a962909ce613" title="LaAnimalParameter::name" alt="" coords="883,467,1059,491">
<area shape="rect" href="$classLaUtils.html#171ca0ae00f656744a5109fd66d49764" title="LaUtils::userAnimalParameterProfilesDirPath" alt="" coords="831,419,1111,443">
<area shape="rect" href="$classLaCrop.html#e2c84ed6c0c693b3edc22e0de658c275" title="LaCrop::name" alt="" coords="920,131,1021,155">
<area shape="rect" href="$classLaUtils.html#fc911327dedf1b19d1e8d00dc6566cc7" title="LaUtils::userCropProfilesDirPath" alt="" coords="867,179,1075,203">
<area shape="rect" href="$classLaCropParameter.html#5d878c97131022b992c21233c666bb77" title="LaCropParameter::name" alt="" coords="889,227,1052,251">
<area shape="rect" href="$classLaUtils.html#3804a131bf6eb30e3697a14cf378a719" title="LaUtils::userCropParameterProfilesDirPath" alt="" coords="837,275,1104,299">
<area shape="rect" href="$classLaAnimal.html#139a9cb0f3ead8b63e5de09ea887eb09" title="LaAnimal::breedingExpectancy" alt="" coords="575,1074,775,1098">
<area shape="rect" href="$classLaAnimal.html#0e0be3aeffd1bd7e01fad6eabd127435" title="LaAnimal::deathRate" alt="" coords="604,1122,745,1146">
<area shape="rect" href="$classLaAnimal.html#a8d0331bd199fca790f88ab491ec99be" title="LaAnimal::estrousCycle" alt="" coords="595,642,755,666">
<area shape="rect" href="$classLaAnimal.html#bd2e2feff05f8cdc5c47524fbc5a6016" title="LaAnimal::gestating" alt="" coords="607,690,743,714">
<area shape="rect" href="$classLaAnimal.html#87182421ad69e1361460b1a9de1ef477" title="LaAnimal::gestationTime" alt="" coords="593,738,756,762">
<area shape="rect" href="$classLaAnimal.html#5869a81693b62d835fe18aa85e718817" title="LaAnimal::juvenile" alt="" coords="611,786,739,810">
<area shape="rect" href="$classLaAnimal.html#b91d79421a1a113f463ced406e2b89e5" title="LaAnimal::killWeight" alt="" coords="605,834,744,858">
<area shape="rect" href="$classLaAnimal.html#6dfb7834ca39edc82b12419273e4bd98" title="LaAnimal::meatFoodValue" alt="" coords="588,882,761,906">
<area shape="rect" href="$classLaAnimal.html#39c4b917e82cc0e55040ac3b7bb405db" title="LaAnimal::usableMeat" alt="" coords="600,930,749,954">
<area shape="rect" href="$classLaAnimal.html#2f81a4cfb201673bb23bfb9d1098c7b9" title="LaAnimal::weaningAge" alt="" coords="599,978,751,1002">
<area shape="rect" href="$classLaAnimal.html#1b7b995f3263dfb8654956b21d4e0131" title="LaAnimal::youngPerBirth" alt="" coords="592,1026,757,1050">
