<area shape="rect" href="$classLaUtils.html#31401524c3416531ef439851cd69cd21" title="LaUtils::getAnimal" alt="" coords="413,150,541,174">
<area shape="rect" href="$classLaUtils.html#fd9d58e854e54a9ce823ebe0b177471f" title="LaUtils::getAnimalParameter" alt="" coords="384,102,571,126">
<area shape="rect" href="$classLaAnimal.html#b91d79421a1a113f463ced406e2b89e5" title="LaAnimal::killWeight" alt="" coords="408,198,547,222">
<area shape="rect" href="$classLaAnimal.html#d68b0eee8228151e81ba937c7715a300" title="LaAnimal::lactationTime" alt="" coords="397,246,557,270">
<area shape="rect" href="$classLaAnimal.html#6dfb7834ca39edc82b12419273e4bd98" title="LaAnimal::meatFoodValue" alt="" coords="391,294,564,318">
<area shape="rect" href="$classLaAnimal.html#60b8c9abf2c857227ea81d694eec18b6" title="LaAnimal::milkFoodValue" alt="" coords="393,342,561,366">
<area shape="rect" href="$classLaAnimal.html#918d84cabe24ef0714339a54b0663d3f" title="LaAnimal::milkGramsPerDay" alt="" coords="383,390,572,414">
<area shape="rect" href="$classLaDietLabels.html#12116fa24e5b2fe4b38820d1ceec0ecc" title="LaDietLabels::setAnimalPortionPct" alt="" coords="365,438,589,462">
<area shape="rect" href="$classLaDietLabels.html#fbdc4c4c15d0798315db249f446f9117" title="LaDietLabels::setCropMCalories" alt="" coords="373,486,581,510">
<area shape="rect" href="$classLaDietLabels.html#3e762c337e788bb9a477f6276516aa9b" title="LaDietLabels::setCropsPortionPct" alt="" coords="369,534,585,558">
<area shape="rect" href="$classLaDietLabels.html#bae6674aee3d8be99bd37006c7cefa1f" title="LaDietLabels::setDairyMCalories" alt="" coords="372,582,583,606">
<area shape="rect" href="$classLaDietLabels.html#8d9642348c1547e72a80c33e65309fca" title="LaDietLabels::setDairyPortionPct" alt="" coords="371,630,584,654">
<area shape="rect" href="$classLaDietLabels.html#4970e9aeb0a5836c8719dad950b0692b" title="LaDietLabels::setKiloCaloriesIndividualAnnual" alt="" coords="335,678,620,702">
<area shape="rect" href="$classLaDietLabels.html#4393c8058c28dbe1e4da29ce52c67ca4" title="LaDietLabels::setMegaCaloriesSettlementAnnual" alt="" coords="325,726,629,750">
<area shape="rect" href="$classLaDietLabels.html#639532de7ec5de15883f6934fc2c3cd9" title="LaDietLabels::setPlantsPortionPct" alt="" coords="368,774,587,798">
<area shape="rect" href="$classLaDietLabels.html#ed747e0232e31d16a41003b63f127664" title="LaDietLabels::setTameMeatPortionPct" alt="" coords="356,822,599,846">
<area shape="rect" href="$classLaDietLabels.html#b53ee1120244be719c3d90240d6926a1" title="LaDietLabels::setWildAnimalMCalories" alt="" coords="355,870,600,894">
<area shape="rect" href="$classLaDietLabels.html#4d91451a09da0d8e91bd817eedd62305" title="LaDietLabels::setWildAnimalPortionPct" alt="" coords="353,918,601,942">
<area shape="rect" href="$classLaDietLabels.html#be426187d8f1acc5bcd6d14785569348" title="LaDietLabels::setWildPlantsMCalories" alt="" coords="356,966,599,990">
<area shape="rect" href="$classLaDietLabels.html#2156a61bce3ba3ad3ae2382e366944e1" title="LaDietLabels::setWildPlantsPortionPct" alt="" coords="355,1014,600,1038">
<area shape="rect" href="$classLaAnimal.html#39c4b917e82cc0e55040ac3b7bb405db" title="LaAnimal::usableMeat" alt="" coords="403,1062,552,1086">
<area shape="rect" href="$classLaAnimal.html#2f81a4cfb201673bb23bfb9d1098c7b9" title="LaAnimal::weaningAge" alt="" coords="401,1110,553,1134">
<area shape="rect" href="$classLaSerialisable.html#2442a25a3044b53a6a34f1e2387d35c0" title="LaSerialisable::fromXmlFile" alt="" coords="729,102,908,126">
<area shape="rect" href="$classLaGuid.html#38e7b78e2ef37526ffb1bad6af4cf745" title="LaGuid::guid" alt="" coords="772,150,865,174">
<area shape="rect" href="$classLaAnimal.html#e1ff383858093056914370f969a2304a" title="LaAnimal::name" alt="" coords="761,198,876,222">
<area shape="rect" href="$classLaUtils.html#4efbb82253462579bce5c3cf486a4d82" title="LaUtils::userAnimalProfilesDirPath" alt="" coords="708,246,929,270">
<area shape="rect" href="$classLaSerialisable.html#442dee3c693fc9d4e180bbe319015a45" title="LaSerialisable::fromXml" alt="" coords="1008,102,1168,126">
<area shape="rect" href="$classLaAnimalParameter.html#804809c4c95b5964b705a962909ce613" title="LaAnimalParameter::name" alt="" coords="731,6,907,30">
<area shape="rect" href="$classLaUtils.html#171ca0ae00f656744a5109fd66d49764" title="LaUtils::userAnimalParameterProfilesDirPath" alt="" coords="679,54,959,78">
