<area shape="rect" href="$classLaUtils.html#aa01841fb18f566d8c2668fe5de5fc44" title="LaUtils::getAvailableAnimals" alt="" coords="420,88,607,112">
<area shape="rect" href="$classLaGuid.html#38e7b78e2ef37526ffb1bad6af4cf745" title="LaGuid::guid" alt="" coords="752,5,845,29">
<area shape="rect" href="$classLaAnimal.html#e1ff383858093056914370f969a2304a" title="LaAnimal::name" alt="" coords="741,149,856,173">
<area shape="rect" href="$classLaAssemblageConversion.html#86e03c1d087f9120a27eea563b7563c1" title="LaAssemblageConversion::readSettings" alt="" coords="387,187,640,211">
<area shape="rect" href="$classLaSerialisable.html#2442a25a3044b53a6a34f1e2387d35c0" title="LaSerialisable::fromXmlFile" alt="" coords="709,53,888,77">
<area shape="rect" href="$classLaUtils.html#4efbb82253462579bce5c3cf486a4d82" title="LaUtils::userAnimalProfilesDirPath" alt="" coords="688,101,909,125">
<area shape="rect" href="$classLaSerialisable.html#442dee3c693fc9d4e180bbe319015a45" title="LaSerialisable::fromXml" alt="" coords="957,53,1117,77">
