<area shape="rect" href="$laanimalmanager_8h.html" title="laanimalmanager.h" alt="" coords="272,81,400,105">
<area shape="rect" href="$lautils_8h.html" title="lautils.h" alt="" coords="444,156,511,180">
<area shape="rect" href="$laanimal_8h.html" title="laanimal.h" alt="" coords="179,230,259,254">
<area shape="rect" href="$laserialisable_8h.html" title="laserialisable.h" alt="" coords="172,305,279,329">
<area shape="rect" href="$laguid_8h.html" title="laguid.h" alt="" coords="353,305,420,329">
<area shape="rect" href="$la_8h.html" title="la.h" alt="" coords="511,305,553,329">
<area shape="rect" href="$lafoodsource_8h.html" title="lafoodsource.h" alt="" coords="583,380,689,404">
<area shape="rect" href="$lacrop_8h.html" title="lacrop.h" alt="" coords="283,230,349,254">
<area shape="rect" href="$laanimalparameter_8h.html" title="laanimalparameter.h" alt="" coords="656,230,792,254">
<area shape="rect" href="$lacropparameter_8h.html" title="lacropparameter.h" alt="" coords="373,230,496,254">
