<area shape="rect" href="$laassemblageconversion_8h.html" title="laassemblageconversion.h" alt="" coords="400,81,576,105">
<area shape="rect" href="$la_8h.html" title="la.h" alt="" coords="880,305,923,329">
<area shape="rect" href="$lafoodsource_8h.html" title="lafoodsource.h" alt="" coords="688,380,795,404">
<area shape="rect" href="$lautils_8h.html" title="lautils.h" alt="" coords="1040,156,1107,180">
<area shape="rect" href="$laanimal_8h.html" title="laanimal.h" alt="" coords="1267,230,1347,254">
<area shape="rect" href="$lamainform_8h.html" title="lamainform.h" alt="" coords="904,81,1000,105">
<area shape="rect" href="$laanimalparameter_8h.html" title="laanimalparameter.h" alt="" coords="683,230,819,254">
<area shape="rect" href="$laserialisable_8h.html" title="laserialisable.h" alt="" coords="1139,305,1245,329">
<area shape="rect" href="$laguid_8h.html" title="laguid.h" alt="" coords="1048,305,1115,329">
<area shape="rect" href="$lacrop_8h.html" title="lacrop.h" alt="" coords="1029,230,1096,254">
<area shape="rect" href="$lacropparameter_8h.html" title="lacropparameter.h" alt="" coords="1120,230,1243,254">
<area shape="rect" href="$ladietlabels_8h.html" title="ladietlabels.h" alt="" coords="560,305,656,329">
