<area shape="rect" href="$lagrassprocesslib_8h.html" title="lagrassprocesslib.h" alt="" coords="744,156,877,180">
<area shape="rect" href="$la_8h.html" title="la.h" alt="" coords="525,231,568,255">
<area shape="rect" href="$lautils_8h.html" title="lautils.h" alt="" coords="304,82,371,106">
<area shape="rect" href="$lagrass_8h.html" title="lagrass.h" alt="" coords="908,156,983,180">
<area shape="rect" href="$lafoodsource_8h.html" title="lafoodsource.h" alt="" coords="389,306,496,330">
<area shape="rect" href="$laanimal_8h.html" title="laanimal.h" alt="" coords="488,156,568,180">
<area shape="rect" href="$lacrop_8h.html" title="lacrop.h" alt="" coords="165,156,232,180">
<area shape="rect" href="$laanimalparameter_8h.html" title="laanimalparameter.h" alt="" coords="5,156,141,180">
<area shape="rect" href="$lacropparameter_8h.html" title="lacropparameter.h" alt="" coords="256,156,379,180">
<area shape="rect" href="$laserialisable_8h.html" title="laserialisable.h" alt="" coords="256,231,363,255">
<area shape="rect" href="$laguid_8h.html" title="laguid.h" alt="" coords="165,231,232,255">
