<area shape="rect" href="$lamodel_8h.html" title="lamodel.h" alt="" coords="825,156,903,180">
<area shape="rect" href="$la_8h.html" title="la.h" alt="" coords="277,231,320,255">
<area shape="rect" href="$ladietlabels_8h.html" title="ladietlabels.h" alt="" coords="1096,231,1192,255">
<area shape="rect" href="$lautils_8h.html" title="lautils.h" alt="" coords="591,82,657,106">
<area shape="rect" href="$laserialisable_8h.html" title="laserialisable.h" alt="" coords="536,231,643,255">
<area shape="rect" href="$laguid_8h.html" title="laguid.h" alt="" coords="395,231,461,255">
<area shape="rect" href="$lafoodsource_8h.html" title="lafoodsource.h" alt="" coords="83,306,189,330">
<area shape="rect" href="$laanimal_8h.html" title="laanimal.h" alt="" coords="428,156,508,180">
<area shape="rect" href="$lacrop_8h.html" title="lacrop.h" alt="" coords="532,156,599,180">
<area shape="rect" href="$laanimalparameter_8h.html" title="laanimalparameter.h" alt="" coords="268,156,404,180">
<area shape="rect" href="$lacropparameter_8h.html" title="lacropparameter.h" alt="" coords="623,156,745,180">
