<area shape="rect" href="$src_2gui_2laassemblageconversion_8h.html" title="../../../src/gui/laassemblageconversion.h" alt="" coords="2932,81,3185,105">
<area shape="rect" href="$r581Tag_2src_2gui_2ui__laassemblageconversionbase_8h.html" title="ui_laassemblageconversionbase.h" alt="" coords="1420,156,1639,180">
<area shape="rect" href="$src608_2lib_2laanimalparameter_8h.html" title="laanimalparameter.h" alt="" coords="3227,230,3363,254">
<area shape="rect" href="$src608_2lib_2lautils_8h.html" title="lautils.h" alt="" coords="3025,156,3092,180">
<area shape="rect" href="$src608_2lib_2laserialisable_8h.html" title="laserialisable.h" alt="" coords="2975,305,3081,329">
<area shape="rect" href="$src608_2lib_2laguid_8h.html" title="laguid.h" alt="" coords="2884,305,2951,329">
<area shape="rect" href="$src608_2lib_2la_8h.html" title="la.h" alt="" coords="3161,305,3204,329">
<area shape="rect" href="$src608_2lib_2lafoodsource_8h.html" title="lafoodsource.h" alt="" coords="3233,380,3340,404">
<area shape="rect" href="$src608_2lib_2laanimal_8h.html" title="laanimal.h" alt="" coords="2749,230,2829,254">
<area shape="rect" href="$src608_2lib_2lacrop_8h.html" title="lacrop.h" alt="" coords="3085,230,3152,254">
<area shape="rect" href="$src608_2lib_2lacropparameter_8h.html" title="lacropparameter.h" alt="" coords="2939,230,3061,254">
