<area shape="rect" href="$r581Tag_2src_2lib_2laanimal_8h.html" title="laanimal.h" alt="" coords="91,81,171,105">
<area shape="rect" href="$r581Tag_2src_2lib_2lacrop_8h.html" title="lacrop.h" alt="" coords="341,81,408,105">
<area shape="rect" href="$r581Tag_2src_2lib_2la_8h.html" title="la.h" alt="" coords="423,156,465,180">
<area shape="rect" href="$r581Tag_2src_2lib_2laanimalparameter_8h.html" title="laanimalparameter.h" alt="" coords="483,81,619,105">
<area shape="rect" href="$r581Tag_2src_2lib_2lacropparameter_8h.html" title="lacropparameter.h" alt="" coords="195,81,317,105">
<area shape="rect" href="$r581Tag_2src_2lib_2laserialisable_8h.html" title="laserialisable.h" alt="" coords="141,156,248,180">
<area shape="rect" href="$r581Tag_2src_2lib_2laguid_8h.html" title="laguid.h" alt="" coords="272,156,339,180">
<area shape="rect" href="$src608_2lib_2lafoodsource_8h.html" title="lafoodsource.h" alt="" coords="476,231,583,255">
<area shape="rect" href="$r581Tag_2src_2lib_2lafoodsource_8h.html" title="lafoodsource.h" alt="" coords="657,156,764,180">
