<area shape="rect" href="$src_2gui_2lagrassprocess_8h.html" title="lagrassprocess.h" alt="" coords="391,82,511,106">
<area shape="rect" href="$r581Tag_2src_2gui_2lagrassprocess_8h.html" title="lagrassprocess.h" alt="" coords="753,82,873,106">
<area shape="rect" href="$src608_2gui_2lagrassprocess_8h.html" title="lagrassprocess.h" alt="" coords="972,82,1092,106">
<area shape="rect" href="$build_2src_2gui_2moc__lagrassprocess_8cxx.html" title="moc_lagrassprocess.cxx" alt="" coords="5,156,171,180">
<area shape="rect" href="$r581Tag_2src_2gui_2moc__lagrassprocess_8cxx.html" title="moc_lagrassprocess.cxx" alt="" coords="195,156,360,180">
<area shape="rect" href="$src_2gui_2lagrassprocess_8cpp.html" title="lagrassprocess.cpp" alt="" coords="384,156,517,180">
<area shape="rect" href="$src_2gui_2lamainform_8cpp.html" title="lamainform.cpp" alt="" coords="541,156,651,180">
<area shape="rect" href="$r581Tag_2src_2gui_2lagrassprocess_8cpp.html" title="lagrassprocess.cpp" alt="" coords="675,156,808,180">
<area shape="rect" href="$r581Tag_2src_2gui_2lamainform_8cpp.html" title="lamainform.cpp" alt="" coords="832,156,941,180">
<area shape="rect" href="$src608_2gui_2lagrassprocess_8cpp.html" title="lagrassprocess.cpp" alt="" coords="965,156,1099,180">
<area shape="rect" href="$src608_2gui_2lamainform_8cpp.html" title="lamainform.cpp" alt="" coords="1123,156,1232,180">
