<area shape="rect" href="$r581Tag_2src_2lib_2lamodel_8h.html" title="lamodel.h" alt="" coords="801,156,879,180">
<area shape="rect" href="$r581Tag_2src_2lib_2la_8h.html" title="la.h" alt="" coords="583,231,625,255">
<area shape="rect" href="$r581Tag_2src_2lib_2lautils_8h.html" title="lautils.h" alt="" coords="593,82,660,106">
<area shape="rect" href="$r581Tag_2src_2lib_2laserialisable_8h.html" title="laserialisable.h" alt="" coords="181,231,288,255">
<area shape="rect" href="$r581Tag_2src_2lib_2laguid_8h.html" title="laguid.h" alt="" coords="312,231,379,255">
<area shape="rect" href="$src608_2lib_2lafoodsource_8h.html" title="lafoodsource.h" alt="" coords="615,306,721,330">
<area shape="rect" href="$r581Tag_2src_2lib_2laanimal_8h.html" title="laanimal.h" alt="" coords="97,156,177,180">
<area shape="rect" href="$r581Tag_2src_2lib_2lacrop_8h.html" title="lacrop.h" alt="" coords="201,156,268,180">
<area shape="rect" href="$r581Tag_2src_2lib_2laanimalparameter_8h.html" title="laanimalparameter.h" alt="" coords="439,156,575,180">
<area shape="rect" href="$r581Tag_2src_2lib_2lacropparameter_8h.html" title="lacropparameter.h" alt="" coords="292,156,415,180">
<area shape="rect" href="$r581Tag_2src_2lib_2lafoodsource_8h.html" title="lafoodsource.h" alt="" coords="484,306,591,330">
