<area shape="rect" href="$src_2gui_2lacropparametermanager_8h.html" title="lacropparametermanager.h" alt="" coords="497,82,671,106">
<area shape="rect" href="$r581Tag_2src_2gui_2lacropparametermanager_8h.html" title="lacropparametermanager.h" alt="" coords="915,82,1088,106">
<area shape="rect" href="$src608_2gui_2lacropparametermanager_8h.html" title="lacropparametermanager.h" alt="" coords="1185,82,1359,106">
<area shape="rect" href="$build_2src_2gui_2moc__lacropparametermanager_8cxx.html" title="moc_lacropparametermanager.cxx" alt="" coords="5,156,224,180">
<area shape="rect" href="$r581Tag_2src_2gui_2moc__lacropparametermanager_8cxx.html" title="moc_lacropparametermanager.cxx" alt="" coords="248,156,467,180">
<area shape="rect" href="$src_2gui_2lacropparametermanager_8cpp.html" title="lacropparametermanager.cpp" alt="" coords="491,156,677,180">
<area shape="rect" href="$src_2gui_2lamainform_8cpp.html" title="lamainform.cpp" alt="" coords="701,156,811,180">
<area shape="rect" href="$r581Tag_2src_2gui_2lacropparametermanager_8cpp.html" title="lacropparametermanager.cpp" alt="" coords="835,156,1021,180">
<area shape="rect" href="$r581Tag_2src_2gui_2lamainform_8cpp.html" title="lamainform.cpp" alt="" coords="1045,156,1155,180">
<area shape="rect" href="$src608_2gui_2lacropparametermanager_8cpp.html" title="lacropparametermanager.cpp" alt="" coords="1179,156,1365,180">
<area shape="rect" href="$src608_2gui_2lamainform_8cpp.html" title="lamainform.cpp" alt="" coords="1389,156,1499,180">
