<area shape="rect" href="$src608_2gui_2laassemblageconversion_8h.html" title="laassemblageconversion.h" alt="" coords="1799,81,1975,105">
<area shape="rect" href="$src608_2lib_2la_8h.html" title="la.h" alt="" coords="2472,305,2515,329">
<area shape="rect" href="$src608_2lib_2lafoodsource_8h.html" title="lafoodsource.h" alt="" coords="2227,380,2333,404">
<area shape="rect" href="$src608_2lib_2lautils_8h.html" title="lautils.h" alt="" coords="2551,156,2617,180">
<area shape="rect" href="$src608_2lib_2laanimal_8h.html" title="laanimal.h" alt="" coords="2845,230,2925,254">
<area shape="rect" href="$src608_2gui_2lamainform_8h.html" title="lamainform.h" alt="" coords="2536,81,2632,105">
<area shape="rect" href="$r581Tag_2src_2gui_2ui__laassemblageconversionbase_8h.html" title="ui_laassemblageconversionbase.h" alt="" coords="1091,156,1309,180">
<area shape="rect" href="$src608_2lib_2laanimalparameter_8h.html" title="laanimalparameter.h" alt="" coords="2261,230,2397,254">
<area shape="rect" href="$src608_2lib_2laserialisable_8h.html" title="laserialisable.h" alt="" coords="2680,305,2787,329">
<area shape="rect" href="$src608_2lib_2laguid_8h.html" title="laguid.h" alt="" coords="2589,305,2656,329">
<area shape="rect" href="$src608_2lib_2lacrop_8h.html" title="lacrop.h" alt="" coords="2669,230,2736,254">
<area shape="rect" href="$src608_2lib_2lacropparameter_8h.html" title="lacropparameter.h" alt="" coords="2523,230,2645,254">
<area shape="rect" href="$r581Tag_2src_2gui_2ui__lamainformbase_8h.html" title="ui_lamainformbase.h" alt="" coords="1528,156,1669,180">
