<area shape="rect" href="$r581Tag_2src_2gui_2lamodelreports_8h.html" title="lamodelreports.h" alt="" coords="145,82,263,106">
<area shape="rect" href="$src_2gui_2lamodelreports_8h.html" title="lamodelreports.h" alt="" coords="289,82,407,106">
<area shape="rect" href="$src608_2gui_2laanimalparametermanager_8cpp.html" title="laanimalparametermanager.cpp" alt="" coords="431,82,631,106">
<area shape="rect" href="$src608_2gui_2laassemblageconversion_8cpp.html" title="laassemblageconversion.cpp" alt="" coords="655,82,844,106">
<area shape="rect" href="$src608_2gui_2lagrassprocess_8cpp.html" title="lagrassprocess.cpp" alt="" coords="868,82,1001,106">
<area shape="rect" href="$src608_2gui_2lamainform_8cpp.html" title="lamainform.cpp" alt="" coords="984,156,1093,180">
<area shape="rect" href="$src608_2gui_2lamodelreports_8h.html" title="lamodelreports.h" alt="" coords="1076,82,1193,106">
<area shape="rect" href="$src608_2gui_2main_8cpp.html" title="main.cpp" alt="" coords="1217,82,1292,106">
<area shape="rect" href="$r581Tag_2src_2gui_2lamainform_8cpp.html" title="lamainform.cpp" alt="" coords="5,156,115,180">
<area shape="rect" href="$r581Tag_2src_2gui_2lamodelreports_8cpp.html" title="lamodelreports.cpp" alt="" coords="139,156,269,180">
<area shape="rect" href="$src_2gui_2lamainform_8cpp.html" title="lamainform.cpp" alt="" coords="293,156,403,180">
<area shape="rect" href="$src_2gui_2lamodelreports_8cpp.html" title="lamodelreports.cpp" alt="" coords="427,156,557,180">
<area shape="rect" href="$src608_2gui_2lamodelreports_8cpp.html" title="lamodelreports.cpp" alt="" coords="1117,156,1248,180">
