<area shape="rect" href="$src608_2gui_2lacropmanager_8h.html" title="lacropmanager.h" alt="" coords="2041,81,2156,105">
<area shape="rect" href="$src608_2lib_2lautils_8h.html" title="lautils.h" alt="" coords="2868,156,2935,180">
<area shape="rect" href="$r581Tag_2src_2gui_2ui__lacropmanagerbase_8h.html" title="ui_lacropmanagerbase.h" alt="" coords="1339,156,1501,180">
<area shape="rect" href="$src608_2lib_2lacrop_8h.html" title="lacrop.h" alt="" coords="2611,230,2677,254">
<area shape="rect" href="$src608_2lib_2laserialisable_8h.html" title="laserialisable.h" alt="" coords="2616,305,2723,329">
<area shape="rect" href="$src608_2lib_2laguid_8h.html" title="laguid.h" alt="" coords="2747,305,2813,329">
<area shape="rect" href="$src608_2lib_2la_8h.html" title="la.h" alt="" coords="2939,305,2981,329">
<area shape="rect" href="$src608_2lib_2lafoodsource_8h.html" title="lafoodsource.h" alt="" coords="2757,380,2864,404">
<area shape="rect" href="$src608_2lib_2laanimal_8h.html" title="laanimal.h" alt="" coords="2861,230,2941,254">
<area shape="rect" href="$src608_2lib_2laanimalparameter_8h.html" title="laanimalparameter.h" alt="" coords="2701,230,2837,254">
<area shape="rect" href="$src608_2lib_2lacropparameter_8h.html" title="lacropparameter.h" alt="" coords="2965,230,3088,254">
