<area shape="rect" href="$src_2lib_2lacropparameter_8h.html" title="lacropparameter.h" alt="" coords="616,156,739,180">
<area shape="rect" href="$src_2lib_2lautils_8h.html" title="lautils.h" alt="" coords="333,82,400,106">
<area shape="rect" href="$src_2lib_2laserialisable_8h.html" title="laserialisable.h" alt="" coords="440,231,547,255">
<area shape="rect" href="$src_2lib_2laguid_8h.html" title="laguid.h" alt="" coords="571,231,637,255">
<area shape="rect" href="$src_2lib_2la_8h.html" title="la.h" alt="" coords="323,231,365,255">
<area shape="rect" href="$src608_2lib_2lafoodsource_8h.html" title="lafoodsource.h" alt="" coords="207,306,313,330">
<area shape="rect" href="$src_2lib_2laanimal_8h.html" title="laanimal.h" alt="" coords="421,156,501,180">
<area shape="rect" href="$src_2lib_2lacrop_8h.html" title="lacrop.h" alt="" coords="525,156,592,180">
<area shape="rect" href="$src_2lib_2laanimalparameter_8h.html" title="laanimalparameter.h" alt="" coords="125,156,261,180">
<area shape="rect" href="$src_2lib_2lafoodsource_8h.html" title="lafoodsource.h" alt="" coords="49,231,156,255">
