<area shape="rect" href="$src_2gui_2lacropmanager_8h.html" title="../../../src/gui/lacropmanager.h" alt="" coords="1637,81,1832,105">
<area shape="rect" href="$r581Tag_2src_2gui_2ui__lacropmanagerbase_8h.html" title="ui_lacropmanagerbase.h" alt="" coords="1340,156,1503,180">
<area shape="rect" href="$src608_2lib_2lacrop_8h.html" title="lacrop.h" alt="" coords="2523,230,2589,254">
<area shape="rect" href="$src608_2lib_2lautils_8h.html" title="lautils.h" alt="" coords="2821,156,2888,180">
<area shape="rect" href="$src608_2lib_2laserialisable_8h.html" title="laserialisable.h" alt="" coords="2637,305,2744,329">
<area shape="rect" href="$src608_2lib_2laguid_8h.html" title="laguid.h" alt="" coords="2547,305,2613,329">
<area shape="rect" href="$src608_2lib_2la_8h.html" title="la.h" alt="" coords="2819,305,2861,329">
<area shape="rect" href="$src608_2lib_2lafoodsource_8h.html" title="lafoodsource.h" alt="" coords="2879,380,2985,404">
<area shape="rect" href="$src608_2lib_2laanimal_8h.html" title="laanimal.h" alt="" coords="2613,230,2693,254">
<area shape="rect" href="$src608_2lib_2laanimalparameter_8h.html" title="laanimalparameter.h" alt="" coords="2864,230,3000,254">
<area shape="rect" href="$src608_2lib_2lacropparameter_8h.html" title="lacropparameter.h" alt="" coords="2717,230,2840,254">
