<area shape="rect" href="$classLaDietLabels.html#12116fa24e5b2fe4b38820d1ceec0ecc" title="LaDietLabels::setAnimalPortionPct" alt="" coords="373,6,597,30">
<area shape="rect" href="$classLaDietLabels.html#fbdc4c4c15d0798315db249f446f9117" title="LaDietLabels::setCropMCalories" alt="" coords="381,54,589,78">
<area shape="rect" href="$classLaDietLabels.html#3e762c337e788bb9a477f6276516aa9b" title="LaDietLabels::setCropsPortionPct" alt="" coords="377,102,593,126">
<area shape="rect" href="$classLaDietLabels.html#bae6674aee3d8be99bd37006c7cefa1f" title="LaDietLabels::setDairyMCalories" alt="" coords="380,150,591,174">
<area shape="rect" href="$classLaDietLabels.html#8d9642348c1547e72a80c33e65309fca" title="LaDietLabels::setDairyPortionPct" alt="" coords="379,198,592,222">
<area shape="rect" href="$classLaDietLabels.html#4970e9aeb0a5836c8719dad950b0692b" title="LaDietLabels::setKiloCaloriesIndividualAnnual" alt="" coords="343,246,628,270">
<area shape="rect" href="$classLaDietLabels.html#4393c8058c28dbe1e4da29ce52c67ca4" title="LaDietLabels::setMegaCaloriesSettlementAnnual" alt="" coords="333,294,637,318">
<area shape="rect" href="$classLaDietLabels.html#639532de7ec5de15883f6934fc2c3cd9" title="LaDietLabels::setPlantsPortionPct" alt="" coords="376,342,595,366">
<area shape="rect" href="$classLaDietLabels.html#ed747e0232e31d16a41003b63f127664" title="LaDietLabels::setTameMeatPortionPct" alt="" coords="364,390,607,414">
<area shape="rect" href="$classLaDietLabels.html#b53ee1120244be719c3d90240d6926a1" title="LaDietLabels::setWildAnimalMCalories" alt="" coords="363,438,608,462">
<area shape="rect" href="$classLaDietLabels.html#4d91451a09da0d8e91bd817eedd62305" title="LaDietLabels::setWildAnimalPortionPct" alt="" coords="361,486,609,510">
<area shape="rect" href="$classLaDietLabels.html#be426187d8f1acc5bcd6d14785569348" title="LaDietLabels::setWildPlantsMCalories" alt="" coords="364,534,607,558">
<area shape="rect" href="$classLaDietLabels.html#2156a61bce3ba3ad3ae2382e366944e1" title="LaDietLabels::setWildPlantsPortionPct" alt="" coords="363,582,608,606">
