<area shape="rect" href="$classLaUtils.html#31401524c3416531ef439851cd69cd21" title="LaUtils::getAnimal" alt="" coords="201,197,329,221">
<area shape="rect" href="$classLaUtils.html#fd9d58e854e54a9ce823ebe0b177471f" title="LaUtils::getAnimalParameter" alt="" coords="172,293,359,317">
<area shape="rect" href="$classLaUtils.html#7f444ecadda6970730d87db2d166091e" title="LaUtils::getCrop" alt="" coords="208,149,323,173">
<area shape="rect" href="$classLaUtils.html#946206fd47158b870a8f0caa1235d693" title="LaUtils::getCropParameter" alt="" coords="179,245,352,269">
<area shape="rect" href="$classLaModel.html#0c721507f11831e4ddc824c700123635" title="LaModel::logMessage" alt="" coords="192,341,339,365">
<area shape="rect" href="$classLaCropParameter.html#b52169fb0bccc1185786d1dd322d074d" title="LaCropParameter::toHtml" alt="" coords="181,536,349,560">
<area shape="rect" href="$classLaUtils.html#03e257f78a463d90da9ac1bf8ceaec59" title="LaUtils::xmlEncode" alt="" coords="483,486,616,510">
<area shape="rect" href="$classLaCrop.html#2960c8c22c90719f6ebb965894d0a181" title="LaCrop::toHtml" alt="" coords="212,389,319,413">
<area shape="rect" href="$classLaAnimalParameter.html#1b1432c5a77a15ce847647c30656da88" title="LaAnimalParameter::toHtml" alt="" coords="175,584,356,608">
<area shape="rect" href="$classLaAnimal.html#cc54e505ab043f231614e33f0a69d8b5" title="LaAnimal::toHtml" alt="" coords="205,437,325,461">
<area shape="rect" href="$classLaSerialisable.html#2442a25a3044b53a6a34f1e2387d35c0" title="LaSerialisable::fromXmlFile" alt="" coords="460,197,639,221">
<area shape="rect" href="$classLaGuid.html#38e7b78e2ef37526ffb1bad6af4cf745" title="LaGuid::guid" alt="" coords="503,245,596,269">
<area shape="rect" href="$classLaAnimal.html#e1ff383858093056914370f969a2304a" title="LaAnimal::name" alt="" coords="492,101,607,125">
<area shape="rect" href="$classLaUtils.html#4efbb82253462579bce5c3cf486a4d82" title="LaUtils::userAnimalProfilesDirPath" alt="" coords="439,149,660,173">
<area shape="rect" href="$classLaSerialisable.html#442dee3c693fc9d4e180bbe319015a45" title="LaSerialisable::fromXml" alt="" coords="739,197,899,221">
<area shape="rect" href="$classLaAnimalParameter.html#804809c4c95b5964b705a962909ce613" title="LaAnimalParameter::name" alt="" coords="461,389,637,413">
<area shape="rect" href="$classLaUtils.html#171ca0ae00f656744a5109fd66d49764" title="LaUtils::userAnimalParameterProfilesDirPath" alt="" coords="409,437,689,461">
<area shape="rect" href="$classLaCrop.html#e2c84ed6c0c693b3edc22e0de658c275" title="LaCrop::name" alt="" coords="499,5,600,29">
<area shape="rect" href="$classLaUtils.html#fc911327dedf1b19d1e8d00dc6566cc7" title="LaUtils::userCropProfilesDirPath" alt="" coords="445,53,653,77">
<area shape="rect" href="$classLaCropParameter.html#5d878c97131022b992c21233c666bb77" title="LaCropParameter::name" alt="" coords="468,293,631,317">
<area shape="rect" href="$classLaUtils.html#3804a131bf6eb30e3697a14cf378a719" title="LaUtils::userCropParameterProfilesDirPath" alt="" coords="416,341,683,365">
<area shape="rect" href="$classLaFoodSource.html#f7323bb5922d2e39d69cd19f577a765b" title="LaFoodSource::days" alt="" coords="479,536,620,560">
<area shape="rect" href="$classLaFoodSource.html#357e1c0ab15f9fcf341e8f3f3d93690f" title="LaFoodSource::fodder" alt="" coords="475,584,624,608">
<area shape="rect" href="$classLaFoodSource.html#274a5cf516839980ae123dd93b6d6c3a" title="LaFoodSource::grain" alt="" coords="479,632,620,656">
