<area shape="rect" href="$classLaModel.html#71cac09822d4c19bee91cfb8845ff68a" title="LaModel::caloriesProvidedByTheMeatOfTheAnimal" alt="" coords="928,250,1245,274">
<area shape="rect" href="$classLaModel.html#0c721507f11831e4ddc824c700123635" title="LaModel::logMessage" alt="" coords="1657,538,1804,562">
<area shape="rect" href="$classLaModel.html#e45aff82c64593a44635adcbe6bbd8e8" title="LaModel::caloriesProvidedByTheMilkOfTheAnimal" alt="" coords="341,402,653,426">
<area shape="rect" href="$classLaModel.html#d050dcca8d5f1efb68b1c84ccee13cb9" title="LaModel::caloriesFromTameMeat" alt="" coords="1311,102,1524,126">
<area shape="rect" href="$classLaUtils.html#fd9d58e854e54a9ce823ebe0b177471f" title="LaUtils::getAnimalParameter" alt="" coords="1324,350,1511,374">
<area shape="rect" href="$classLaGuid.html#38e7b78e2ef37526ffb1bad6af4cf745" title="LaGuid::guid" alt="" coords="1984,399,2077,423">
<area shape="rect" href="$classLaAnimalParameter.html#804809c4c95b5964b705a962909ce613" title="LaAnimalParameter::name" alt="" coords="1643,251,1819,275">
<area shape="rect" href="$classLaAnimalParameter.html#7686aa9ee4ae4f34f5142eaa09e2b3ca" title="LaAnimalParameter::percentTameMeat" alt="" coords="1293,251,1541,275">
<area shape="rect" href="$classLaModel.html#f51e2921774ebf65f70c3e157cf10d01" title="LaModel::dietPercent" alt="" coords="1659,54,1803,78">
<area shape="rect" href="$classLaModel.html#523b5998f5711535060f4eede5a2d159" title="LaModel::meatPercent" alt="" coords="1655,102,1807,126">
<area shape="rect" href="$classLaModel.html#82e83e5e8e30e81d4a4ccb5f5a1ba966" title="LaModel::population" alt="" coords="1663,6,1799,30">
<area shape="rect" href="$classLaSerialisable.html#2442a25a3044b53a6a34f1e2387d35c0" title="LaSerialisable::fromXmlFile" alt="" coords="1941,783,2120,807">
<area shape="rect" href="$classLaUtils.html#171ca0ae00f656744a5109fd66d49764" title="LaUtils::userAnimalParameterProfilesDirPath" alt="" coords="1591,350,1871,374">
<area shape="rect" href="$classLaSerialisable.html#442dee3c693fc9d4e180bbe319015a45" title="LaSerialisable::fromXml" alt="" coords="2189,783,2349,807">
<area shape="rect" href="$classLaModel.html#8dfc516f791f8bd9eb0e03ce0e228902" title="LaModel::caloriesFromMilk" alt="" coords="703,728,879,752">
<area shape="rect" href="$classLaModel.html#432c194de81423c6a656a428562fcab4" title="LaModel::calculateHerdSize" alt="" coords="995,995,1179,1019">
<area shape="rect" href="$classLaUtils.html#31401524c3416531ef439851cd69cd21" title="LaUtils::getAnimal" alt="" coords="1667,1188,1795,1212">
<area shape="rect" href="$classLaAnimal.html#d68b0eee8228151e81ba937c7715a300" title="LaAnimal::lactationTime" alt="" coords="1651,663,1811,687">
<area shape="rect" href="$classLaAnimal.html#60b8c9abf2c857227ea81d694eec18b6" title="LaAnimal::milkFoodValue" alt="" coords="1647,722,1815,746">
<area shape="rect" href="$classLaAnimal.html#918d84cabe24ef0714339a54b0663d3f" title="LaAnimal::milkGramsPerDay" alt="" coords="1636,788,1825,812">
<area shape="rect" href="$classLaAnimal.html#2f81a4cfb201673bb23bfb9d1098c7b9" title="LaAnimal::weaningAge" alt="" coords="1655,1295,1807,1319">
<area shape="rect" href="$classLaAnimal.html#139a9cb0f3ead8b63e5de09ea887eb09" title="LaAnimal::breedingExpectancy" alt="" coords="1317,995,1517,1019">
<area shape="rect" href="$classLaAnimal.html#0e0be3aeffd1bd7e01fad6eabd127435" title="LaAnimal::deathRate" alt="" coords="1347,803,1488,827">
<area shape="rect" href="$classLaAnimal.html#a8d0331bd199fca790f88ab491ec99be" title="LaAnimal::estrousCycle" alt="" coords="1337,851,1497,875">
<area shape="rect" href="$classLaAnimal.html#87182421ad69e1361460b1a9de1ef477" title="LaAnimal::gestationTime" alt="" coords="1336,899,1499,923">
<area shape="rect" href="$classLaModel.html#818c8f0014d674d97bf64bf7330fa085" title="LaModel::getProductionTargetsAnimals" alt="" coords="1293,1043,1541,1067">
<area shape="rect" href="$classLaAnimal.html#b91d79421a1a113f463ced406e2b89e5" title="LaAnimal::killWeight" alt="" coords="1661,1140,1800,1164">
<area shape="rect" href="$classLaAnimal.html#39c4b917e82cc0e55040ac3b7bb405db" title="LaAnimal::usableMeat" alt="" coords="1656,1092,1805,1116">
<area shape="rect" href="$classLaAnimal.html#1b7b995f3263dfb8654956b21d4e0131" title="LaAnimal::youngPerBirth" alt="" coords="1335,947,1500,971">
<area shape="rect" href="$classLaAnimal.html#e1ff383858093056914370f969a2304a" title="LaAnimal::name" alt="" coords="1973,1092,2088,1116">
<area shape="rect" href="$classLaUtils.html#4efbb82253462579bce5c3cf486a4d82" title="LaUtils::userAnimalProfilesDirPath" alt="" coords="1920,1188,2141,1212">
<area shape="rect" href="$classLaAnimal.html#6dfb7834ca39edc82b12419273e4bd98" title="LaAnimal::meatFoodValue" alt="" coords="1644,994,1817,1018">
