<area shape="rect" href="$classLaModel.html#e45aff82c64593a44635adcbe6bbd8e8" title="LaModel::caloriesProvidedByTheMilkOfTheAnimal" alt="" coords="621,775,933,799">
<area shape="rect" href="$classLaModel.html#e09cb35b64dcb272de8768495b1c302d" title="LaModel::initialiseCaloriesProvidedByCropsMap" alt="" coords="981,1076,1280,1100">
<area shape="rect" href="$classLaModel.html#fbbbfe448366f2d5630586763e7a6be7" title="LaModel::initialiseCaloriesProvidedByMeatMap" alt="" coords="984,1026,1277,1050">
<area shape="rect" href="$classLaModel.html#0f85a2f08e31c6964ed22f449249714a" title="LaModel::initialiseCaloriesProvidedByMilkMap" alt="" coords="285,938,573,962">
<area shape="rect" href="$classLaModel.html#8dfc516f791f8bd9eb0e03ce0e228902" title="LaModel::caloriesFromMilk" alt="" coords="1043,331,1219,355">
<area shape="rect" href="$classLaGuid.html#38e7b78e2ef37526ffb1bad6af4cf745" title="LaGuid::guid" alt="" coords="2384,598,2477,622">
<area shape="rect" href="$classLaModel.html#0c721507f11831e4ddc824c700123635" title="LaModel::logMessage" alt="" coords="2057,995,2204,1019">
<area shape="rect" href="$classLaUtils.html#fd9d58e854e54a9ce823ebe0b177471f" title="LaUtils::getAnimalParameter" alt="" coords="1724,675,1911,699">
<area shape="rect" href="$classLaAnimalParameter.html#804809c4c95b5964b705a962909ce613" title="LaAnimalParameter::name" alt="" coords="2043,574,2219,598">
<area shape="rect" href="$classLaUtils.html#31401524c3416531ef439851cd69cd21" title="LaUtils::getAnimal" alt="" coords="2067,87,2195,111">
<area shape="rect" href="$classLaModel.html#e0e616403a10073e061bd6e062555b72" title="LaModel::herdSize" alt="" coords="1423,259,1551,283">
<area shape="rect" href="$classLaAnimal.html#2f81a4cfb201673bb23bfb9d1098c7b9" title="LaAnimal::weaningAge" alt="" coords="1741,38,1893,62">
<area shape="rect" href="$classLaAnimal.html#d68b0eee8228151e81ba937c7715a300" title="LaAnimal::lactationTime" alt="" coords="1407,307,1567,331">
<area shape="rect" href="$classLaAnimal.html#60b8c9abf2c857227ea81d694eec18b6" title="LaAnimal::milkFoodValue" alt="" coords="1403,355,1571,379">
<area shape="rect" href="$classLaAnimal.html#918d84cabe24ef0714339a54b0663d3f" title="LaAnimal::milkGramsPerDay" alt="" coords="1392,403,1581,427">
<area shape="rect" href="$classLaSerialisable.html#2442a25a3044b53a6a34f1e2387d35c0" title="LaSerialisable::fromXmlFile" alt="" coords="2341,722,2520,746">
<area shape="rect" href="$classLaAnimal.html#e1ff383858093056914370f969a2304a" title="LaAnimal::name" alt="" coords="2373,136,2488,160">
<area shape="rect" href="$classLaUtils.html#4efbb82253462579bce5c3cf486a4d82" title="LaUtils::userAnimalProfilesDirPath" alt="" coords="2320,87,2541,111">
<area shape="rect" href="$classLaSerialisable.html#442dee3c693fc9d4e180bbe319015a45" title="LaSerialisable::fromXml" alt="" coords="2589,722,2749,746">
<area shape="rect" href="$classLaAnimal.html#139a9cb0f3ead8b63e5de09ea887eb09" title="LaAnimal::breedingExpectancy" alt="" coords="1717,379,1917,403">
<area shape="rect" href="$classLaAnimal.html#0e0be3aeffd1bd7e01fad6eabd127435" title="LaAnimal::deathRate" alt="" coords="1747,427,1888,451">
<area shape="rect" href="$classLaAnimal.html#a8d0331bd199fca790f88ab491ec99be" title="LaAnimal::estrousCycle" alt="" coords="1737,475,1897,499">
<area shape="rect" href="$classLaAnimal.html#87182421ad69e1361460b1a9de1ef477" title="LaAnimal::gestationTime" alt="" coords="1736,184,1899,208">
<area shape="rect" href="$classLaModel.html#818c8f0014d674d97bf64bf7330fa085" title="LaModel::getProductionTargetsAnimals" alt="" coords="1693,136,1941,160">
<area shape="rect" href="$classLaAnimal.html#39c4b917e82cc0e55040ac3b7bb405db" title="LaAnimal::usableMeat" alt="" coords="2056,284,2205,308">
<area shape="rect" href="$classLaAnimal.html#b91d79421a1a113f463ced406e2b89e5" title="LaAnimal::killWeight" alt="" coords="1748,283,1887,307">
<area shape="rect" href="$classLaAnimal.html#1b7b995f3263dfb8654956b21d4e0131" title="LaAnimal::youngPerBirth" alt="" coords="1735,331,1900,355">
<area shape="rect" href="$classLaAnimal.html#6dfb7834ca39edc82b12419273e4bd98" title="LaAnimal::meatFoodValue" alt="" coords="2044,186,2217,210">
<area shape="rect" href="$classLaUtils.html#171ca0ae00f656744a5109fd66d49764" title="LaUtils::userAnimalParameterProfilesDirPath" alt="" coords="1991,622,2271,646">
<area shape="rect" href="$classLaModel.html#4cd484b26bcad25b9a94067f175a3049" title="LaModel::caloriesProvidedByTheCrop" alt="" coords="1367,1248,1607,1272">
<area shape="rect" href="$classLaModel.html#4a138338d90a88dd27f3493e5914ab31" title="LaModel::caloriesFromCrops" alt="" coords="1724,1224,1911,1248">
<area shape="rect" href="$classLaUtils.html#946206fd47158b870a8f0caa1235d693" title="LaUtils::getCropParameter" alt="" coords="1731,1294,1904,1318">
<area shape="rect" href="$classLaCropParameter.html#5d878c97131022b992c21233c666bb77" title="LaCropParameter::name" alt="" coords="2049,1403,2212,1427">
<area shape="rect" href="$classLaCropParameter.html#431530fc1021ce00db44ee1c6a1dc8bd" title="LaCropParameter::percentTameCrop" alt="" coords="1701,1342,1933,1366">
<area shape="rect" href="$classLaModel.html#5ef4431461d5803f0febaf1c059a628f" title="LaModel::plantPercent" alt="" coords="2055,1206,2207,1230">
<area shape="rect" href="$classLaModel.html#82e83e5e8e30e81d4a4ccb5f5a1ba966" title="LaModel::population" alt="" coords="2063,1158,2199,1182">
<area shape="rect" href="$classLaUtils.html#3804a131bf6eb30e3697a14cf378a719" title="LaUtils::userCropParameterProfilesDirPath" alt="" coords="1997,1304,2264,1328">
<area shape="rect" href="$classLaModel.html#71cac09822d4c19bee91cfb8845ff68a" title="LaModel::caloriesProvidedByTheMeatOfTheAnimal" alt="" coords="1328,888,1645,912">
<area shape="rect" href="$classLaModel.html#d050dcca8d5f1efb68b1c84ccee13cb9" title="LaModel::caloriesFromTameMeat" alt="" coords="1711,1176,1924,1200">
<area shape="rect" href="$classLaAnimalParameter.html#7686aa9ee4ae4f34f5142eaa09e2b3ca" title="LaAnimalParameter::percentTameMeat" alt="" coords="1693,875,1941,899">
<area shape="rect" href="$classLaModel.html#f51e2921774ebf65f70c3e157cf10d01" title="LaModel::dietPercent" alt="" coords="2059,1110,2203,1134">
<area shape="rect" href="$classLaModel.html#523b5998f5711535060f4eede5a2d159" title="LaModel::meatPercent" alt="" coords="2055,1062,2207,1086">
