<area shape="rect" href="$classLaDietLabels.html#12116fa24e5b2fe4b38820d1ceec0ecc" title="LaDietLabels::setAnimalPortionPct" alt="" coords="365,6,589,30">
<area shape="rect" href="$classLaDietLabels.html#fbdc4c4c15d0798315db249f446f9117" title="LaDietLabels::setCropMCalories" alt="" coords="373,54,581,78">
<area shape="rect" href="$classLaDietLabels.html#3e762c337e788bb9a477f6276516aa9b" title="LaDietLabels::setCropsPortionPct" alt="" coords="369,102,585,126">
<area shape="rect" href="$classLaDietLabels.html#bae6674aee3d8be99bd37006c7cefa1f" title="LaDietLabels::setDairyMCalories" alt="" coords="372,150,583,174">
<area shape="rect" href="$classLaDietLabels.html#8d9642348c1547e72a80c33e65309fca" title="LaDietLabels::setDairyPortionPct" alt="" coords="371,198,584,222">
<area shape="rect" href="$classLaDietLabels.html#4970e9aeb0a5836c8719dad950b0692b" title="LaDietLabels::setKiloCaloriesIndividualAnnual" alt="" coords="335,246,620,270">
<area shape="rect" href="$classLaDietLabels.html#4393c8058c28dbe1e4da29ce52c67ca4" title="LaDietLabels::setMegaCaloriesSettlementAnnual" alt="" coords="325,294,629,318">
<area shape="rect" href="$classLaDietLabels.html#639532de7ec5de15883f6934fc2c3cd9" title="LaDietLabels::setPlantsPortionPct" alt="" coords="368,342,587,366">
<area shape="rect" href="$classLaDietLabels.html#ed747e0232e31d16a41003b63f127664" title="LaDietLabels::setTameMeatPortionPct" alt="" coords="356,390,599,414">
<area shape="rect" href="$classLaDietLabels.html#b53ee1120244be719c3d90240d6926a1" title="LaDietLabels::setWildAnimalMCalories" alt="" coords="355,438,600,462">
<area shape="rect" href="$classLaDietLabels.html#4d91451a09da0d8e91bd817eedd62305" title="LaDietLabels::setWildAnimalPortionPct" alt="" coords="353,486,601,510">
<area shape="rect" href="$classLaDietLabels.html#be426187d8f1acc5bcd6d14785569348" title="LaDietLabels::setWildPlantsMCalories" alt="" coords="356,534,599,558">
<area shape="rect" href="$classLaDietLabels.html#2156a61bce3ba3ad3ae2382e366944e1" title="LaDietLabels::setWildPlantsPortionPct" alt="" coords="355,582,600,606">
