<area shape="rect" href="$classLaAnimal.html#139a9cb0f3ead8b63e5de09ea887eb09" title="LaAnimal::breedingExpectancy" alt="" coords="193,6,393,30">
<area shape="rect" href="$classLaAnimal.html#0e0be3aeffd1bd7e01fad6eabd127435" title="LaAnimal::deathRate" alt="" coords="223,54,364,78">
<area shape="rect" href="$classLaAnimal.html#8c8fa81043c332c17dfbbc3ef4275a44" title="LaAnimal::description" alt="" coords="220,102,367,126">
<area shape="rect" href="$classLaAnimal.html#a8d0331bd199fca790f88ab491ec99be" title="LaAnimal::estrousCycle" alt="" coords="213,150,373,174">
<area shape="rect" href="$classLaAnimal.html#4bdd186a1b781cc5a9329d1a0dbc11f0" title="LaAnimal::feedEnergyType" alt="" coords="205,198,381,222">
<area shape="rect" href="$classLaAnimal.html#4bec657d92a984de184898598f2cffb2" title="LaAnimal::fleece" alt="" coords="235,246,352,270">
<area shape="rect" href="$classLaAnimal.html#4e0d4181ab722a6f28b5ab5022f8b9de" title="LaAnimal::fleeceWeightKg" alt="" coords="207,294,380,318">
<area shape="rect" href="$classLaAnimal.html#bd2e2feff05f8cdc5c47524fbc5a6016" title="LaAnimal::gestating" alt="" coords="225,342,361,366">
<area shape="rect" href="$classLaAnimal.html#87182421ad69e1361460b1a9de1ef477" title="LaAnimal::gestationTime" alt="" coords="212,390,375,414">
<area shape="rect" href="$classLaAnimal.html#c53a3c881ead54974b0a2691800a9ac4" title="LaAnimal::growTime" alt="" coords="224,438,363,462">
<area shape="rect" href="$classLaGuid.html#38e7b78e2ef37526ffb1bad6af4cf745" title="LaGuid::guid" alt="" coords="247,486,340,510">
<area shape="rect" href="$classLaAnimal.html#a864020562f76302ad279c569ebf96c7" title="LaAnimal::imageFile" alt="" coords="224,534,363,558">
<area shape="rect" href="$classLaAnimal.html#5869a81693b62d835fe18aa85e718817" title="LaAnimal::juvenile" alt="" coords="229,582,357,606">
<area shape="rect" href="$classLaAnimal.html#b91d79421a1a113f463ced406e2b89e5" title="LaAnimal::killWeight" alt="" coords="224,630,363,654">
<area shape="rect" href="$classLaAnimal.html#a512909d315fb347ad19c861f73c953f" title="LaAnimal::lactating" alt="" coords="228,678,359,702">
<area shape="rect" href="$classLaAnimal.html#d68b0eee8228151e81ba937c7715a300" title="LaAnimal::lactationTime" alt="" coords="213,726,373,750">
<area shape="rect" href="$classLaAnimal.html#c9556c5a2833bb79834b276aca8a5eb8" title="LaAnimal::maintenance" alt="" coords="215,774,372,798">
<area shape="rect" href="$classLaAnimal.html#6dfb7834ca39edc82b12419273e4bd98" title="LaAnimal::meatFoodValue" alt="" coords="207,822,380,846">
<area shape="rect" href="$classLaAnimal.html#5dd60285d071454c6cb219ef2660664d" title="LaAnimal::milk" alt="" coords="240,870,347,894">
<area shape="rect" href="$classLaAnimal.html#60b8c9abf2c857227ea81d694eec18b6" title="LaAnimal::milkFoodValue" alt="" coords="209,918,377,942">
<area shape="rect" href="$classLaAnimal.html#918d84cabe24ef0714339a54b0663d3f" title="LaAnimal::milkGramsPerDay" alt="" coords="199,966,388,990">
<area shape="rect" href="$classLaAnimal.html#e1ff383858093056914370f969a2304a" title="LaAnimal::name" alt="" coords="236,1014,351,1038">
<area shape="rect" href="$classLaGuid.html#baf1a3fdc9aad8f76c1c0f8175fd5591" title="LaGuid::setGuid" alt="" coords="236,1062,351,1086">
<area shape="rect" href="$classLaAnimal.html#a18110c489502d85d4cf451901825b5e" title="LaAnimal::sexualMaturity" alt="" coords="209,1110,377,1134">
<area shape="rect" href="$classLaAnimal.html#39c4b917e82cc0e55040ac3b7bb405db" title="LaAnimal::usableMeat" alt="" coords="219,1158,368,1182">
<area shape="rect" href="$classLaAnimal.html#2f81a4cfb201673bb23bfb9d1098c7b9" title="LaAnimal::weaningAge" alt="" coords="217,1206,369,1230">
<area shape="rect" href="$classLaAnimal.html#3bdeb417f81ec534247599d56868d954" title="LaAnimal::weaningWeight" alt="" coords="208,1254,379,1278">
<area shape="rect" href="$classLaAnimal.html#1b7b995f3263dfb8654956b21d4e0131" title="LaAnimal::youngPerBirth" alt="" coords="211,1302,376,1326">
