<area shape="rect" href="$laanimalparametermanager_8cpp.html" title="dev/cpp/landuseanalyst/src/gui/laanimalparametermanager.cpp" alt="" coords="872,306,1256,330">
<area shape="rect" href="$lamainform_8h.html" title="dev/cpp/landuseanalyst/src/gui/lamainform.h" alt="" coords="245,231,525,255">
<area shape="rect" href="$laassemblageconversion_8cpp.html" title="dev/cpp/landuseanalyst/src/gui/laassemblageconversion.cpp" alt="" coords="340,306,713,330">
<area shape="rect" href="$lamainform_8cpp.html" title="dev/cpp/landuseanalyst/src/gui/lamainform.cpp" alt="" coords="1987,380,2280,404">
<area shape="rect" href="$lamodelreports_8cpp.html" title="dev/cpp/landuseanalyst/src/gui/lamodelreports.cpp" alt="" coords="4249,380,4564,404">
<area shape="rect" href="$lagrassprocess_8h.html" title="dev/cpp/landuseanalyst/src/gui/lagrassprocess.h" alt="" coords="1931,231,2235,255">
<area shape="rect" href="$laanimal_8h.html" title="dev/cpp/landuseanalyst/src/lib/laanimal.h" alt="" coords="608,82,867,106">
<area shape="rect" href="$lautils_8h.html" title="dev/cpp/landuseanalyst/src/lib/lautils.h" alt="" coords="2656,156,2901,180">
<area shape="rect" href="$laanimalparameter_8cpp.html" title="dev/cpp/landuseanalyst/src/lib/laanimalparameter.cpp" alt="" coords="4411,231,4741,255">
<area shape="rect" href="$lagrass_8cpp.html" title="dev/cpp/landuseanalyst/src/lib/lagrass.cpp" alt="" coords="4765,231,5032,255">
<area shape="rect" href="$lagrassprocesslib_8cpp.html" title="dev/cpp/landuseanalyst/src/lib/lagrassprocesslib.cpp" alt="" coords="5989,231,6317,255">
<area shape="rect" href="$lamodel_8cpp.html" title="dev/cpp/landuseanalyst/src/lib/lamodel.cpp" alt="" coords="5491,231,5763,255">
<area shape="rect" href="$lautils_8cpp.html" title="dev/cpp/landuseanalyst/src/lib/lautils.cpp" alt="" coords="3520,231,3779,255">
<area shape="rect" href="$lacrop_8h.html" title="dev/cpp/landuseanalyst/src/lib/lacrop.h" alt="" coords="4017,82,4265,106">
<area shape="rect" href="$laanimalparameter_8h.html" title="dev/cpp/landuseanalyst/src/lib/laanimalparameter.h" alt="" coords="1925,82,2243,106">
<area shape="rect" href="$lacropparameter_8h.html" title="dev/cpp/landuseanalyst/src/lib/lacropparameter.h" alt="" coords="2836,82,3140,106">
<area shape="rect" href="$lagrassprocesslib_8h.html" title="dev/cpp/landuseanalyst/src/lib/lagrassprocesslib.h" alt="" coords="5989,156,6301,180">
<area shape="rect" href="$lamodel_8h.html" title="dev/cpp/landuseanalyst/src/lib/lamodel.h" alt="" coords="5643,156,5899,180">
<area shape="rect" href="$lagrassprocess_8cpp.html" title="dev/cpp/landuseanalyst/src/gui/lagrassprocess.cpp" alt="" coords="1684,306,2001,330">
<area shape="rect" href="$lamodelreports_8h.html" title="dev/cpp/landuseanalyst/src/gui/lamodelreports.h" alt="" coords="2573,306,2875,330">
<area shape="rect" href="$main_8cpp.html" title="dev/cpp/landuseanalyst/src/gui/main.cpp" alt="" coords="57,306,316,330">
<area shape="rect" href="$laanimalmanager_8h.html" title="dev/cpp/landuseanalyst/src/gui/laanimalmanager.h" alt="" coords="2259,231,2571,255">
<area shape="rect" href="$laanimal_8cpp.html" title="dev/cpp/landuseanalyst/src/lib/laanimal.cpp" alt="" coords="600,231,875,255">
<area shape="rect" href="$laanimalmanager_8cpp.html" title="dev/cpp/landuseanalyst/src/gui/laanimalmanager.cpp" alt="" coords="2171,306,2499,330">
<area shape="rect" href="$laanimalparametermanager_8h.html" title="dev/cpp/landuseanalyst/src/gui/laanimalparametermanager.h" alt="" coords="1384,231,1755,255">
<area shape="rect" href="$laassemblageconversion_8h.html" title="dev/cpp/landuseanalyst/src/gui/laassemblageconversion.h" alt="" coords="899,231,1259,255">
<area shape="rect" href="$lacropmanager_8h.html" title="dev/cpp/landuseanalyst/src/gui/lacropmanager.h" alt="" coords="3803,231,4101,255">
<area shape="rect" href="$lacropmanager_8cpp.html" title="dev/cpp/landuseanalyst/src/gui/lacropmanager.cpp" alt="" coords="2949,306,3264,330">
<area shape="rect" href="$lacropparametermanager_8h.html" title="dev/cpp/landuseanalyst/src/gui/lacropparametermanager.h" alt="" coords="2747,231,3104,255">
<area shape="rect" href="$lacropparametermanager_8cpp.html" title="dev/cpp/landuseanalyst/src/gui/lacropparametermanager.cpp" alt="" coords="3288,306,3659,330">
<area shape="rect" href="$lacrop_8cpp.html" title="dev/cpp/landuseanalyst/src/lib/lacrop.cpp" alt="" coords="4125,231,4387,255">
<area shape="rect" href="$lacropparameter_8cpp.html" title="dev/cpp/landuseanalyst/src/lib/lacropparameter.cpp" alt="" coords="3179,231,3496,255">
<area shape="rect" href="$lamodeltest_8cpp.html" title="dev/cpp/landuseanalyst/src/tests/lamodeltest.cpp" alt="" coords="5107,231,5416,255">
