<area shape="rect" href="$lamainform_8h.html" title="dev/cpp/landuseanalyst/src/gui/lamainform.h" alt="" coords="763,81,1043,105">
<area shape="rect" href="$lamainform_8cpp.html" title="dev/cpp/landuseanalyst/src/gui/lamainform.cpp" alt="" coords="1415,230,1708,254">
<area shape="rect" href="$ladietlabels_8cpp.html" title="dev/cpp/landuseanalyst/src/lib/ladietlabels.cpp" alt="" coords="2143,81,2433,105">
<area shape="rect" href="$lamodel_8h.html" title="dev/cpp/landuseanalyst/src/lib/lamodel.h" alt="" coords="1812,81,2068,105">
<area shape="rect" href="$lamodel_8cpp.html" title="dev/cpp/landuseanalyst/src/lib/lamodel.cpp" alt="" coords="2265,156,2537,180">
<area shape="rect" href="$laanimalparametermanager_8cpp.html" title="dev/cpp/landuseanalyst/src/gui/laanimalparametermanager.cpp" alt="" coords="308,156,692,180">
<area shape="rect" href="$laassemblageconversion_8cpp.html" title="dev/cpp/landuseanalyst/src/gui/laassemblageconversion.cpp" alt="" coords="716,156,1089,180">
<area shape="rect" href="$lagrassprocess_8cpp.html" title="dev/cpp/landuseanalyst/src/gui/lagrassprocess.cpp" alt="" coords="1113,156,1431,180">
<area shape="rect" href="$lamodelreports_8h.html" title="dev/cpp/landuseanalyst/src/gui/lamodelreports.h" alt="" coords="1505,156,1807,180">
<area shape="rect" href="$main_8cpp.html" title="dev/cpp/landuseanalyst/src/gui/main.cpp" alt="" coords="25,156,284,180">
<area shape="rect" href="$lamodelreports_8cpp.html" title="dev/cpp/landuseanalyst/src/gui/lamodelreports.cpp" alt="" coords="1948,230,2263,254">
<area shape="rect" href="$lamodeltest_8cpp.html" title="dev/cpp/landuseanalyst/src/tests/lamodeltest.cpp" alt="" coords="1881,156,2191,180">
