<area shape="rect" href="$lamodel_8h.html" title="lamodel.h" alt="" coords="608,156,685,180">
<area shape="rect" href="$lautils_8h.html" title="lautils.h" alt="" coords="487,82,553,106">
<area shape="rect" href="$laserialisable_8h.html" title="laserialisable.h" alt="" coords="161,231,268,255">
<area shape="rect" href="$laguid_8h.html" title="laguid.h" alt="" coords="71,231,137,255">
<area shape="rect" href="$la_8h.html" title="la.h" alt="" coords="393,231,436,255">
<area shape="rect" href="$ladietlabels_8h.html" title="ladietlabels.h" alt="" coords="839,306,935,330">
<area shape="rect" href="$lafoodsource_8h.html" title="lafoodsource.h" alt="" coords="308,306,415,330">
<area shape="rect" href="$laanimal_8h.html" title="laanimal.h" alt="" coords="5,156,85,180">
<area shape="rect" href="$lacrop_8h.html" title="lacrop.h" alt="" coords="109,156,176,180">
<area shape="rect" href="$laanimalparameter_8h.html" title="laanimalparameter.h" alt="" coords="347,156,483,180">
<area shape="rect" href="$lacropparameter_8h.html" title="lacropparameter.h" alt="" coords="200,156,323,180">
