<area shape="rect" href="$lamodel_8h.html" title="lamodel.h" alt="" coords="301,230,379,254">
<area shape="rect" href="$lamainform_8h.html" title="lamainform.h" alt="" coords="419,81,515,105">
<area shape="rect" href="$laserialisable_8h.html" title="laserialisable.h" alt="" coords="672,305,779,329">
<area shape="rect" href="$laguid_8h.html" title="laguid.h" alt="" coords="853,305,920,329">
<area shape="rect" href="$la_8h.html" title="la.h" alt="" coords="555,305,597,329">
<area shape="rect" href="$ladietlabels_8h.html" title="ladietlabels.h" alt="" coords="5,305,101,329">
<area shape="rect" href="$lafoodsource_8h.html" title="lafoodsource.h" alt="" coords="741,380,848,404">
<area shape="rect" href="$lautils_8h.html" title="lautils.h" alt="" coords="504,156,571,180">
<area shape="rect" href="$laanimal_8h.html" title="laanimal.h" alt="" coords="843,230,923,254">
<area shape="rect" href="$laanimalparameter_8h.html" title="laanimalparameter.h" alt="" coords="947,230,1083,254">
<area shape="rect" href="$lacrop_8h.html" title="lacrop.h" alt="" coords="605,230,672,254">
<area shape="rect" href="$lacropparameter_8h.html" title="lacropparameter.h" alt="" coords="696,230,819,254">
