<area shape="rect" href="$r581Tag_2src_2lib_2laanimal_8h.html" title="laanimal.h" alt="" coords="421,81,501,105">
<area shape="rect" href="$r581Tag_2src_2lib_2lacrop_8h.html" title="lacrop.h" alt="" coords="171,81,237,105">
<area shape="rect" href="$r581Tag_2src_2lib_2laanimalparameter_8h.html" title="laanimalparameter.h" alt="" coords="261,81,397,105">
<area shape="rect" href="$r581Tag_2src_2lib_2lacropparameter_8h.html" title="lacropparameter.h" alt="" coords="525,81,648,105">
<area shape="rect" href="$r581Tag_2src_2lib_2lamodel_8h.html" title="lamodel.h" alt="" coords="875,156,952,180">
<area shape="rect" href="$r581Tag_2src_2lib_2laserialisable_8cpp.html" title="laserialisable.cpp" alt="" coords="723,81,843,105">
<area shape="rect" href="$r581Tag_2src_2lib_2laanimal_8cpp.html" title="laanimal.cpp" alt="" coords="672,230,765,254">
<area shape="rect" href="$r581Tag_2src_2lib_2lautils_8h.html" title="lautils.h" alt="" coords="427,156,493,180">
<area shape="rect" href="$r581Tag_2src_2lib_2lautils_8cpp.html" title="lautils.cpp" alt="" coords="285,230,365,254">
<area shape="rect" href="$r581Tag_2src_2lib_2laanimalparameter_8cpp.html" title="laanimalparameter.cpp" alt="" coords="109,230,261,254">
<area shape="rect" href="$r581Tag_2src_2lib_2lacrop_8cpp.html" title="lacrop.cpp" alt="" coords="5,230,85,254">
<area shape="rect" href="$r581Tag_2src_2lib_2lacropparameter_8cpp.html" title="lacropparameter.cpp" alt="" coords="789,230,928,254">
<area shape="rect" href="$r581Tag_2src_2lib_2lagrass_8cpp.html" title="lagrass.cpp" alt="" coords="389,230,477,254">
<area shape="rect" href="$r581Tag_2src_2lib_2lagrassprocesslib_8cpp.html" title="lagrassprocesslib.cpp" alt="" coords="501,230,648,254">
<area shape="rect" href="$r581Tag_2src_2lib_2lamodel_8cpp.html" title="lamodel.cpp" alt="" coords="952,230,1043,254">
