<area shape="rect" href="$src_2gui_2laanimalmanager_8h.html" title="laanimalmanager.h" alt="" coords="413,82,541,106">
<area shape="rect" href="$r581Tag_2src_2gui_2laanimalmanager_8h.html" title="laanimalmanager.h" alt="" coords="789,82,917,106">
<area shape="rect" href="$src608_2gui_2laanimalmanager_8h.html" title="laanimalmanager.h" alt="" coords="1016,82,1144,106">
<area shape="rect" href="$build_2src_2gui_2moc__laanimalmanager_8cxx.html" title="moc_laanimalmanager.cxx" alt="" coords="5,156,181,180">
<area shape="rect" href="$r581Tag_2src_2gui_2moc__laanimalmanager_8cxx.html" title="moc_laanimalmanager.cxx" alt="" coords="205,156,381,180">
<area shape="rect" href="$src_2gui_2laanimalmanager_8cpp.html" title="laanimalmanager.cpp" alt="" coords="405,156,549,180">
<area shape="rect" href="$src_2gui_2lamainform_8cpp.html" title="lamainform.cpp" alt="" coords="573,156,683,180">
<area shape="rect" href="$r581Tag_2src_2gui_2laanimalmanager_8cpp.html" title="laanimalmanager.cpp" alt="" coords="707,156,851,180">
<area shape="rect" href="$r581Tag_2src_2gui_2lamainform_8cpp.html" title="lamainform.cpp" alt="" coords="875,156,984,180">
<area shape="rect" href="$src608_2gui_2laanimalmanager_8cpp.html" title="laanimalmanager.cpp" alt="" coords="1008,156,1152,180">
<area shape="rect" href="$src608_2gui_2lamainform_8cpp.html" title="lamainform.cpp" alt="" coords="1176,156,1285,180">
