<area shape="rect" href="$r581Tag_2src_2lib_2laanimal_8h.html" title="laanimal.h" alt="" coords="5,156,85,180">
<area shape="rect" href="$r581Tag_2src_2lib_2lautils_8h.html" title="lautils.h" alt="" coords="355,82,421,106">
<area shape="rect" href="$r581Tag_2src_2lib_2laserialisable_8h.html" title="laserialisable.h" alt="" coords="224,231,331,255">
<area shape="rect" href="$r581Tag_2src_2lib_2laguid_8h.html" title="laguid.h" alt="" coords="133,231,200,255">
<area shape="rect" href="$r581Tag_2src_2lib_2lacrop_8h.html" title="lacrop.h" alt="" coords="341,156,408,180">
<area shape="rect" href="$r581Tag_2src_2lib_2la_8h.html" title="la.h" alt="" coords="431,231,473,255">
<area shape="rect" href="$r581Tag_2src_2lib_2laanimalparameter_8h.html" title="laanimalparameter.h" alt="" coords="432,156,568,180">
<area shape="rect" href="$r581Tag_2src_2lib_2lacropparameter_8h.html" title="lacropparameter.h" alt="" coords="195,156,317,180">
<area shape="rect" href="$src608_2lib_2lafoodsource_8h.html" title="lafoodsource.h" alt="" coords="319,306,425,330">
<area shape="rect" href="$r581Tag_2src_2lib_2lafoodsource_8h.html" title="lafoodsource.h" alt="" coords="497,231,604,255">
