<area shape="rect" href="$r581Tag_2src_2gui_2lamainform_8h.html" title="lamainform.h" alt="" coords="2059,156,2155,180">
<area shape="rect" href="$src608_2lib_2version_8h.html" title="version.h" alt="" coords="2955,81,3029,105">
<area shape="rect" href="$r581Tag_2src_2gui_2laanimalmanager_8h.html" title="laanimalmanager.h" alt="" coords="1624,156,1752,180">
<area shape="rect" href="$r581Tag_2src_2gui_2lacropmanager_8h.html" title="lacropmanager.h" alt="" coords="1776,156,1891,180">
<area shape="rect" href="$r581Tag_2src_2gui_2lacropparametermanager_8h.html" title="lacropparametermanager.h" alt="" coords="1216,156,1389,180">
<area shape="rect" href="$r581Tag_2src_2gui_2laanimalparametermanager_8h.html" title="laanimalparametermanager.h" alt="" coords="1413,156,1600,180">
<area shape="rect" href="$src608_2lib_2lamodel_8h.html" title="lamodel.h" alt="" coords="2575,156,2652,180">
<area shape="rect" href="$r581Tag_2src_2gui_2lamodelreports_8h.html" title="lamodelreports.h" alt="" coords="2555,81,2672,105">
<area shape="rect" href="$src608_2lib_2lagrass_8h.html" title="lagrass.h" alt="" coords="2552,380,2627,404">
<area shape="rect" href="$r581Tag_2src_2gui_2lagrassprocess_8h.html" title="lagrassprocess.h" alt="" coords="1915,156,2035,180">
<area shape="rect" href="$r581Tag_2src_2gui_2ui__lamainformbase_8h.html" title="ui_lamainformbase.h" alt="" coords="1341,230,1483,254">
<area shape="rect" href="$src608_2lib_2lautils_8h.html" title="lautils.h" alt="" coords="1709,230,1776,254">
<area shape="rect" href="$src608_2lib_2laanimal_8h.html" title="laanimal.h" alt="" coords="1615,305,1695,329">
<area shape="rect" href="$src608_2lib_2la_8h.html" title="la.h" alt="" coords="2148,380,2191,404">
<area shape="rect" href="$src608_2lib_2laanimalparameter_8h.html" title="laanimalparameter.h" alt="" coords="1719,305,1855,329">
<area shape="rect" href="$src608_2lib_2lacrop_8h.html" title="lacrop.h" alt="" coords="1524,305,1591,329">
<area shape="rect" href="$src608_2lib_2lacropparameter_8h.html" title="lacropparameter.h" alt="" coords="1929,305,2052,329">
<area shape="rect" href="$src608_2lib_2laserialisable_8h.html" title="laserialisable.h" alt="" coords="1847,380,1953,404">
<area shape="rect" href="$src608_2lib_2laguid_8h.html" title="laguid.h" alt="" coords="1756,380,1823,404">
<area shape="rect" href="$r581Tag_2src_2gui_2ui__laanimalmanagerbase_8h.html" title="ui_laanimalmanagerbase.h" alt="" coords="765,230,941,254">
<area shape="rect" href="$r581Tag_2src_2gui_2ui__lacropmanagerbase_8h.html" title="ui_lacropmanagerbase.h" alt="" coords="965,230,1128,254">
<area shape="rect" href="$r581Tag_2src_2gui_2ui__lacropparametermanagerbase_8h.html" title="ui_lacropparametermanagerbase.h" alt="" coords="163,230,381,254">
<area shape="rect" href="$r581Tag_2src_2gui_2ui__laanimalparametermanagerbase_8h.html" title="ui_laanimalparametermanagerbase.h" alt="" coords="509,230,741,254">
<area shape="rect" href="$src608_2gui_2lamainform_8h.html" title="lamainform.h" alt="" coords="2179,156,2275,180">
<area shape="rect" href="$r581Tag_2src_2gui_2ui__lagrassprocessbase_8h.html" title="ui_lagrassprocessbase.h" alt="" coords="1152,230,1317,254">
