<area shape="rect" href="$src_2gui_2laassemblageconversion_8h.html" title="laassemblageconversion.h" alt="" coords="508,82,684,106">
<area shape="rect" href="$r581Tag_2src_2gui_2laassemblageconversion_8h.html" title="laassemblageconversion.h" alt="" coords="1055,82,1231,106">
<area shape="rect" href="$src608_2gui_2laassemblageconversion_8h.html" title="laassemblageconversion.h" alt="" coords="1383,82,1559,106">
<area shape="rect" href="$build_2src_2gui_2moc__laassemblageconversion_8cxx.html" title="moc_laassemblageconversion.cxx" alt="" coords="5,156,227,180">
<area shape="rect" href="$r581Tag_2src_2gui_2moc__laassemblageconversion_8cxx.html" title="moc_laassemblageconversion.cxx" alt="" coords="251,156,472,180">
<area shape="rect" href="$src_2gui_2laanimalparametermanager_8cpp.html" title="laanimalparametermanager.cpp" alt="" coords="496,156,696,180">
<area shape="rect" href="$src_2gui_2laassemblageconversion_8cpp.html" title="laassemblageconversion.cpp" alt="" coords="720,156,909,180">
<area shape="rect" href="$r581Tag_2src_2gui_2laanimalparametermanager_8cpp.html" title="laanimalparametermanager.cpp" alt="" coords="933,156,1133,180">
<area shape="rect" href="$r581Tag_2src_2gui_2laassemblageconversion_8cpp.html" title="laassemblageconversion.cpp" alt="" coords="1157,156,1347,180">
<area shape="rect" href="$src608_2gui_2laanimalparametermanager_8cpp.html" title="laanimalparametermanager.cpp" alt="" coords="1371,156,1571,180">
<area shape="rect" href="$src608_2gui_2laassemblageconversion_8cpp.html" title="laassemblageconversion.cpp" alt="" coords="1595,156,1784,180">
