<area shape="rect" href="$src_2gui_2laanimalparametermanager_8h.html" title="laanimalparametermanager.h" alt="" coords="524,82,711,106">
<area shape="rect" href="$r581Tag_2src_2gui_2laanimalparametermanager_8h.html" title="laanimalparametermanager.h" alt="" coords="955,82,1141,106">
<area shape="rect" href="$src608_2gui_2laanimalparametermanager_8h.html" title="laanimalparametermanager.h" alt="" coords="1239,82,1425,106">
<area shape="rect" href="$build_2src_2gui_2moc__laanimalparametermanager_8cxx.html" title="moc_laanimalparametermanager.cxx" alt="" coords="5,156,237,180">
<area shape="rect" href="$r581Tag_2src_2gui_2moc__laanimalparametermanager_8cxx.html" title="moc_laanimalparametermanager.cxx" alt="" coords="261,156,493,180">
<area shape="rect" href="$src_2gui_2laanimalparametermanager_8cpp.html" title="laanimalparametermanager.cpp" alt="" coords="517,156,717,180">
<area shape="rect" href="$src_2gui_2lamainform_8cpp.html" title="lamainform.cpp" alt="" coords="741,156,851,180">
<area shape="rect" href="$r581Tag_2src_2gui_2laanimalparametermanager_8cpp.html" title="laanimalparametermanager.cpp" alt="" coords="875,156,1075,180">
<area shape="rect" href="$r581Tag_2src_2gui_2lamainform_8cpp.html" title="lamainform.cpp" alt="" coords="1099,156,1208,180">
<area shape="rect" href="$src608_2gui_2laanimalparametermanager_8cpp.html" title="laanimalparametermanager.cpp" alt="" coords="1232,156,1432,180">
<area shape="rect" href="$src608_2gui_2lamainform_8cpp.html" title="lamainform.cpp" alt="" coords="1456,156,1565,180">
