<area shape="rect" href="$src608_2lib_2lautils_8h.html" title="lautils.h" alt="" coords="331,82,397,106">
<area shape="rect" href="$src608_2lib_2laanimal_8h.html" title="laanimal.h" alt="" coords="509,156,589,180">
<area shape="rect" href="$src608_2lib_2la_8h.html" title="la.h" alt="" coords="264,231,307,255">
<area shape="rect" href="$src608_2lib_2lacrop_8h.html" title="lacrop.h" alt="" coords="613,156,680,180">
<area shape="rect" href="$src608_2lib_2laanimalparameter_8h.html" title="laanimalparameter.h" alt="" coords="67,156,203,180">
<area shape="rect" href="$src608_2lib_2lacropparameter_8h.html" title="lacropparameter.h" alt="" coords="363,156,485,180">
<area shape="rect" href="$src608_2lib_2laserialisable_8h.html" title="laserialisable.h" alt="" coords="472,231,579,255">
<area shape="rect" href="$src608_2lib_2laguid_8h.html" title="laguid.h" alt="" coords="381,231,448,255">
<area shape="rect" href="$src608_2lib_2lafoodsource_8h.html" title="lafoodsource.h" alt="" coords="139,306,245,330">
