<area shape="rect" href="$src608_2gui_2lamainform_8h.html" title="lamainform.h" alt="" coords="609,156,705,180">
<area shape="rect" href="$src608_2lib_2la_8h.html" title="la.h" alt="" coords="616,380,659,404">
<area shape="rect" href="$src608_2lib_2version_8h.html" title="version.h" alt="" coords="2197,81,2272,105">
<area shape="rect" href="$src608_2gui_2laanimalmanager_8h.html" title="laanimalmanager.h" alt="" coords="729,156,857,180">
<area shape="rect" href="$src608_2gui_2lacropmanager_8h.html" title="lacropmanager.h" alt="" coords="1025,156,1140,180">
<area shape="rect" href="$src608_2gui_2lacropparametermanager_8h.html" title="lacropparametermanager.h" alt="" coords="1947,156,2120,180">
<area shape="rect" href="$src608_2gui_2laanimalparametermanager_8h.html" title="laanimalparametermanager.h" alt="" coords="1472,156,1659,180">
<area shape="rect" href="$src608_2lib_2lamodel_8h.html" title="lamodel.h" alt="" coords="296,156,373,180">
<area shape="rect" href="$src608_2gui_2lamodelreports_8h.html" title="lamodelreports.h" alt="" coords="599,81,716,105">
<area shape="rect" href="$src608_2lib_2lagrass_8h.html" title="lagrass.h" alt="" coords="2603,380,2677,404">
<area shape="rect" href="$src608_2gui_2lagrassprocess_8h.html" title="lagrassprocess.h" alt="" coords="881,156,1001,180">
<area shape="rect" href="$r581Tag_2src_2gui_2ui__lamainformbase_8h.html" title="ui_lamainformbase.h" alt="" coords="1085,231,1227,255">
<area shape="rect" href="$src608_2lib_2lautils_8h.html" title="lautils.h" alt="" coords="843,231,909,255">
<area shape="rect" href="$src608_2lib_2laanimal_8h.html" title="laanimal.h" alt="" coords="675,305,755,329">
<area shape="rect" href="$src608_2lib_2laanimalparameter_8h.html" title="laanimalparameter.h" alt="" coords="829,305,965,329">
<area shape="rect" href="$src608_2lib_2lacrop_8h.html" title="lacrop.h" alt="" coords="989,305,1056,329">
<area shape="rect" href="$src608_2lib_2lacropparameter_8h.html" title="lacropparameter.h" alt="" coords="1080,305,1203,329">
<area shape="rect" href="$src608_2lib_2laserialisable_8h.html" title="laserialisable.h" alt="" coords="1067,380,1173,404">
<area shape="rect" href="$src608_2lib_2laguid_8h.html" title="laguid.h" alt="" coords="875,380,941,404">
<area shape="rect" href="$src608_2lib_2lafoodsource_8h.html" title="lafoodsource.h" alt="" coords="784,455,891,479">
<area shape="rect" href="$r581Tag_2src_2gui_2ui__laanimalmanagerbase_8h.html" title="ui_laanimalmanagerbase.h" alt="" coords="1251,231,1427,255">
<area shape="rect" href="$r581Tag_2src_2gui_2ui__lacropmanagerbase_8h.html" title="ui_lacropmanagerbase.h" alt="" coords="1640,231,1803,255">
<area shape="rect" href="$r581Tag_2src_2gui_2ui__lacropparametermanagerbase_8h.html" title="ui_lacropparametermanagerbase.h" alt="" coords="2187,231,2405,255">
<area shape="rect" href="$r581Tag_2src_2gui_2ui__laanimalparametermanagerbase_8h.html" title="ui_laanimalparametermanagerbase.h" alt="" coords="1931,231,2163,255">
<area shape="rect" href="$r581Tag_2src_2gui_2ui__lagrassprocessbase_8h.html" title="ui_lagrassprocessbase.h" alt="" coords="1451,231,1616,255">
