<area shape="rect" href="$r581Tag_2src_2gui_2ui__laanimalparametermanagerbase_8h.html" title="ui_laanimalparametermanagerbase.h" alt="" coords="1440,82,1672,106">
<area shape="rect" href="$src608_2lib_2laanimalparameter_8h.html" title="laanimalparameter.h" alt="" coords="3339,156,3475,180">
<area shape="rect" href="$src608_2lib_2lautils_8h.html" title="lautils.h" alt="" coords="3141,82,3208,106">
<area shape="rect" href="$src608_2lib_2laserialisable_8h.html" title="laserialisable.h" alt="" coords="3099,231,3205,255">
<area shape="rect" href="$src608_2lib_2laguid_8h.html" title="laguid.h" alt="" coords="3008,231,3075,255">
<area shape="rect" href="$src608_2lib_2la_8h.html" title="la.h" alt="" coords="3280,231,3323,255">
<area shape="rect" href="$src608_2lib_2lafoodsource_8h.html" title="lafoodsource.h" alt="" coords="3352,306,3459,330">
<area shape="rect" href="$src608_2lib_2laanimal_8h.html" title="laanimal.h" alt="" coords="3184,156,3264,180">
<area shape="rect" href="$src608_2lib_2lacrop_8h.html" title="lacrop.h" alt="" coords="3093,156,3160,180">
<area shape="rect" href="$src608_2lib_2lacropparameter_8h.html" title="lacropparameter.h" alt="" coords="2861,156,2984,180">
