<area shape="rect" href="$src608_2lib_2laanimal_8h.html" title="laanimal.h" alt="" coords="1673,82,1753,106">
<area shape="rect" href="$src608_2lib_2lacrop_8h.html" title="lacrop.h" alt="" coords="5105,82,5172,106">
<area shape="rect" href="$src608_2lib_2laanimalparameter_8h.html" title="laanimalparameter.h" alt="" coords="2625,82,2761,106">
<area shape="rect" href="$src608_2lib_2lacropparameter_8h.html" title="lacropparameter.h" alt="" coords="4164,82,4287,106">
<area shape="rect" href="$src608_2lib_2lamodel_8h.html" title="lamodel.h" alt="" coords="172,231,249,255">
<area shape="rect" href="$src608_2lib_2laserialisable_8cpp.html" title="laserialisable.cpp" alt="" coords="5196,82,5316,106">
<area shape="rect" href="$src_2gui_2laanimalmanager_8h.html" title="laanimalmanager.h" alt="" coords="2516,231,2644,255">
<area shape="rect" href="$src_2gui_2lamainform_8h.html" title="lamainform.h" alt="" coords="3020,231,3116,255">
<area shape="rect" href="$src_2gui_2laanimalparametermanager_8cpp.html" title="laanimalparametermanager.cpp" alt="" coords="2847,306,3047,330">
<area shape="rect" href="$src_2gui_2laassemblageconversion_8cpp.html" title="laassemblageconversion.cpp" alt="" coords="2633,306,2823,330">
<area shape="rect" href="$src_2gui_2lagrassprocess_8cpp.html" title="lagrassprocess.cpp" alt="" coords="4223,306,4356,330">
<area shape="rect" href="$r581Tag_2src_2gui_2laanimalmanager_8h.html" title="laanimalmanager.h" alt="" coords="273,231,401,255">
<area shape="rect" href="$r581Tag_2src_2gui_2laanimalparametermanager_8cpp.html" title="laanimalparametermanager.cpp" alt="" coords="1807,306,2007,330">
<area shape="rect" href="$r581Tag_2src_2gui_2lamainform_8h.html" title="lamainform.h" alt="" coords="1580,231,1676,255">
<area shape="rect" href="$r581Tag_2src_2gui_2laassemblageconversion_8cpp.html" title="laassemblageconversion.cpp" alt="" coords="1593,306,1783,330">
<area shape="rect" href="$r581Tag_2src_2gui_2lagrassprocess_8cpp.html" title="lagrassprocess.cpp" alt="" coords="3684,306,3817,330">
<area shape="rect" href="$src608_2gui_2laanimalmanager_8h.html" title="laanimalmanager.h" alt="" coords="748,231,876,255">
<area shape="rect" href="$src608_2gui_2laanimalparametermanager_8cpp.html" title="laanimalparametermanager.cpp" alt="" coords="1107,306,1307,330">
<area shape="rect" href="$src608_2gui_2lamainform_8h.html" title="lamainform.h" alt="" coords="476,231,572,255">
<area shape="rect" href="$src608_2gui_2laassemblageconversion_8cpp.html" title="laassemblageconversion.cpp" alt="" coords="856,306,1045,330">
<area shape="rect" href="$src608_2gui_2lagrassprocess_8cpp.html" title="lagrassprocess.cpp" alt="" coords="2184,306,2317,330">
<area shape="rect" href="$src608_2lib_2laanimal_8cpp.html" title="laanimal.cpp" alt="" coords="900,231,993,255">
<area shape="rect" href="$src608_2lib_2lautils_8h.html" title="lautils.h" alt="" coords="2761,156,2828,180">
<area shape="rect" href="$src608_2lib_2lautils_8cpp.html" title="lautils.cpp" alt="" coords="4255,231,4335,255">
<area shape="rect" href="$src_2gui_2lamainform_8cpp.html" title="lamainform.cpp" alt="" coords="3131,380,3240,404">
<area shape="rect" href="$r581Tag_2src_2gui_2lamainform_8cpp.html" title="lamainform.cpp" alt="" coords="1501,380,1611,404">
<area shape="rect" href="$r581Tag_2src_2gui_2lamodelreports_8h.html" title="lamodelreports.h" alt="" coords="236,306,353,330">
<area shape="rect" href="$src_2gui_2lamodelreports_8h.html" title="lamodelreports.h" alt="" coords="479,306,596,330">
<area shape="rect" href="$r581Tag_2src_2gui_2lamodelreports_8cpp.html" title="lamodelreports.cpp" alt="" coords="160,380,291,404">
<area shape="rect" href="$src_2gui_2lamodelreports_8cpp.html" title="lamodelreports.cpp" alt="" coords="5,380,136,404">
<area shape="rect" href="$src_2gui_2laanimalparametermanager_8h.html" title="laanimalparametermanager.h" alt="" coords="3140,231,3327,255">
<area shape="rect" href="$src_2gui_2laassemblageconversion_8h.html" title="laassemblageconversion.h" alt="" coords="2769,231,2945,255">
<area shape="rect" href="$src_2gui_2lacropmanager_8h.html" title="lacropmanager.h" alt="" coords="5577,231,5692,255">
<area shape="rect" href="$src_2gui_2lacropparametermanager_8h.html" title="lacropparametermanager.h" alt="" coords="4687,231,4860,255">
<area shape="rect" href="$src_2gui_2lacropparametermanager_8cpp.html" title="lacropparametermanager.cpp" alt="" coords="4549,306,4736,330">
<area shape="rect" href="$r581Tag_2src_2gui_2laanimalparametermanager_8h.html" title="laanimalparametermanager.h" alt="" coords="2001,231,2188,255">
<area shape="rect" href="$r581Tag_2src_2gui_2laassemblageconversion_8h.html" title="laassemblageconversion.h" alt="" coords="1801,231,1977,255">
<area shape="rect" href="$r581Tag_2src_2gui_2lacropmanager_8h.html" title="lacropmanager.h" alt="" coords="3599,231,3713,255">
<area shape="rect" href="$r581Tag_2src_2gui_2lacropparametermanager_8h.html" title="lacropparametermanager.h" alt="" coords="3401,231,3575,255">
<area shape="rect" href="$r581Tag_2src_2gui_2lacropparametermanager_8cpp.html" title="lacropparametermanager.cpp" alt="" coords="3841,306,4028,330">
<area shape="rect" href="$r581Tag_2src_2tests_2lamodeltest_8cpp.html" title="lamodeltest.cpp" alt="" coords="711,306,823,330">
<area shape="rect" href="$src608_2gui_2laanimalparametermanager_8h.html" title="laanimalparametermanager.h" alt="" coords="1319,231,1505,255">
<area shape="rect" href="$src608_2gui_2laassemblageconversion_8h.html" title="laassemblageconversion.h" alt="" coords="1119,231,1295,255">
<area shape="rect" href="$src608_2gui_2lacropmanager_8h.html" title="lacropmanager.h" alt="" coords="5081,231,5196,255">
<area shape="rect" href="$src608_2gui_2lacropparametermanager_8h.html" title="lacropparametermanager.h" alt="" coords="4884,231,5057,255">
<area shape="rect" href="$src608_2gui_2lacropparametermanager_8cpp.html" title="lacropparametermanager.cpp" alt="" coords="4877,306,5064,330">
<area shape="rect" href="$src608_2lib_2laanimalparameter_8cpp.html" title="laanimalparameter.cpp" alt="" coords="4359,231,4511,255">
<area shape="rect" href="$src608_2lib_2lacrop_8cpp.html" title="lacrop.cpp" alt="" coords="5220,231,5300,255">
<area shape="rect" href="$src608_2lib_2lacropparameter_8cpp.html" title="lacropparameter.cpp" alt="" coords="4092,231,4231,255">
