<area shape="rect" href="$src608_2gui_2laanimalparametermanager_8h.html" title="laanimalparametermanager.h" alt="" coords="1461,81,1648,105">
<area shape="rect" href="$src608_2lib_2la_8h.html" title="la.h" alt="" coords="2101,305,2144,329">
<area shape="rect" href="$src608_2lib_2lafoodsource_8h.html" title="lafoodsource.h" alt="" coords="1597,380,1704,404">
<area shape="rect" href="$src608_2lib_2lautils_8h.html" title="lautils.h" alt="" coords="2036,156,2103,180">
<area shape="rect" href="$src608_2lib_2laanimal_8h.html" title="laanimal.h" alt="" coords="2197,230,2277,254">
<area shape="rect" href="$src608_2gui_2lamainform_8h.html" title="lamainform.h" alt="" coords="2107,81,2203,105">
<area shape="rect" href="$src608_2lib_2lagrass_8h.html" title="lagrass.h" alt="" coords="2555,305,2629,329">
<area shape="rect" href="$src608_2gui_2laassemblageconversion_8h.html" title="laassemblageconversion.h" alt="" coords="1147,81,1323,105">
<area shape="rect" href="$r581Tag_2src_2gui_2ui__laanimalparametermanagerbase_8h.html" title="ui_laanimalparametermanagerbase.h" alt="" coords="888,156,1120,180">
<area shape="rect" href="$src608_2lib_2laanimalparameter_8h.html" title="laanimalparameter.h" alt="" coords="1664,230,1800,254">
<area shape="rect" href="$src608_2lib_2laserialisable_8h.html" title="laserialisable.h" alt="" coords="1779,305,1885,329">
<area shape="rect" href="$src608_2lib_2laguid_8h.html" title="laguid.h" alt="" coords="1960,305,2027,329">
<area shape="rect" href="$src608_2lib_2lacrop_8h.html" title="lacrop.h" alt="" coords="1971,230,2037,254">
<area shape="rect" href="$src608_2lib_2lacropparameter_8h.html" title="lacropparameter.h" alt="" coords="1824,230,1947,254">
<area shape="rect" href="$r581Tag_2src_2gui_2ui__lamainformbase_8h.html" title="ui_lamainformbase.h" alt="" coords="1235,156,1376,180">
<area shape="rect" href="$r581Tag_2src_2gui_2ui__laassemblageconversionbase_8h.html" title="ui_laassemblageconversionbase.h" alt="" coords="541,156,760,180">
