<area shape="rect" href="$src_2gui_2lagrassprocess_8h.html" title="lagrassprocess.h" alt="" coords="589,278,709,302">
<area shape="rect" href="$src_2gui_2lamainform_8cpp.html" title="lamainform.cpp" alt="" coords="1787,427,1896,451">
<area shape="rect" href="$src_2gui_2lamainform_8h.html" title="lamainform.h" alt="" coords="2067,278,2163,302">
<area shape="rect" href="$src_2gui_2laanimalparametermanager_8cpp.html" title="laanimalparametermanager.cpp" alt="" coords="1015,352,1215,376">
<area shape="rect" href="$src_2gui_2laassemblageconversion_8cpp.html" title="laassemblageconversion.cpp" alt="" coords="1340,352,1529,376">
<area shape="rect" href="$r581Tag_2src_2gui_2laanimalparametermanager_8cpp.html" title="laanimalparametermanager.cpp" alt="" coords="49,352,249,376">
<area shape="rect" href="$r581Tag_2src_2gui_2lamainform_8h.html" title="lamainform.h" alt="" coords="1221,278,1317,302">
<area shape="rect" href="$r581Tag_2src_2gui_2laassemblageconversion_8cpp.html" title="laassemblageconversion.cpp" alt="" coords="703,352,892,376">
<area shape="rect" href="$r581Tag_2src_2gui_2lagrassprocess_8h.html" title="lagrassprocess.h" alt="" coords="2643,278,2763,302">
<area shape="rect" href="$r581Tag_2src_2gui_2lamodelreports_8cpp.html" title="lamodelreports.cpp" alt="" coords="4008,427,4139,451">
<area shape="rect" href="$src_2gui_2lamodelreports_8cpp.html" title="lamodelreports.cpp" alt="" coords="3811,427,3941,451">
<area shape="rect" href="$src608_2gui_2laanimalparametermanager_8cpp.html" title="laanimalparametermanager.cpp" alt="" coords="1604,352,1804,376">
<area shape="rect" href="$src608_2gui_2lamainform_8h.html" title="lamainform.h" alt="" coords="3469,278,3565,302">
<area shape="rect" href="$src608_2gui_2laassemblageconversion_8cpp.html" title="laassemblageconversion.cpp" alt="" coords="2308,352,2497,376">
<area shape="rect" href="$src608_2gui_2lamainform_8cpp.html" title="lamainform.cpp" alt="" coords="4269,427,4379,451">
<area shape="rect" href="$src608_2gui_2lamodelreports_8cpp.html" title="lamodelreports.cpp" alt="" coords="4453,427,4584,451">
<area shape="rect" href="$src608_2gui_2lagrassprocess_8h.html" title="lagrassprocess.h" alt="" coords="4285,278,4405,302">
<area shape="rect" href="$src608_2lib_2laanimal_8h.html" title="laanimal.h" alt="" coords="1584,128,1664,152">
<area shape="rect" href="$src608_2lib_2lautils_8h.html" title="lautils.h" alt="" coords="2777,203,2844,227">
<area shape="rect" href="$src608_2lib_2laanimalparameter_8cpp.html" title="laanimalparameter.cpp" alt="" coords="3691,278,3843,302">
<area shape="rect" href="$src608_2lib_2lagrass_8cpp.html" title="lagrass.cpp" alt="" coords="4021,278,4109,302">
<area shape="rect" href="$src608_2lib_2lagrassprocesslib_8cpp.html" title="lagrassprocesslib.cpp" alt="" coords="4820,278,4967,302">
<area shape="rect" href="$src608_2lib_2lamodel_8cpp.html" title="lamodel.cpp" alt="" coords="4604,352,4695,376">
<area shape="rect" href="$src608_2lib_2lautils_8cpp.html" title="lautils.cpp" alt="" coords="3867,278,3947,302">
<area shape="rect" href="$src608_2lib_2lacrop_8h.html" title="lacrop.h" alt="" coords="3323,128,3389,152">
<area shape="rect" href="$src608_2lib_2laanimalparameter_8h.html" title="laanimalparameter.h" alt="" coords="2889,128,3025,152">
<area shape="rect" href="$src608_2lib_2lacropparameter_8h.html" title="lacropparameter.h" alt="" coords="3897,128,4020,152">
<area shape="rect" href="$src608_2lib_2lagrassprocesslib_8h.html" title="lagrassprocesslib.h" alt="" coords="4871,203,5004,227">
<area shape="rect" href="$src608_2lib_2lamodel_8h.html" title="lamodel.h" alt="" coords="4531,278,4608,302">
<area shape="rect" href="$build_2src_2gui_2moc__lagrassprocess_8cxx.html" title="moc_lagrassprocess.cxx" alt="" coords="273,352,439,376">
<area shape="rect" href="$r581Tag_2src_2gui_2moc__lagrassprocess_8cxx.html" title="moc_lagrassprocess.cxx" alt="" coords="463,352,628,376">
<area shape="rect" href="$src_2gui_2lagrassprocess_8cpp.html" title="lagrassprocess.cpp" alt="" coords="2572,352,2705,376">
<area shape="rect" href="$build_2src_2gui_2moc__lamainform_8cxx.html" title="moc_lamainform.cxx" alt="" coords="1879,352,2020,376">
<area shape="rect" href="$r581Tag_2src_2gui_2moc__lamainform_8cxx.html" title="moc_lamainform.cxx" alt="" coords="2044,352,2185,376">
<area shape="rect" href="$src_2gui_2main_8cpp.html" title="main.cpp" alt="" coords="2209,352,2284,376">
<area shape="rect" href="$r581Tag_2src_2gui_2lagrassprocess_8cpp.html" title="lagrassprocess.cpp" alt="" coords="2780,352,2913,376">
<area shape="rect" href="$r581Tag_2src_2gui_2lamainform_8cpp.html" title="lamainform.cpp" alt="" coords="2817,427,2927,451">
<area shape="rect" href="$r581Tag_2src_2gui_2main_8cpp.html" title="main.cpp" alt="" coords="916,352,991,376">
<area shape="rect" href="$r581Tag_2src_2gui_2lamodelreports_8h.html" title="lamodelreports.h" alt="" coords="3967,352,4084,376">
<area shape="rect" href="$src_2gui_2lamodelreports_8h.html" title="lamodelreports.h" alt="" coords="3775,352,3892,376">
<area shape="rect" href="$src608_2gui_2lagrassprocess_8cpp.html" title="lagrassprocess.cpp" alt="" coords="3567,352,3700,376">
<area shape="rect" href="$src608_2gui_2lamodelreports_8h.html" title="lamodelreports.h" alt="" coords="4412,352,4529,376">
<area shape="rect" href="$src608_2gui_2main_8cpp.html" title="main.cpp" alt="" coords="3417,352,3492,376">
<area shape="rect" href="$src_2gui_2laanimalmanager_8h.html" title="laanimalmanager.h" alt="" coords="1560,278,1688,302">
<area shape="rect" href="$r581Tag_2src_2gui_2laanimalmanager_8h.html" title="laanimalmanager.h" alt="" coords="1813,278,1941,302">
<area shape="rect" href="$src608_2gui_2laanimalmanager_8h.html" title="laanimalmanager.h" alt="" coords="2389,278,2517,302">
<area shape="rect" href="$src608_2lib_2laanimal_8cpp.html" title="laanimal.cpp" alt="" coords="1443,278,1536,302">
<area shape="rect" href="$src_2gui_2lacropmanager_8h.html" title="lacropmanager.h" alt="" coords="2939,278,3053,302">
<area shape="rect" href="$r581Tag_2src_2gui_2lacropmanager_8h.html" title="lacropmanager.h" alt="" coords="3179,278,3293,302">
