<area shape="rect" href="$src_2lib_2la_8h.html" title="la.h" alt="" coords="379,81,421,105">
<area shape="rect" href="$r581Tag_2src_2gui_2laanimalparametermanager_8cpp.html" title="laanimalparametermanager.cpp" alt="" coords="965,305,1165,329">
<area shape="rect" href="$r581Tag_2src_2gui_2laassemblageconversion_8cpp.html" title="laassemblageconversion.cpp" alt="" coords="1224,305,1413,329">
<area shape="rect" href="$r581Tag_2src_2lib_2la_8h.html" title="la.h" alt="" coords="3485,81,3528,105">
<area shape="rect" href="$src_2gui_2laanimalparametermanager_8cpp.html" title="laanimalparametermanager.cpp" alt="" coords="2341,305,2541,329">
<area shape="rect" href="$src_2gui_2laassemblageconversion_8cpp.html" title="laassemblageconversion.cpp" alt="" coords="1971,305,2160,329">
<area shape="rect" href="$src608_2gui_2laanimalparametermanager_8cpp.html" title="laanimalparametermanager.cpp" alt="" coords="1468,305,1668,329">
<area shape="rect" href="$src608_2gui_2laassemblageconversion_8cpp.html" title="laassemblageconversion.cpp" alt="" coords="1707,305,1896,329">
<area shape="rect" href="$src608_2lib_2la_8h.html" title="la.h" alt="" coords="2045,81,2088,105">
<area shape="rect" href="$src608_2lib_2laanimalparameter_8cpp.html" title="laanimalparameter.cpp" alt="" coords="2229,231,2381,255">
<area shape="rect" href="$src608_2lib_2laanimalparameter_8h.html" title="laanimalparameter.h" alt="" coords="2104,156,2240,180">
<area shape="rect" href="$src608_2lib_2lafoodsource_8cpp.html" title="lafoodsource.cpp" alt="" coords="3552,81,3672,105">
<area shape="rect" href="$src_2lib_2lagrassprocesslib_8h.html" title="lagrassprocesslib.h" alt="" coords="181,231,315,255">
<area shape="rect" href="$src_2lib_2lagrassprocesslib_8cpp.html" title="lagrassprocesslib.cpp" alt="" coords="279,305,425,329">
<area shape="rect" href="$src_2lib_2lamodel_8h.html" title="lamodel.h" alt="" coords="29,231,107,255">
<area shape="rect" href="$src_2lib_2lamodel_8cpp.html" title="lamodel.cpp" alt="" coords="23,305,113,329">
<area shape="rect" href="$src_2lib_2laanimal_8h.html" title="laanimal.h" alt="" coords="283,156,363,180">
<area shape="rect" href="$src_2lib_2lautils_8h.html" title="lautils.h" alt="" coords="449,231,516,255">
<area shape="rect" href="$src_2lib_2laanimalparameter_8cpp.html" title="laanimalparameter.cpp" alt="" coords="747,305,899,329">
<area shape="rect" href="$src_2lib_2lagrass_8cpp.html" title="lagrass.cpp" alt="" coords="152,305,240,329">
<area shape="rect" href="$src_2lib_2lautils_8cpp.html" title="lautils.cpp" alt="" coords="563,305,643,329">
<area shape="rect" href="$src_2lib_2lacrop_8h.html" title="lacrop.h" alt="" coords="795,156,861,180">
<area shape="rect" href="$src_2lib_2laanimalparameter_8h.html" title="laanimalparameter.h" alt="" coords="584,156,720,180">
<area shape="rect" href="$src_2lib_2lacropparameter_8h.html" title="lacropparameter.h" alt="" coords="437,156,560,180">
<area shape="rect" href="$r581Tag_2src_2lib_2lacrop_8h.html" title="lacrop.h" alt="" coords="3805,156,3872,180">
<area shape="rect" href="$r581Tag_2src_2lib_2lautils_8h.html" title="lautils.h" alt="" coords="3613,231,3680,255">
<area shape="rect" href="$r581Tag_2src_2lib_2laanimalparameter_8cpp.html" title="laanimalparameter.cpp" alt="" coords="3687,305,3839,329">
<area shape="rect" href="$r581Tag_2src_2lib_2lagrass_8cpp.html" title="lagrass.cpp" alt="" coords="3572,305,3660,329">
<area shape="rect" href="$r581Tag_2src_2lib_2lagrassprocesslib_8cpp.html" title="lagrassprocesslib.cpp" alt="" coords="3399,305,3545,329">
<area shape="rect" href="$r581Tag_2src_2lib_2lamodel_8cpp.html" title="lamodel.cpp" alt="" coords="3247,305,3337,329">
<area shape="rect" href="$r581Tag_2src_2lib_2lautils_8cpp.html" title="lautils.cpp" alt="" coords="3880,305,3960,329">
<area shape="rect" href="$r581Tag_2src_2lib_2laanimalparameter_8h.html" title="laanimalparameter.h" alt="" coords="3595,156,3731,180">
<area shape="rect" href="$r581Tag_2src_2lib_2lacropparameter_8h.html" title="lacropparameter.h" alt="" coords="3896,156,4019,180">
<area shape="rect" href="$r581Tag_2src_2lib_2lagrassprocesslib_8h.html" title="lagrassprocesslib.h" alt="" coords="3405,231,3539,255">
<area shape="rect" href="$r581Tag_2src_2lib_2lamodel_8h.html" title="lamodel.h" alt="" coords="3253,231,3331,255">
<area shape="rect" href="$src_2gui_2lagrassprocess_8h.html" title="lagrassprocess.h" alt="" coords="2864,231,2984,255">
<area shape="rect" href="$src_2gui_2lamainform_8cpp.html" title="lamainform.cpp" alt="" coords="2772,305,2881,329">
<area shape="rect" href="$src_2gui_2lamainform_8h.html" title="lamainform.h" alt="" coords="2096,231,2192,255">
<area shape="rect" href="$r581Tag_2src_2gui_2lamainform_8h.html" title="lamainform.h" alt="" coords="1291,231,1387,255">
<area shape="rect" href="$r581Tag_2src_2gui_2lagrassprocess_8h.html" title="lagrassprocess.h" alt="" coords="2405,156,2525,180">
<area shape="rect" href="$r581Tag_2src_2gui_2lamodelreports_8cpp.html" title="lamodelreports.cpp" alt="" coords="2549,156,2680,180">
<area shape="rect" href="$src_2gui_2lamodelreports_8cpp.html" title="lamodelreports.cpp" alt="" coords="1341,156,1472,180">
<area shape="rect" href="$src608_2gui_2lamainform_8h.html" title="lamainform.h" alt="" coords="1832,231,1928,255">
<area shape="rect" href="$src608_2gui_2lamainform_8cpp.html" title="lamainform.cpp" alt="" coords="2967,305,3076,329">
<area shape="rect" href="$src608_2gui_2lagrassprocess_8h.html" title="lagrassprocess.h" alt="" coords="3059,231,3179,255">
<area shape="rect" href="$src608_2gui_2lamodelreports_8cpp.html" title="lamodelreports.cpp" alt="" coords="1496,156,1627,180">
<area shape="rect" href="$src608_2lib_2laanimal_8h.html" title="laanimal.h" alt="" coords="1797,156,1877,180">
<area shape="rect" href="$src608_2lib_2lacrop_8h.html" title="lacrop.h" alt="" coords="2315,156,2381,180">
<area shape="rect" href="$src608_2lib_2lacropparameter_8h.html" title="lacropparameter.h" alt="" coords="1651,156,1773,180">
