<area shape="rect" href="$src_2gui_2laanimalmanager_8h.html" title="laanimalmanager.h" alt="" coords="721,168,849,192">
<area shape="rect" href="$src_2gui_2lamainform_8h.html" title="lamainform.h" alt="" coords="5204,168,5300,192">
<area shape="rect" href="$src_2gui_2laanimalparametermanager_8cpp.html" title="laanimalparametermanager.cpp" alt="" coords="3596,243,3796,267">
<area shape="rect" href="$src_2gui_2laassemblageconversion_8cpp.html" title="laassemblageconversion.cpp" alt="" coords="3820,243,4009,267">
<area shape="rect" href="$src_2gui_2lagrassprocess_8cpp.html" title="lagrassprocess.cpp" alt="" coords="4761,243,4895,267">
<area shape="rect" href="$r581Tag_2src_2gui_2laanimalmanager_8h.html" title="laanimalmanager.h" alt="" coords="3449,168,3577,192">
<area shape="rect" href="$r581Tag_2src_2gui_2laanimalparametermanager_8cpp.html" title="laanimalparametermanager.cpp" alt="" coords="4108,243,4308,267">
<area shape="rect" href="$r581Tag_2src_2gui_2lamainform_8h.html" title="lamainform.h" alt="" coords="4516,168,4612,192">
<area shape="rect" href="$r581Tag_2src_2gui_2laassemblageconversion_8cpp.html" title="laassemblageconversion.cpp" alt="" coords="4332,243,4521,267">
<area shape="rect" href="$r581Tag_2src_2gui_2lagrassprocess_8cpp.html" title="lagrassprocess.cpp" alt="" coords="2377,243,2511,267">
<area shape="rect" href="$src608_2gui_2laanimalmanager_8h.html" title="laanimalmanager.h" alt="" coords="1729,168,1857,192">
<area shape="rect" href="$src608_2gui_2laanimalparametermanager_8cpp.html" title="laanimalparametermanager.cpp" alt="" coords="1197,243,1397,267">
<area shape="rect" href="$src608_2gui_2lamainform_8h.html" title="lamainform.h" alt="" coords="1105,168,1201,192">
<area shape="rect" href="$src608_2gui_2laassemblageconversion_8cpp.html" title="laassemblageconversion.cpp" alt="" coords="1421,243,1611,267">
<area shape="rect" href="$src608_2gui_2lagrassprocess_8cpp.html" title="lagrassprocess.cpp" alt="" coords="1635,243,1768,267">
<area shape="rect" href="$src608_2lib_2laanimal_8cpp.html" title="laanimal.cpp" alt="" coords="4831,168,4924,192">
<area shape="rect" href="$src608_2lib_2lautils_8h.html" title="lautils.h" alt="" coords="3039,93,3105,117">
<area shape="rect" href="$src608_2lib_2lautils_8cpp.html" title="lautils.cpp" alt="" coords="4948,168,5028,192">
<area shape="rect" href="$build_2src_2gui_2moc__laanimalmanager_8cxx.html" title="moc_laanimalmanager.cxx" alt="" coords="205,243,381,267">
<area shape="rect" href="$r581Tag_2src_2gui_2moc__laanimalmanager_8cxx.html" title="moc_laanimalmanager.cxx" alt="" coords="5,243,181,267">
<area shape="rect" href="$src_2gui_2laanimalmanager_8cpp.html" title="laanimalmanager.cpp" alt="" coords="888,243,1032,267">
<area shape="rect" href="$src_2gui_2lamainform_8cpp.html" title="lamainform.cpp" alt="" coords="2225,317,2335,341">
<area shape="rect" href="$build_2src_2gui_2moc__lamainform_8cxx.html" title="moc_lamainform.cxx" alt="" coords="5016,243,5157,267">
<area shape="rect" href="$r581Tag_2src_2gui_2moc__lamainform_8cxx.html" title="moc_lamainform.cxx" alt="" coords="5181,243,5323,267">
<area shape="rect" href="$src_2gui_2main_8cpp.html" title="main.cpp" alt="" coords="5347,243,5421,267">
<area shape="rect" href="$r581Tag_2src_2gui_2laanimalmanager_8cpp.html" title="laanimalmanager.cpp" alt="" coords="3332,243,3476,267">
<area shape="rect" href="$r581Tag_2src_2gui_2lamainform_8cpp.html" title="lamainform.cpp" alt="" coords="3240,317,3349,341">
<area shape="rect" href="$r581Tag_2src_2gui_2main_8cpp.html" title="main.cpp" alt="" coords="4545,243,4620,267">
<area shape="rect" href="$src608_2gui_2laanimalmanager_8cpp.html" title="laanimalmanager.cpp" alt="" coords="1843,243,1987,267">
<area shape="rect" href="$src608_2gui_2lamainform_8cpp.html" title="lamainform.cpp" alt="" coords="505,317,615,341">
<area shape="rect" href="$r581Tag_2src_2gui_2lamodelreports_8h.html" title="lamodelreports.h" alt="" coords="648,243,765,267">
<area shape="rect" href="$src_2gui_2lamodelreports_8h.html" title="lamodelreports.h" alt="" coords="1056,243,1173,267">
<area shape="rect" href="$src608_2gui_2lamodelreports_8h.html" title="lamodelreports.h" alt="" coords="405,243,523,267">
<area shape="rect" href="$src608_2gui_2main_8cpp.html" title="main.cpp" alt="" coords="789,243,864,267">
<area shape="rect" href="$r581Tag_2src_2gui_2lamodelreports_8cpp.html" title="lamodelreports.cpp" alt="" coords="1300,317,1431,341">
<area shape="rect" href="$src_2gui_2laanimalparametermanager_8h.html" title="laanimalparametermanager.h" alt="" coords="2913,168,3100,192">
<area shape="rect" href="$src_2gui_2laassemblageconversion_8h.html" title="laassemblageconversion.h" alt="" coords="3652,168,3828,192">
<area shape="rect" href="$src_2gui_2lacropmanager_8h.html" title="lacropmanager.h" alt="" coords="1983,168,2097,192">
<area shape="rect" href="$src_2gui_2lacropmanager_8cpp.html" title="lacropmanager.cpp" alt="" coords="2112,243,2243,267">
<area shape="rect" href="$src_2gui_2lacropparametermanager_8h.html" title="lacropparametermanager.h" alt="" coords="2172,168,2345,192">
<area shape="rect" href="$src_2gui_2lagrassprocess_8h.html" title="lagrassprocess.h" alt="" coords="4636,168,4756,192">
<area shape="rect" href="$r581Tag_2src_2gui_2laanimalparametermanager_8h.html" title="laanimalparametermanager.h" alt="" coords="3953,168,4140,192">
<area shape="rect" href="$r581Tag_2src_2gui_2laassemblageconversion_8h.html" title="laassemblageconversion.h" alt="" coords="4265,168,4441,192">
<area shape="rect" href="$r581Tag_2src_2gui_2lacropmanager_8h.html" title="lacropmanager.h" alt="" coords="3311,168,3425,192">
<area shape="rect" href="$r581Tag_2src_2gui_2lacropmanager_8cpp.html" title="lacropmanager.cpp" alt="" coords="3099,243,3229,267">
<area shape="rect" href="$r581Tag_2src_2gui_2lacropparametermanager_8h.html" title="lacropparametermanager.h" alt="" coords="2665,168,2839,192">
<area shape="rect" href="$r581Tag_2src_2gui_2lacropparametermanager_8cpp.html" title="lacropparametermanager.cpp" alt="" coords="2617,243,2804,267">
<area shape="rect" href="$r581Tag_2src_2gui_2lagrassprocess_8h.html" title="lagrassprocess.h" alt="" coords="2471,168,2591,192">
<area shape="rect" href="$r581Tag_2src_2tests_2lamodeltest_8cpp.html" title="lamodeltest.cpp" alt="" coords="3175,168,3287,192">
