<area shape="rect" href="$r581Tag_2src_2gui_2ui__lacropmanagerbase_8h.html" title="ui_lacropmanagerbase.h" alt="" coords="1340,82,1503,106">
<area shape="rect" href="$src608_2lib_2lacrop_8h.html" title="lacrop.h" alt="" coords="2523,156,2589,180">
<area shape="rect" href="$src608_2lib_2lautils_8h.html" title="lautils.h" alt="" coords="2821,82,2888,106">
<area shape="rect" href="$src608_2lib_2laserialisable_8h.html" title="laserialisable.h" alt="" coords="2637,231,2744,255">
<area shape="rect" href="$src608_2lib_2laguid_8h.html" title="laguid.h" alt="" coords="2547,231,2613,255">
<area shape="rect" href="$src608_2lib_2la_8h.html" title="la.h" alt="" coords="2819,231,2861,255">
<area shape="rect" href="$src608_2lib_2lafoodsource_8h.html" title="lafoodsource.h" alt="" coords="2879,306,2985,330">
<area shape="rect" href="$src608_2lib_2laanimal_8h.html" title="laanimal.h" alt="" coords="2613,156,2693,180">
<area shape="rect" href="$src608_2lib_2laanimalparameter_8h.html" title="laanimalparameter.h" alt="" coords="2864,156,3000,180">
<area shape="rect" href="$src608_2lib_2lacropparameter_8h.html" title="lacropparameter.h" alt="" coords="2717,156,2840,180">
