<area shape="rect" href="$src_2lib_2lautils_8h.html" title="lautils.h" alt="" coords="373,82,440,106">
<area shape="rect" href="$src_2lib_2laanimal_8h.html" title="laanimal.h" alt="" coords="652,156,732,180">
<area shape="rect" href="$src_2lib_2la_8h.html" title="la.h" alt="" coords="273,231,316,255">
<area shape="rect" href="$src_2lib_2lacrop_8h.html" title="lacrop.h" alt="" coords="561,156,628,180">
<area shape="rect" href="$src_2lib_2laanimalparameter_8h.html" title="laanimalparameter.h" alt="" coords="119,156,255,180">
<area shape="rect" href="$src_2lib_2lacropparameter_8h.html" title="lacropparameter.h" alt="" coords="415,156,537,180">
<area shape="rect" href="$src_2lib_2laserialisable_8h.html" title="laserialisable.h" alt="" coords="524,231,631,255">
<area shape="rect" href="$src_2lib_2laguid_8h.html" title="laguid.h" alt="" coords="433,231,500,255">
<area shape="rect" href="$src608_2lib_2lafoodsource_8h.html" title="lafoodsource.h" alt="" coords="348,306,455,330">
<area shape="rect" href="$src_2lib_2lafoodsource_8h.html" title="lafoodsource.h" alt="" coords="43,231,149,255">
