<area shape="rect" href="$src_2lib_2lamodel_8h.html" title="lamodel.h" alt="" coords="744,156,821,180">
<area shape="rect" href="$src_2lib_2la_8h.html" title="la.h" alt="" coords="205,231,248,255">
<area shape="rect" href="$src_2lib_2lautils_8h.html" title="lautils.h" alt="" coords="373,82,440,106">
<area shape="rect" href="$src_2lib_2laserialisable_8h.html" title="laserialisable.h" alt="" coords="416,231,523,255">
<area shape="rect" href="$src_2lib_2laguid_8h.html" title="laguid.h" alt="" coords="275,231,341,255">
<area shape="rect" href="$src608_2lib_2lafoodsource_8h.html" title="lafoodsource.h" alt="" coords="173,306,280,330">
<area shape="rect" href="$src_2lib_2laanimal_8h.html" title="laanimal.h" alt="" coords="429,156,509,180">
<area shape="rect" href="$src_2lib_2lacrop_8h.html" title="lacrop.h" alt="" coords="192,156,259,180">
<area shape="rect" href="$src_2lib_2laanimalparameter_8h.html" title="laanimalparameter.h" alt="" coords="533,156,669,180">
<area shape="rect" href="$src_2lib_2lacropparameter_8h.html" title="lacropparameter.h" alt="" coords="283,156,405,180">
<area shape="rect" href="$src_2lib_2lafoodsource_8h.html" title="lafoodsource.h" alt="" coords="597,306,704,330">
