<area shape="rect" href="$src_2gui_2lacropparametermanager_8h.html" title="lacropparametermanager.h" alt="" coords="1876,82,2049,106">
<area shape="rect" href="$src608_2lib_2lautils_8h.html" title="lautils.h" alt="" coords="3185,156,3252,180">
<area shape="rect" href="$src608_2lib_2lacrop_8h.html" title="lacrop.h" alt="" coords="2928,231,2995,255">
<area shape="rect" href="$src608_2lib_2lagrass_8h.html" title="lagrass.h" alt="" coords="3520,306,3595,330">
<area shape="rect" href="$r581Tag_2src_2gui_2ui__lacropparametermanagerbase_8h.html" title="ui_lacropparametermanagerbase.h" alt="" coords="1588,156,1807,180">
<area shape="rect" href="$src608_2lib_2lacropparameter_8h.html" title="lacropparameter.h" alt="" coords="2781,231,2904,255">
<area shape="rect" href="$src608_2lib_2laserialisable_8h.html" title="laserialisable.h" alt="" coords="2923,306,3029,330">
<area shape="rect" href="$src608_2lib_2laguid_8h.html" title="laguid.h" alt="" coords="3053,306,3120,330">
<area shape="rect" href="$src608_2lib_2la_8h.html" title="la.h" alt="" coords="3195,306,3237,330">
<area shape="rect" href="$src608_2lib_2laanimal_8h.html" title="laanimal.h" alt="" coords="3179,231,3259,255">
<area shape="rect" href="$src608_2lib_2laanimalparameter_8h.html" title="laanimalparameter.h" alt="" coords="3019,231,3155,255">
